Archive member included because of file (symbol)

/usr/local/msp430/bin/../lib/gcc/msp430/4.7.2/../../../../msp430/lib/mmpy-16/libm.a(sf_sin.o)
                              build/sky/obj/mobility.o (sin)
/usr/local/msp430/bin/../lib/gcc/msp430/4.7.2/../../../../msp430/lib/mmpy-16/libm.a(kf_cos.o)
                              /usr/local/msp430/bin/../lib/gcc/msp430/4.7.2/../../../../msp430/lib/mmpy-16/libm.a(sf_sin.o) (__kernel_cosf)
/usr/local/msp430/bin/../lib/gcc/msp430/4.7.2/../../../../msp430/lib/mmpy-16/libm.a(ef_rem_pio2.o)
                              /usr/local/msp430/bin/../lib/gcc/msp430/4.7.2/../../../../msp430/lib/mmpy-16/libm.a(sf_sin.o) (__ieee754_rem_pio2f)
/usr/local/msp430/bin/../lib/gcc/msp430/4.7.2/../../../../msp430/lib/mmpy-16/libm.a(kf_rem_pio2.o)
                              /usr/local/msp430/bin/../lib/gcc/msp430/4.7.2/../../../../msp430/lib/mmpy-16/libm.a(ef_rem_pio2.o) (__kernel_rem_pio2f)
/usr/local/msp430/bin/../lib/gcc/msp430/4.7.2/../../../../msp430/lib/mmpy-16/libm.a(sf_cos.o)
                              build/sky/obj/mobility.o (cos)
/usr/local/msp430/bin/../lib/gcc/msp430/4.7.2/../../../../msp430/lib/mmpy-16/libm.a(kf_sin.o)
                              /usr/local/msp430/bin/../lib/gcc/msp430/4.7.2/../../../../msp430/lib/mmpy-16/libm.a(sf_sin.o) (__kernel_sinf)
/usr/local/msp430/bin/../lib/gcc/msp430/4.7.2/../../../../msp430/lib/mmpy-16/libm.a(sf_scalbn.o)
                              /usr/local/msp430/bin/../lib/gcc/msp430/4.7.2/../../../../msp430/lib/mmpy-16/libm.a(kf_rem_pio2.o) (scalbnf)
/usr/local/msp430/bin/../lib/gcc/msp430/4.7.2/../../../../msp430/lib/mmpy-16/libm.a(sf_floor.o)
                              /usr/local/msp430/bin/../lib/gcc/msp430/4.7.2/../../../../msp430/lib/mmpy-16/libm.a(kf_rem_pio2.o) (floorf)
/usr/local/msp430/bin/../lib/gcc/msp430/4.7.2/mmpy-16/libgcc.a(_mulsi3.o)
                              build/sky/obj/cfs-coffee.o (__mulsi3)
/usr/local/msp430/bin/../lib/gcc/msp430/4.7.2/mmpy-16/libgcc.a(_udivmod16.o)
                              build/sky/obj/cfs-coffee.o (__udivhi3)
/usr/local/msp430/bin/../lib/gcc/msp430/4.7.2/mmpy-16/libgcc.a(_divmod16.o)
                              build/sky/obj/link-stats.o (__divhi3)
/usr/local/msp430/bin/../lib/gcc/msp430/4.7.2/mmpy-16/libgcc.a(_udivmod32.o)
                              build/sky/obj/ifft.o (__udivsi3)
/usr/local/msp430/bin/../lib/gcc/msp430/4.7.2/mmpy-16/libgcc.a(_divmod32.o)
                              build/sky/obj/cfs-coffee.o (__divsi3)
/usr/local/msp430/bin/../lib/gcc/msp430/4.7.2/mmpy-16/libgcc.a(_addsub_sf.o)
                              build/sky/obj/d-seran.o (__addsf3)
/usr/local/msp430/bin/../lib/gcc/msp430/4.7.2/mmpy-16/libgcc.a(_mul_sf.o)
                              build/sky/obj/d-seran.o (__mulsf3)
/usr/local/msp430/bin/../lib/gcc/msp430/4.7.2/mmpy-16/libgcc.a(_eq_sf.o)
                              /usr/local/msp430/bin/../lib/gcc/msp430/4.7.2/../../../../msp430/lib/mmpy-16/libm.a(ef_rem_pio2.o) (__eqsf2)
/usr/local/msp430/bin/../lib/gcc/msp430/4.7.2/mmpy-16/libgcc.a(_gt_sf.o)
                              build/sky/obj/d-seran.o (__gtsf2)
/usr/local/msp430/bin/../lib/gcc/msp430/4.7.2/mmpy-16/libgcc.a(_ge_sf.o)
                              /usr/local/msp430/bin/../lib/gcc/msp430/4.7.2/../../../../msp430/lib/mmpy-16/libm.a(kf_rem_pio2.o) (__gesf2)
/usr/local/msp430/bin/../lib/gcc/msp430/4.7.2/mmpy-16/libgcc.a(_lt_sf.o)
                              build/sky/obj/d-seran.o (__ltsf2)
/usr/local/msp430/bin/../lib/gcc/msp430/4.7.2/mmpy-16/libgcc.a(_si_to_sf.o)
                              /usr/local/msp430/bin/../lib/gcc/msp430/4.7.2/../../../../msp430/lib/mmpy-16/libm.a(ef_rem_pio2.o) (__floatsisf)
/usr/local/msp430/bin/../lib/gcc/msp430/4.7.2/mmpy-16/libgcc.a(_sf_to_si.o)
                              /usr/local/msp430/bin/../lib/gcc/msp430/4.7.2/../../../../msp430/lib/mmpy-16/libm.a(kf_cos.o) (__fixsfsi)
/usr/local/msp430/bin/../lib/gcc/msp430/4.7.2/mmpy-16/libgcc.a(_thenan_sf.o)
                              /usr/local/msp430/bin/../lib/gcc/msp430/4.7.2/mmpy-16/libgcc.a(_addsub_sf.o) (__thenan_sf)
/usr/local/msp430/bin/../lib/gcc/msp430/4.7.2/mmpy-16/libgcc.a(_usi_to_sf.o)
                              build/sky/obj/d-seran.o (__floatunsisf)
/usr/local/msp430/bin/../lib/gcc/msp430/4.7.2/mmpy-16/libgcc.a(_clzsi2.o)
                              /usr/local/msp430/bin/../lib/gcc/msp430/4.7.2/mmpy-16/libgcc.a(_si_to_sf.o) (__clzsi2)
/usr/local/msp430/bin/../lib/gcc/msp430/4.7.2/mmpy-16/libgcc.a(_pack_sf.o)
                              /usr/local/msp430/bin/../lib/gcc/msp430/4.7.2/mmpy-16/libgcc.a(_addsub_sf.o) (__pack_f)
/usr/local/msp430/bin/../lib/gcc/msp430/4.7.2/mmpy-16/libgcc.a(_unpack_sf.o)
                              /usr/local/msp430/bin/../lib/gcc/msp430/4.7.2/mmpy-16/libgcc.a(_addsub_sf.o) (__unpack_f)
/usr/local/msp430/bin/../lib/gcc/msp430/4.7.2/mmpy-16/libgcc.a(_fpcmp_parts_sf.o)
[...]
Memory Configuration

Name             Origin             Length             Attributes
sfr              0x00000000         0x00000010
peripheral_8bit  0x00000010         0x000000f0
peripheral_16bit 0x00000100         0x00000100
ram_mirror       0x00000200         0x00000800         xw
infomem          0x00001000         0x00000100
infob            0x00001000         0x00000080
infoa            0x00001080         0x00000080
ram              0x00001100         0x00002800         xw
rom              0x00004000         0x0000bfe0         xr
vectors          0x0000ffe0         0x00000020
bsl              0x00000000         0x00000000
infoc            0x00000000         0x00000000
infod            0x00000000         0x00000000
ram2             0x00000000         0x00000000         xw
usbram           0x00000000         0x00000000         xw
far_rom          0x00000000         0x00000000
*default*        0x00000000         0xffffffff

Linker script and memory map

LOAD /usr/local/msp430/bin/../lib/gcc/msp430/4.7.2/mmpy-16/crt0ivtbl16.o
                0x0000379e                _stack = _end
LOAD build/sky/obj/aes-128.o
LOAD build/sky/obj/anti-replay.o
LOAD build/sky/obj/assert.o
LOAD build/sky/obj/atomic.o
LOAD build/sky/obj/autostart.o
LOAD build/sky/obj/battery-sensor.o
LOAD build/sky/obj/button-hal.o
LOAD build/sky/obj/button-sensor.o
LOAD build/sky/obj/cbor.o
LOAD build/sky/obj/cc2420-arch-sfd.o
LOAD build/sky/obj/cc2420-arch.o
LOAD build/sky/obj/cc2420-tsch-15ms.o
LOAD build/sky/obj/cc2420.o
LOAD build/sky/obj/ccm-star-packetbuf.o
LOAD build/sky/obj/ccm-star.o
LOAD build/sky/obj/cfs-coffee.o
LOAD build/sky/obj/circular-list.o
LOAD build/sky/obj/clock.o
LOAD build/sky/obj/compower.o
LOAD build/sky/obj/contiki-main.o
LOAD build/sky/obj/crc16.o
LOAD build/sky/obj/csma-output.o
LOAD build/sky/obj/csma-security.o
LOAD build/sky/obj/csma.o
LOAD build/sky/obj/csprng.o
LOAD build/sky/obj/ctimer.o
LOAD build/sky/obj/d-seran.o
LOAD build/sky/obj/dbl-circ-list.o
LOAD build/sky/obj/dbl-list.o
LOAD build/sky/obj/ds2411.o
LOAD build/sky/obj/energest.o
LOAD build/sky/obj/etimer.o
LOAD build/sky/obj/flash.o
LOAD build/sky/obj/frame802154.o
LOAD build/sky/obj/frame802154e-ie.o
LOAD build/sky/obj/framer-802154.o
LOAD build/sky/obj/gpio-hal.o
LOAD build/sky/obj/heapmem.o
LOAD build/sky/obj/hexconv.o
LOAD build/sky/obj/ifft.o
LOAD build/sky/obj/int-master.o
LOAD build/sky/obj/ip64-addr.o
LOAD build/sky/obj/iq-seeder.o
LOAD build/sky/obj/leds-arch.o
LOAD build/sky/obj/leds.o
LOAD build/sky/obj/light-sensor.o
LOAD build/sky/obj/link-stats.o
LOAD build/sky/obj/linkaddr.o
LOAD build/sky/obj/list.o
LOAD build/sky/obj/log.o
LOAD build/sky/obj/lpm.o
LOAD build/sky/obj/mac-sequence.o
LOAD build/sky/obj/memb.o
LOAD build/sky/obj/mobility.o
LOAD build/sky/obj/msp430.o
LOAD build/sky/obj/mutex.o
LOAD build/sky/obj/nbr-table.o
LOAD build/sky/obj/net-debug.o
LOAD build/sky/obj/netstack.o
LOAD build/sky/obj/node-id.o
LOAD build/sky/obj/nullframer.o
LOAD build/sky/obj/nullradio.o
LOAD build/sky/obj/packetbuf.o
LOAD build/sky/obj/platform.o
LOAD build/sky/obj/process.o
LOAD build/sky/obj/psock.o
LOAD build/sky/obj/queuebuf.o
LOAD build/sky/obj/random.o
LOAD build/sky/obj/ringbuf.o
LOAD build/sky/obj/ringbufindex.o
LOAD build/sky/obj/rpl-dag-root.o
LOAD build/sky/obj/rpl-dag.o
LOAD build/sky/obj/rpl-ext-header.o
LOAD build/sky/obj/rpl-icmp6.o
LOAD build/sky/obj/rpl-mrhof.o
LOAD build/sky/obj/rpl-nbr-policy.o
LOAD build/sky/obj/rpl-neighbor.o
LOAD build/sky/obj/rpl-of0.o
LOAD build/sky/obj/rpl-timers.o
LOAD build/sky/obj/rpl.o
LOAD build/sky/obj/rtimer-arch.o
LOAD build/sky/obj/rtimer.o
LOAD build/sky/obj/sensors.o
LOAD build/sky/obj/serial-line.o
LOAD build/sky/obj/sha-256.o
LOAD build/sky/obj/sht11-sensor.o
LOAD build/sky/obj/sht11.o
LOAD build/sky/obj/sicslowpan.o
LOAD build/sky/obj/simple-udp.o
LOAD build/sky/obj/sky-sensors.o
LOAD build/sky/obj/slip.o
LOAD build/sky/obj/slip_uart1.o
LOAD build/sky/obj/spi-legacy.o
LOAD build/sky/obj/spi.o
LOAD build/sky/obj/stack-check.o
LOAD build/sky/obj/stimer.o
LOAD build/sky/obj/tcp-socket.o
LOAD build/sky/obj/tcpip.o
LOAD build/sky/obj/timer.o
LOAD build/sky/obj/trickle-timer.o
LOAD build/sky/obj/uart-putchar.o
LOAD build/sky/obj/uart1.o
LOAD build/sky/obj/udp-socket.o
LOAD build/sky/obj/uip-ds6-nbr.o
LOAD build/sky/obj/uip-ds6-route.o
LOAD build/sky/obj/uip-ds6.o
LOAD build/sky/obj/uip-icmp6.o
LOAD build/sky/obj/uip-ipchksum.o
LOAD build/sky/obj/uip-nameserver.o
LOAD build/sky/obj/uip-nd6.o
LOAD build/sky/obj/uip-packetqueue.o
LOAD build/sky/obj/uip-sr.o
LOAD build/sky/obj/uip-udp-packet.o
LOAD build/sky/obj/uip6.o
LOAD build/sky/obj/uipbuf.o
LOAD build/sky/obj/uiplib.o
LOAD build/sky/obj/watchdog.o
LOAD build/sky/obj/xmem.o
LOAD /usr/local/msp430/bin/../lib/gcc/msp430/4.7.2/../../../../msp430/lib/mmpy-16/libm.a
LOAD /usr/local/msp430/bin/../lib/gcc/msp430/4.7.2/mmpy-16/libgcc.a
LOAD /usr/local/msp430/bin/../lib/gcc/msp430/4.7.2/../../../../msp430/lib/mmpy-16/libc.a
LOAD /usr/local/msp430/bin/../lib/gcc/msp430/4.7.2/mmpy-16/libgcc.a
LOAD /usr/local/msp430/bin/../lib/gcc/msp430/4.7.2/mmpy-16/libcrt0.a
                0x00000080                PROVIDE (__info_segment_size, 0x80)
                0x00001000                PROVIDE (__infob, 0x1000)
                0x00001080                PROVIDE (__infoa, 0x1080)
                0x00000000                __IE1 = 0x0
                0x00000002                __IFG1 = 0x2
                0x00000004                __ME1 = 0x4
                0x00000001                __IE2 = 0x1
                0x00000003                __IFG2 = 0x3
                0x00000005                __ME2 = 0x5
                0x00000120                __WDTCTL = 0x120
                0x00000130                __MPY = 0x130
                0x00000132                __MPYS = 0x132
                0x00000134                __MAC = 0x134
                0x00000136                __MACS = 0x136
                0x00000138                __OP2 = 0x138
                0x0000013a                __RESLO = 0x13a
                0x0000013c                __RESHI = 0x13c
                0x0000013e                __SUMEXT = 0x13e
                0x00000020                __P1IN = 0x20
                0x00000021                __P1OUT = 0x21
                0x00000022                __P1DIR = 0x22
                0x00000023                __P1IFG = 0x23
                0x00000024                __P1IES = 0x24
                0x00000025                __P1IE = 0x25
                0x00000026                __P1SEL = 0x26
                0x00000028                __P2IN = 0x28
                0x00000029                __P2OUT = 0x29
                0x0000002a                __P2DIR = 0x2a
                0x0000002b                __P2IFG = 0x2b
                0x0000002c                __P2IES = 0x2c
                0x0000002d                __P2IE = 0x2d
                0x0000002e                __P2SEL = 0x2e
                0x00000018                __P3IN = 0x18
                0x00000019                __P3OUT = 0x19
                0x0000001a                __P3DIR = 0x1a
                0x0000001b                __P3SEL = 0x1b
                0x0000001c                __P4IN = 0x1c
                0x0000001d                __P4OUT = 0x1d
                0x0000001e                __P4DIR = 0x1e
                0x0000001f                __P4SEL = 0x1f
                0x00000030                __P5IN = 0x30
                0x00000031                __P5OUT = 0x31
                0x00000032                __P5DIR = 0x32
                0x00000033                __P5SEL = 0x33
                0x00000034                __P6IN = 0x34
                0x00000035                __P6OUT = 0x35
                0x00000036                __P6DIR = 0x36
                0x00000037                __P6SEL = 0x37
                0x00000070                __U0CTL = 0x70
                0x00000071                __U0TCTL = 0x71
                0x00000072                __U0RCTL = 0x72
                0x00000073                __U0MCTL = 0x73
                0x00000074                __U0BR0 = 0x74
                0x00000075                __U0BR1 = 0x75
                0x00000076                __U0RXBUF = 0x76
                0x00000077                __U0TXBUF = 0x77
                0x00000078                __U1CTL = 0x78
                0x00000079                __U1TCTL = 0x79
                0x0000007a                __U1RCTL = 0x7a
                0x0000007b                __U1MCTL = 0x7b
                0x0000007c                __U1BR0 = 0x7c
                0x0000007d                __U1BR1 = 0x7d
                0x0000007e                __U1RXBUF = 0x7e
                0x0000007f                __U1TXBUF = 0x7f
                0x00000050                __I2CIE = 0x50
                0x00000051                __I2CIFG = 0x51
                0x00000052                __I2CNDAT = 0x52
                0x00000071                __I2CTCTL = 0x71
                0x00000072                __I2CDCTL = 0x72
                0x00000073                __I2CPSC = 0x73
                0x00000074                __I2CSCLH = 0x74
                0x00000075                __I2CSCLL = 0x75
                0x00000076                __I2CDRB = 0x76
                0x00000076                __I2CDRW = 0x76
                0x00000118                __I2COA = 0x118
                0x0000011a                __I2CSA = 0x11a
                0x0000011c                __I2CIV = 0x11c
                0x0000012e                __TAIV = 0x12e
                0x00000160                __TACTL = 0x160
                0x00000162                __TACCTL0 = 0x162
                0x00000164                __TACCTL1 = 0x164
                0x00000166                __TACCTL2 = 0x166
                0x00000170                __TAR = 0x170
                0x00000172                __TACCR0 = 0x172
                0x00000174                __TACCR1 = 0x174
                0x00000176                __TACCR2 = 0x176
                0x0000011e                __TBIV = 0x11e
                0x00000180                __TBCTL = 0x180
                0x00000182                __TBCCTL0 = 0x182
                0x00000184                __TBCCTL1 = 0x184
                0x00000186                __TBCCTL2 = 0x186
                0x00000188                __TBCCTL3 = 0x188
                0x0000018a                __TBCCTL4 = 0x18a
                0x0000018c                __TBCCTL5 = 0x18c
                0x0000018e                __TBCCTL6 = 0x18e
                0x00000190                __TBR = 0x190
                0x00000192                __TBCCR0 = 0x192
                0x00000194                __TBCCR1 = 0x194
                0x00000196                __TBCCR2 = 0x196
                0x00000198                __TBCCR3 = 0x198
                0x0000019a                __TBCCR4 = 0x19a
                0x0000019c                __TBCCR5 = 0x19c
                0x0000019e                __TBCCR6 = 0x19e
                0x00000056                __DCOCTL = 0x56
                0x00000057                __BCSCTL1 = 0x57
                0x00000058                __BCSCTL2 = 0x58
                0x00000055                __SVSCTL = 0x55
                0x00000128                __FCTL1 = 0x128
                0x0000012a                __FCTL2 = 0x12a
                0x0000012c                __FCTL3 = 0x12c
                0x00000059                __CACTL1 = 0x59
                0x0000005a                __CACTL2 = 0x5a
                0x0000005b                __CAPD = 0x5b
                0x000001a0                __ADC12CTL0 = 0x1a0
                0x000001a2                __ADC12CTL1 = 0x1a2
                0x000001a4                __ADC12IFG = 0x1a4
                0x000001a6                __ADC12IE = 0x1a6
                0x000001a8                __ADC12IV = 0x1a8
                0x00000140                __ADC12MEM0 = 0x140
                0x00000142                __ADC12MEM1 = 0x142
                0x00000144                __ADC12MEM2 = 0x144
                0x00000146                __ADC12MEM3 = 0x146
                0x00000148                __ADC12MEM4 = 0x148
                0x0000014a                __ADC12MEM5 = 0x14a
                0x0000014c                __ADC12MEM6 = 0x14c
                0x0000014e                __ADC12MEM7 = 0x14e
                0x00000150                __ADC12MEM8 = 0x150
                0x00000152                __ADC12MEM9 = 0x152
                0x00000154                __ADC12MEM10 = 0x154
                0x00000156                __ADC12MEM11 = 0x156
                0x00000158                __ADC12MEM12 = 0x158
                0x0000015a                __ADC12MEM13 = 0x15a
                0x0000015c                __ADC12MEM14 = 0x15c
                0x0000015e                __ADC12MEM15 = 0x15e
                0x00000080                __ADC12MCTL0 = 0x80
                0x00000081                __ADC12MCTL1 = 0x81
                0x00000082                __ADC12MCTL2 = 0x82
                0x00000083                __ADC12MCTL3 = 0x83
                0x00000084                __ADC12MCTL4 = 0x84
                0x00000085                __ADC12MCTL5 = 0x85
                0x00000086                __ADC12MCTL6 = 0x86
                0x00000087                __ADC12MCTL7 = 0x87
                0x00000088                __ADC12MCTL8 = 0x88
                0x00000089                __ADC12MCTL9 = 0x89
                0x0000008a                __ADC12MCTL10 = 0x8a
                0x0000008b                __ADC12MCTL11 = 0x8b
                0x0000008c                __ADC12MCTL12 = 0x8c
                0x0000008d                __ADC12MCTL13 = 0x8d
                0x0000008e                __ADC12MCTL14 = 0x8e
                0x0000008f                __ADC12MCTL15 = 0x8f
                0x000001c0                __DAC12_0CTL = 0x1c0
                0x000001c2                __DAC12_1CTL = 0x1c2
                0x000001c8                __DAC12_0DAT = 0x1c8
                0x000001ca                __DAC12_1DAT = 0x1ca
                0x00000122                __DMACTL0 = 0x122
                0x00000124                __DMACTL1 = 0x124
                0x000001e0                __DMA0CTL = 0x1e0
                0x000001e8                __DMA1CTL = 0x1e8
                0x000001f0                __DMA2CTL = 0x1f0
                0x000001e2                __DMA0SA = 0x1e2
                0x000001e4                __DMA0DA = 0x1e4
                0x000001e6                __DMA0SZ = 0x1e6
                0x000001ea                __DMA1SA = 0x1ea
                0x000001ec                __DMA1DA = 0x1ec
                0x000001ee                __DMA1SZ = 0x1ee
                0x000001f2                __DMA2SA = 0x1f2
                0x000001f4                __DMA2DA = 0x1f4
                0x000001f6                __DMA2SZ = 0x1f6

.hash
 *(SORT(.hash))

.dynsym
 *(SORT(.dynsym))

.dynstr
 *(SORT(.dynstr))

.gnu.version
 *(SORT(.gnu.version))

.gnu.version_d
 *(SORT(.gnu.version_d))

.gnu.version_r
 *(SORT(.gnu.version_r))

.rel.init
 *(SORT(.rel.init))

.rela.init
 *(SORT(.rela.init))

.rel.fini
 *(SORT(.rel.fini))

.rela.fini
 *(SORT(.rela.fini))

.rel.text
 *(SORT(.rel.text) SORT(.rel.text.*) SORT(.rel.gnu.linkonce.t.*))

.rela.text
 *(SORT(.rela.text) SORT(.rela.text.*) SORT(.rela.gnu.linkonce.t.*))

.rel.rodata
 *(SORT(.rel.rodata) SORT(.rel.rodata.*) SORT(.rel.gnu.linkonce.r.*))

.rela.rodata
 *(SORT(.rela.rodata) SORT(.rela.rodata.*) SORT(.rela.gnu.linkonce.r.*))

.rel.data
 *(SORT(.rel.data) SORT(.rel.data.*) SORT(.rel.gnu.linkonce.d.*))

.rela.data
 *(SORT(.rela.data) SORT(.rela.data.*) SORT(.rela.gnu.linkonce.d.*))

.rel.bss
 *(SORT(.rel.bss) SORT(.rel.bss.*) SORT(.rel.gnu.linkonce.b.*))

.rela.bss
 *(SORT(.rela.bss) SORT(.rela.bss.*) SORT(.rela.gnu.linkonce.b.*))

.rel.ctors
 *(SORT(.rel.ctors))

.rela.ctors
 *(SORT(.rela.ctors))

.rel.dtors
 *(SORT(.rel.dtors))

.rela.dtors
 *(SORT(.rela.dtors))

.rel.got
 *(SORT(.rel.got))

.rela.got
 *(SORT(.rela.got))

.rel.plt
 *(SORT(.rel.plt))

.rela.plt
 *(SORT(.rela.plt))

.text           0x00004000     0xc950
                0x00004000                . = ALIGN (0x2)
 *(SORT(.init) SORT(.init.*))
 *(SORT(.init0))
 .init0         0x00004000        0x0 /usr/local/msp430/bin/../lib/gcc/msp430/4.7.2/mmpy-16/libcrt0.a(_reset_vector__.o)
                0x00004000                _reset_vector__
 *(SORT(.init1))
 .init1         0x00004000        0xc /usr/local/msp430/bin/../lib/gcc/msp430/4.7.2/mmpy-16/libcrt0.a(__watchdog_support.o)
                0x00004000                __watchdog_support
 *(SORT(.init2))
 .init2         0x0000400c        0x4 /usr/local/msp430/bin/../lib/gcc/msp430/4.7.2/mmpy-16/libcrt0.a(__init_stack.o)
                0x0000400c                __init_stack
 *(SORT(.init3))
 .init3         0x00004010        0x0 /usr/local/msp430/bin/../lib/gcc/msp430/4.7.2/mmpy-16/libcrt0.a(__low_level_init.o)
                0x00004010                __low_level_init
 *(SORT(.init4))
 .init4         0x00004010       0x18 /usr/local/msp430/bin/../lib/gcc/msp430/4.7.2/mmpy-16/libcrt0.a(_copy_data.o)
                0x00004010                __do_copy_data
 .init4         0x00004028       0x16 /usr/local/msp430/bin/../lib/gcc/msp430/4.7.2/mmpy-16/libcrt0.a(_clear_bss.o)
                0x00004028                __do_clear_bss
 *(SORT(.init5))
 *(SORT(.init6))
 *(SORT(.init7))
 *(SORT(.init8))
 *(SORT(.init9))
 .init9         0x0000403e      0x23c build/sky/obj/contiki-main.o
                0x0000403e                main
 *(SORT(.fini9))
 .fini9         0x0000427a        0x0 /usr/local/msp430/bin/../lib/gcc/msp430/4.7.2/mmpy-16/libcrt0.a(__stop_progExec__.o)
                0x0000427a                __stop_progExec__
 *(SORT(.fini8))
 *(SORT(.fini7))
 *(SORT(.fini6))
 *(SORT(.fini5))
 *(SORT(.fini4))
 *(SORT(.fini3))
 *(SORT(.fini2))
 *(SORT(.fini1))
 *(SORT(.fini0))
 .fini0         0x0000427a        0x6 /usr/local/msp430/bin/../lib/gcc/msp430/4.7.2/mmpy-16/libcrt0.a(_endless_loop__.o)
                0x0000427a                _endless_loop__
 *(SORT(.fini) SORT(.fini.*))
                0x00004280                . = ALIGN (0x2)
                0x00004280                __ctors_start = .
 *(SORT(.ctors))
                0x00004280                __ctors_end = .
                0x00004280                __dtors_start = .
 *(SORT(.dtors))
                0x00004280                __dtors_end = .
                0x00004280                . = ALIGN (0x2)
 *(SORT(.text) SORT(.text.*) SORT(.gnu.linkonce.t.*))
 .text          0x00004280        0x4 /usr/local/msp430/bin/../lib/gcc/msp430/4.7.2/mmpy-16/crt0ivtbl16.o
                0x00004280                __isr_14
                0x00004280                __isr_4
                0x00004280                __isr_11
                0x00004280                __isr_5
                0x00004280                __isr_2
                0x00004280                __isr_10
                0x00004280                __isr_7
                0x00004280                __isr_0
                0x00004280                __isr_8
                0x00004280                __isr_3
                0x00004280                __isr_12
                0x00004280                __isr_13
                0x00004280                __isr_9
                0x00004280                __isr_6
                0x00004280                __isr_1
 .text.autostart_start
                0x00004284       0x16 build/sky/obj/autostart.o
                0x00004284                autostart_start
 .text.status   0x0000429a       0x18 build/sky/obj/button-sensor.o
 .text.value    0x000042b2       0x1a build/sky/obj/button-sensor.o
 .text.configure
                0x000042cc       0x4c build/sky/obj/button-sensor.o
 .text.cc2420_arch_init
                0x00004318       0x1a build/sky/obj/cc2420-arch.o
                0x00004318                cc2420_arch_init
 .text.get_object
                0x00004332        0x4 build/sky/obj/cc2420.o
 .text.set_object
                0x00004336        0x4 build/sky/obj/cc2420.o
 .text.strobe   0x0000433a       0x1c build/sky/obj/cc2420.o
 .text.getreg   0x00004356       0x4c build/sky/obj/cc2420.o
 .text.setreg   0x000043a2       0x4c build/sky/obj/cc2420.o
 .text.write_ram
                0x000043ee       0x7c build/sky/obj/cc2420.o
 .text.write_fifo_buf
                0x0000446a       0x3c build/sky/obj/cc2420.o
 .text.get_status
                0x000044a6       0x20 build/sky/obj/cc2420.o
 .text.cc2420_receiving_packet
                0x000044c6        0xc build/sky/obj/cc2420.o
 .text.pending_packet
                0x000044d2        0x8 build/sky/obj/cc2420.o
 .text.wait_for_transmission
                0x000044da       0x22 build/sky/obj/cc2420.o
 .text.wait_for_status
                0x000044fc       0x28 build/sky/obj/cc2420.o
 .text.getrxdata
                0x00004524       0x50 build/sky/obj/cc2420.o
 .text.flushrx  0x00004574       0x1a build/sky/obj/cc2420.o
 .text.energest_on
                0x0000458e       0x28 build/sky/obj/cc2420.o
 .text.on       0x000045b6       0x20 build/sky/obj/cc2420.o
 .text.energest_off
                0x000045d6       0x9c build/sky/obj/cc2420.o
 .text.off      0x00004672       0x2e build/sky/obj/cc2420.o
 .text.RELEASE_LOCK
                0x000046a0       0x28 build/sky/obj/cc2420.o
 .text.set_key  0x000046c8       0x18 build/sky/obj/cc2420.o
 .text.set_frame_filtering
                0x000046e0       0x30 build/sky/obj/cc2420.o
 .text.set_auto_ack
                0x00004710       0x30 build/sky/obj/cc2420.o
 .text.set_poll_mode
                0x00004740       0x2c build/sky/obj/cc2420.o
 .text.cc2420_prepare
                0x0000476c       0x46 build/sky/obj/cc2420.o
 .text.cc2420_on
                0x000047b2       0x22 build/sky/obj/cc2420.o
                0x000047b2                cc2420_on
 .text.cc2420_transmit
                0x000047d4       0x8a build/sky/obj/cc2420.o
 .text.cc2420_send
                0x0000485e       0x12 build/sky/obj/cc2420.o
 .text.cc2420_off
                0x00004870       0x30 build/sky/obj/cc2420.o
                0x00004870                cc2420_off
 .text.cc2420_cca
                0x000048a0       0x68 build/sky/obj/cc2420.o
 .text.cc2420_read
                0x00004908       0xbe build/sky/obj/cc2420.o
 .text.process_thread_cc2420_process
                0x000049c6       0x56 build/sky/obj/cc2420.o
 .text.encrypt  0x00004a1c       0x88 build/sky/obj/cc2420.o
 .text.cc2420_set_channel
                0x00004aa4       0x3c build/sky/obj/cc2420.o
                0x00004aa4                cc2420_set_channel
 .text.cc2420_set_pan_addr
                0x00004ae0       0x4c build/sky/obj/cc2420.o
                0x00004ae0                cc2420_set_pan_addr
 .text.cc2420_set_txpower
                0x00004b2c       0x2c build/sky/obj/cc2420.o
                0x00004b2c                cc2420_set_txpower
 .text.cc2420_get_txpower
                0x00004b58       0x1e build/sky/obj/cc2420.o
                0x00004b58                cc2420_get_txpower
 .text.cc2420_rssi
                0x00004b76       0x4c build/sky/obj/cc2420.o
                0x00004b76                cc2420_rssi
 .text.get_value
                0x00004bc2      0x11e build/sky/obj/cc2420.o
 .text.cc2420_set_cca_threshold
                0x00004ce0       0x16 build/sky/obj/cc2420.o
                0x00004ce0                cc2420_set_cca_threshold
 .text.set_value
                0x00004cf6      0x150 build/sky/obj/cc2420.o
 .text.cc2420_init
                0x00004e46       0xea build/sky/obj/cc2420.o
                0x00004e46                cc2420_init
 .text.clock_time
                0x00004f30       0x1a build/sky/obj/clock.o
                0x00004f30                clock_time
 .text.clock_init
                0x00004f4a       0x22 build/sky/obj/clock.o
                0x00004f4a                clock_init
 .text.clock_delay
                0x00004f6c        0xc build/sky/obj/clock.o
                0x00004f6c                clock_delay
 .text.clock_seconds
                0x00004f78       0x1a build/sky/obj/clock.o
                0x00004f78                clock_seconds
 .text.schedule_transmission
                0x00004f92       0x74 build/sky/obj/csma-output.o
 .text.tx_done  0x00005006       0x98 build/sky/obj/csma-output.o
 .text.transmit_from_queue
                0x0000509e      0x210 build/sky/obj/csma-output.o
 .text.csma_output_packet
                0x000052ae      0x1f2 build/sky/obj/csma-output.o
                0x000052ae                csma_output_packet
 .text.csma_output_init
                0x000054a0       0x1a build/sky/obj/csma-output.o
                0x000054a0                csma_output_init
 .text.on       0x000054ba        0x6 build/sky/obj/csma.o
 .text.off      0x000054c0        0x6 build/sky/obj/csma.o
 .text.send_packet
                0x000054c6        0x6 build/sky/obj/csma.o
 .text.max_payload
                0x000054cc       0x5c build/sky/obj/csma.o
 .text.input_packet
                0x00005528      0x110 build/sky/obj/csma.o
 .text.init     0x00005638       0x44 build/sky/obj/csma.o
 .text.process_thread_ctimer_process
                0x0000567c       0x9a build/sky/obj/ctimer.o
 .text.ctimer_init
                0x00005716       0x10 build/sky/obj/ctimer.o
                0x00005716                ctimer_init
 .text.ctimer_set_with_process
                0x00005726       0x4e build/sky/obj/ctimer.o
                0x00005726                ctimer_set_with_process
 .text.ctimer_reset
                0x00005774       0x30 build/sky/obj/ctimer.o
                0x00005774                ctimer_reset
 .text.ctimer_stop
                0x000057a4       0x28 build/sky/obj/ctimer.o
                0x000057a4                ctimer_stop
 .text.ctimer_expired
                0x000057cc       0x20 build/sky/obj/ctimer.o
                0x000057cc                ctimer_expired
 .text.process_thread_d_seran_process
                0x000057ec      0x310 build/sky/obj/d-seran.o
 .text.udp_rx_callback
                0x00005afc      0x1b4 build/sky/obj/d-seran.o
 .text.owreadb  0x00005cb0       0x50 build/sky/obj/ds2411.o
 .text.ds2411_init
                0x00005d00      0x120 build/sky/obj/ds2411.o
                0x00005d00                ds2411_init
 .text.energest_init
                0x00005e20       0x40 build/sky/obj/energest.o
                0x00005e20                energest_init
 .text.update_time
                0x00005e60       0x78 build/sky/obj/etimer.o
 .text.etimer_request_poll
                0x00005ed8        0xa build/sky/obj/etimer.o
                0x00005ed8                etimer_request_poll
 .text.process_thread_etimer_process
                0x00005ee2       0xcc build/sky/obj/etimer.o
 .text.add_timer
                0x00005fae       0x40 build/sky/obj/etimer.o
 .text.etimer_set
                0x00005fee       0x12 build/sky/obj/etimer.o
                0x00005fee                etimer_set
 .text.etimer_reset
                0x00006000       0x12 build/sky/obj/etimer.o
                0x00006000                etimer_reset
 .text.etimer_stop
                0x00006012       0x3e build/sky/obj/etimer.o
                0x00006012                etimer_stop
 .text.frame802154_get_pan_id
                0x00006050        0x6 build/sky/obj/frame802154.o
                0x00006050                frame802154_get_pan_id
 .text.frame802154_has_panid
                0x00006056       0xe0 build/sky/obj/frame802154.o
                0x00006056                frame802154_has_panid
 .text.field_len
                0x00006136       0xaa build/sky/obj/frame802154.o
 .text.frame802154_is_broadcast_addr
                0x000061e0       0x28 build/sky/obj/frame802154.o
                0x000061e0                frame802154_is_broadcast_addr
 .text.frame802154_hdrlen
                0x00006208       0x32 build/sky/obj/frame802154.o
                0x00006208                frame802154_hdrlen
 .text.frame802154_create_fcf
                0x0000623a       0x96 build/sky/obj/frame802154.o
                0x0000623a                frame802154_create_fcf
 .text.frame802154_create
                0x000062d0       0xd2 build/sky/obj/frame802154.o
                0x000062d0                frame802154_create
 .text.frame802154_parse_fcf
                0x000063a2       0xbc build/sky/obj/frame802154.o
                0x000063a2                frame802154_parse_fcf
 .text.frame802154_parse
                0x0000645e      0x168 build/sky/obj/frame802154.o
                0x0000645e                frame802154_parse
 .text.parse    0x000065c6       0xcc build/sky/obj/framer-802154.o
 .text.framer_802154_setup_params
                0x00006692       0xb6 build/sky/obj/framer-802154.o
                0x00006692                framer_802154_setup_params
 .text.create_frame
                0x00006748       0xca build/sky/obj/framer-802154.o
 .text.create   0x00006812        0x8 build/sky/obj/framer-802154.o
 .text.hdr_length
                0x0000681a        0x8 build/sky/obj/framer-802154.o
 .text.leds_arch_init
                0x00006822        0xe build/sky/obj/leds-arch.o
                0x00006822                leds_arch_init
 .text.leds_arch_get
                0x00006830       0x34 build/sky/obj/leds-arch.o
                0x00006830                leds_arch_get
 .text.leds_arch_set
                0x00006864       0x3e build/sky/obj/leds-arch.o
                0x00006864                leds_arch_set
 .text.leds_init
                0x000068a2        0x6 build/sky/obj/leds.o
                0x000068a2                leds_init
 .text.leds_on  0x000068a8       0x12 build/sky/obj/leds.o
                0x000068a8                leds_on
 .text.leds_off
                0x000068ba       0x12 build/sky/obj/leds.o
                0x000068ba                leds_off
 .text.periodic
                0x000068cc       0x28 build/sky/obj/link-stats.o
 .text.link_stats_from_lladdr
                0x000068f4        0xc build/sky/obj/link-stats.o
                0x000068f4                link_stats_from_lladdr
 .text.link_stats_is_fresh
                0x00006900       0x30 build/sky/obj/link-stats.o
                0x00006900                link_stats_is_fresh
 .text.link_stats_packet_sent
                0x00006930       0xf4 build/sky/obj/link-stats.o
                0x00006930                link_stats_packet_sent
 .text.link_stats_input_callback
                0x00006a24      0x106 build/sky/obj/link-stats.o
                0x00006a24                link_stats_input_callback
 .text.link_stats_reset
                0x00006b2a       0x2a build/sky/obj/link-stats.o
                0x00006b2a                link_stats_reset
 .text.link_stats_init
                0x00006b54       0x26 build/sky/obj/link-stats.o
                0x00006b54                link_stats_init
 .text.linkaddr_copy
                0x00006b7a        0x8 build/sky/obj/linkaddr.o
                0x00006b7a                linkaddr_copy
 .text.linkaddr_cmp
                0x00006b82       0x12 build/sky/obj/linkaddr.o
                0x00006b82                linkaddr_cmp
 .text.list_tail
                0x00006b94       0x12 build/sky/obj/list.o
                0x00006b94                list_tail
 .text.list_remove
                0x00006ba6       0x34 build/sky/obj/list.o
                0x00006ba6                list_remove
 .text.list_push
                0x00006bda       0x1a build/sky/obj/list.o
                0x00006bda                list_push
 .text.list_add
                0x00006bf4       0x2a build/sky/obj/list.o
                0x00006bf4                list_add
 .text.list_length
                0x00006c1e       0x10 build/sky/obj/list.o
                0x00006c1e                list_length
 .text.list_contains
                0x00006c2e       0x12 build/sky/obj/list.o
                0x00006c2e                list_contains
 .text.log_6addr
                0x00006c40       0x32 build/sky/obj/log.o
                0x00006c40                log_6addr
 .text.log_lladdr
                0x00006c72       0x44 build/sky/obj/log.o
                0x00006c72                log_lladdr
 .text.mac_sequence_init
                0x00006cb6        0xa build/sky/obj/mac-sequence.o
                0x00006cb6                mac_sequence_init
 .text.mac_sequence_set_dsn
                0x00006cc0       0x18 build/sky/obj/mac-sequence.o
                0x00006cc0                mac_sequence_set_dsn
 .text.mac_sequence_is_duplicate
                0x00006cd8       0x84 build/sky/obj/mac-sequence.o
                0x00006cd8                mac_sequence_is_duplicate
 .text.mac_sequence_register_seqno
                0x00006d5c       0x90 build/sky/obj/mac-sequence.o
                0x00006d5c                mac_sequence_register_seqno
 .text.memb_init
                0x00006dec       0x36 build/sky/obj/memb.o
                0x00006dec                memb_init
 .text.memb_alloc
                0x00006e22       0x3e build/sky/obj/memb.o
                0x00006e22                memb_alloc
 .text.memb_free
                0x00006e60       0x32 build/sky/obj/memb.o
                0x00006e60                memb_free
 .text.memb_inmemb
                0x00006e92       0x2a build/sky/obj/memb.o
                0x00006e92                memb_inmemb
 .text.memb_numfree
                0x00006ebc       0x26 build/sky/obj/memb.o
                0x00006ebc                memb_numfree
 .text.msp430_init_dco
                0x00006ee2       0x82 build/sky/obj/msp430.o
                0x00006ee2                msp430_init_dco
 .text.msp430_add_lpm_req
                0x00006f64        0xc build/sky/obj/msp430.o
                0x00006f64                msp430_add_lpm_req
 .text.msp430_cpu_init
                0x00006f70       0x2a build/sky/obj/msp430.o
                0x00006f70                msp430_cpu_init
 .text.splhigh_
                0x00006f9a        0xa build/sky/obj/msp430.o
                0x00006f9a                splhigh_
 .text.msp430_sync_dco
                0x00006fa4       0x6c build/sky/obj/msp430.o
                0x00006fa4                msp430_sync_dco
 .text.item_from_index
                0x00007010       0x2a build/sky/obj/nbr-table.o
 .text.index_from_key
                0x0000703a       0x26 build/sky/obj/nbr-table.o
 .text.index_from_item
                0x00007060       0x1e build/sky/obj/nbr-table.o
 .text.nbr_set_bit
                0x0000707e       0x54 build/sky/obj/nbr-table.o
 .text.index_from_lladdr
                0x000070d2       0x38 build/sky/obj/nbr-table.o
 .text.nbr_get_bit.constprop.3
                0x0000710a       0x2a build/sky/obj/nbr-table.o
 .text.remove_key
                0x00007134       0x84 build/sky/obj/nbr-table.o
 .text.nbr_table_is_registered
                0x000071b8       0x22 build/sky/obj/nbr-table.o
                0x000071b8                nbr_table_is_registered
 .text.nbr_table_register
                0x000071da       0x40 build/sky/obj/nbr-table.o
                0x000071da                nbr_table_register
 .text.nbr_table_next
                0x0000721a       0x5a build/sky/obj/nbr-table.o
                0x0000721a                nbr_table_next
 .text.nbr_table_head
                0x00007274       0x36 build/sky/obj/nbr-table.o
                0x00007274                nbr_table_head
 .text.nbr_table_get_from_lladdr
                0x000072aa       0x2c build/sky/obj/nbr-table.o
                0x000072aa                nbr_table_get_from_lladdr
 .text.entry_is_allowed.isra.2
                0x000072d6       0x74 build/sky/obj/nbr-table.o
 .text.nbr_table_add_lladdr
                0x0000734a       0xc2 build/sky/obj/nbr-table.o
                0x0000734a                nbr_table_add_lladdr
 .text.nbr_table_remove
                0x0000740c       0x32 build/sky/obj/nbr-table.o
                0x0000740c                nbr_table_remove
 .text.nbr_table_lock
                0x0000743e       0x10 build/sky/obj/nbr-table.o
                0x0000743e                nbr_table_lock
 .text.nbr_table_unlock
                0x0000744e       0x10 build/sky/obj/nbr-table.o
                0x0000744e                nbr_table_unlock
 .text.nbr_table_get_lladdr
                0x0000745e       0x22 build/sky/obj/nbr-table.o
                0x0000745e                nbr_table_get_lladdr
 .text.netstack_process_ip_callback
                0x00007480       0x48 build/sky/obj/netstack.o
                0x00007480                netstack_process_ip_callback
 .text.packetbuf_hdrreduce
                0x000074c8       0x1a build/sky/obj/packetbuf.o
                0x000074c8                packetbuf_hdrreduce
 .text.packetbuf_set_datalen
                0x000074e2        0x6 build/sky/obj/packetbuf.o
                0x000074e2                packetbuf_set_datalen
 .text.packetbuf_hdrptr
                0x000074e8        0x6 build/sky/obj/packetbuf.o
                0x000074e8                packetbuf_hdrptr
 .text.packetbuf_datalen
                0x000074ee        0x6 build/sky/obj/packetbuf.o
                0x000074ee                packetbuf_datalen
 .text.packetbuf_hdrlen
                0x000074f4        0xa build/sky/obj/packetbuf.o
                0x000074f4                packetbuf_hdrlen
 .text.packetbuf_dataptr
                0x000074fe        0xc build/sky/obj/packetbuf.o
                0x000074fe                packetbuf_dataptr
 .text.packetbuf_copyto
                0x0000750a       0x46 build/sky/obj/packetbuf.o
                0x0000750a                packetbuf_copyto
 .text.packetbuf_totlen
                0x00007550        0xc build/sky/obj/packetbuf.o
                0x00007550                packetbuf_totlen
 .text.packetbuf_hdralloc
                0x0000755c       0x3c build/sky/obj/packetbuf.o
                0x0000755c                packetbuf_hdralloc
 .text.packetbuf_attr_clear
                0x00007598       0x28 build/sky/obj/packetbuf.o
                0x00007598                packetbuf_attr_clear
 .text.packetbuf_clear
                0x000075c0       0x12 build/sky/obj/packetbuf.o
                0x000075c0                packetbuf_clear
 .text.packetbuf_copyfrom
                0x000075d2       0x2e build/sky/obj/packetbuf.o
                0x000075d2                packetbuf_copyfrom
 .text.packetbuf_attr_copyto
                0x00007600       0x22 build/sky/obj/packetbuf.o
                0x00007600                packetbuf_attr_copyto
 .text.packetbuf_attr_copyfrom
                0x00007622       0x24 build/sky/obj/packetbuf.o
                0x00007622                packetbuf_attr_copyfrom
 .text.packetbuf_set_attr
                0x00007646        0xa build/sky/obj/packetbuf.o
                0x00007646                packetbuf_set_attr
 .text.packetbuf_attr
                0x00007650        0xa build/sky/obj/packetbuf.o
                0x00007650                packetbuf_attr
 .text.packetbuf_set_addr
                0x0000765a       0x16 build/sky/obj/packetbuf.o
                0x0000765a                packetbuf_set_addr
 .text.packetbuf_addr
                0x00007670       0x12 build/sky/obj/packetbuf.o
                0x00007670                packetbuf_addr
 .text.packetbuf_holds_broadcast
                0x00007682        0xe build/sky/obj/packetbuf.o
                0x00007682                packetbuf_holds_broadcast
 .text.energest_switch
                0x00007690       0x6e build/sky/obj/platform.o
 .text.platform_init_stage_one
                0x000076fe       0x12 build/sky/obj/platform.o
                0x000076fe                platform_init_stage_one
 .text.platform_init_stage_two
                0x00007710       0x68 build/sky/obj/platform.o
                0x00007710                platform_init_stage_two
 .text.platform_init_stage_three
                0x00007778       0x80 build/sky/obj/platform.o
                0x00007778                platform_init_stage_three
 .text.platform_idle
                0x000077f8       0x64 build/sky/obj/platform.o
                0x000077f8                platform_idle
 .text.call_process
                0x0000785c       0x46 build/sky/obj/process.o
 .text.exit_process
                0x000078a2       0x98 build/sky/obj/process.o
 .text.do_poll  0x0000793a       0x30 build/sky/obj/process.o
 .text.process_alloc_event
                0x0000796a       0x18 build/sky/obj/process.o
                0x0000796a                process_alloc_event
 .text.process_init
                0x00007982        0x8 build/sky/obj/process.o
                0x00007982                process_init
 .text.process_run
                0x0000798a       0x8c build/sky/obj/process.o
                0x0000798a                process_run
 .text.process_nevents
                0x00007a16        0xa build/sky/obj/process.o
                0x00007a16                process_nevents
 .text.process_post
                0x00007a20       0x42 build/sky/obj/process.o
                0x00007a20                process_post
 .text.process_post_synch
                0x00007a62       0x12 build/sky/obj/process.o
                0x00007a62                process_post_synch
 .text.process_start
                0x00007a74       0x36 build/sky/obj/process.o
                0x00007a74                process_start
 .text.process_poll
                0x00007aaa       0x18 build/sky/obj/process.o
                0x00007aaa                process_poll
 .text.queuebuf_init
                0x00007ac2       0x12 build/sky/obj/queuebuf.o
                0x00007ac2                queuebuf_init
 .text.queuebuf_numfree
                0x00007ad4        0xa build/sky/obj/queuebuf.o
                0x00007ad4                queuebuf_numfree
 .text.queuebuf_new_from_packetbuf
                0x00007ade       0x52 build/sky/obj/queuebuf.o
                0x00007ade                queuebuf_new_from_packetbuf
 .text.queuebuf_update_attr_from_packetbuf
                0x00007b30       0x12 build/sky/obj/queuebuf.o
                0x00007b30                queuebuf_update_attr_from_packetbuf
 .text.queuebuf_free
                0x00007b42       0x2a build/sky/obj/queuebuf.o
                0x00007b42                queuebuf_free
 .text.queuebuf_to_packetbuf
                0x00007b6c       0x32 build/sky/obj/queuebuf.o
                0x00007b6c                queuebuf_to_packetbuf
 .text.random_init
                0x00007b9e        0x6 build/sky/obj/random.o
                0x00007b9e                random_init
 .text.random_rand
                0x00007ba4        0x6 build/sky/obj/random.o
                0x00007ba4                random_rand
 .text.rpl_dag_root_set_prefix
                0x00007baa       0x62 build/sky/obj/rpl-dag-root.o
                0x00007baa                rpl_dag_root_set_prefix
 .text.rpl_dag_root_start
                0x00007c0c       0xb0 build/sky/obj/rpl-dag-root.o
                0x00007c0c                rpl_dag_root_start
 .text.rpl_dag_root_is_root
                0x00007cbc       0x14 build/sky/obj/rpl-dag-root.o
                0x00007cbc                rpl_dag_root_is_root
 .text.init_dag
                0x00007cd0       0xd4 build/sky/obj/rpl-dag.o
 .text.process_dio_init_dag
                0x00007da4      0x128 build/sky/obj/rpl-dag.o
 .text.rpl_dag_get_root_ipaddr
                0x00007ecc       0x1e build/sky/obj/rpl-dag.o
                0x00007ecc                rpl_dag_get_root_ipaddr
 .text.rpl_dag_leave
                0x00007eea       0x4a build/sky/obj/rpl-dag.o
                0x00007eea                rpl_dag_leave
 .text.rpl_dag_poison_and_leave
                0x00007f34        0xc build/sky/obj/rpl-dag.o
                0x00007f34                rpl_dag_poison_and_leave
 .text.rpl_dag_periodic
                0x00007f40       0xb6 build/sky/obj/rpl-dag.o
                0x00007f40                rpl_dag_periodic
 .text.rpl_is_addr_in_our_dag
                0x00007ff6       0x34 build/sky/obj/rpl-dag.o
                0x00007ff6                rpl_is_addr_in_our_dag
 .text.rpl_local_repair
                0x0000802a       0x56 build/sky/obj/rpl-dag.o
                0x0000802a                rpl_local_repair
 .text.rpl_global_repair
                0x00008080       0x64 build/sky/obj/rpl-dag.o
                0x00008080                rpl_global_repair
 .text.rpl_dag_ready_to_advertise
                0x000080e4       0x22 build/sky/obj/rpl-dag.o
                0x000080e4                rpl_dag_ready_to_advertise
 .text.rpl_dag_update_state
                0x00008106      0x1f8 build/sky/obj/rpl-dag.o
                0x00008106                rpl_dag_update_state
 .text.rpl_process_dio
                0x000082fe      0x328 build/sky/obj/rpl-dag.o
                0x000082fe                rpl_process_dio
 .text.rpl_process_dis
                0x00008626       0x2a build/sky/obj/rpl-dag.o
                0x00008626                rpl_process_dis
 .text.rpl_process_dao
                0x00008650       0x90 build/sky/obj/rpl-dag.o
                0x00008650                rpl_process_dao
 .text.rpl_process_dao_ack
                0x000086e0       0x88 build/sky/obj/rpl-dag.o
                0x000086e0                rpl_process_dao_ack
 .text.rpl_process_hbh
                0x00008768       0x2e build/sky/obj/rpl-dag.o
                0x00008768                rpl_process_hbh
 .text.rpl_dag_init_root
                0x00008796       0xbc build/sky/obj/rpl-dag.o
                0x00008796                rpl_dag_init_root
 .text.rpl_dag_init
                0x00008852       0x10 build/sky/obj/rpl-dag.o
                0x00008852                rpl_dag_init
 .text.update_hbh_header
                0x00008862       0x98 build/sky/obj/rpl-ext-header.o
 .text.rpl_ext_header_srh_get_next_hop
                0x000088fa       0x84 build/sky/obj/rpl-ext-header.o
                0x000088fa                rpl_ext_header_srh_get_next_hop
 .text.rpl_ext_header_srh_update
                0x0000897e      0x316 build/sky/obj/rpl-ext-header.o
                0x0000897e                rpl_ext_header_srh_update
 .text.rpl_ext_header_hbh_update
                0x00008c94      0x14e build/sky/obj/rpl-ext-header.o
                0x00008c94                rpl_ext_header_hbh_update
 .text.rpl_ext_header_remove
                0x00008de2       0xcc build/sky/obj/rpl-ext-header.o
                0x00008de2                rpl_ext_header_remove
 .text.rpl_ext_header_update
                0x00008eae      0x33e build/sky/obj/rpl-ext-header.o
                0x00008eae                rpl_ext_header_update
 .text.get32    0x000091ec       0x46 build/sky/obj/rpl-icmp6.o
 .text.set32    0x00009232       0x2a build/sky/obj/rpl-icmp6.o
 .text.get16    0x0000925c        0xe build/sky/obj/rpl-icmp6.o
 .text.set16    0x0000926a       0x10 build/sky/obj/rpl-icmp6.o
 .text.dao_ack_input
                0x0000927a       0x54 build/sky/obj/rpl-icmp6.o
 .text.dao_input
                0x000092ce      0x2cc build/sky/obj/rpl-icmp6.o
 .text.dio_input
                0x0000959a      0x43e build/sky/obj/rpl-icmp6.o
 .text.dis_input
                0x000099d8       0x42 build/sky/obj/rpl-icmp6.o
 .text.rpl_icmp6_update_nbr_table
                0x00009a1a       0xa4 build/sky/obj/rpl-icmp6.o
                0x00009a1a                rpl_icmp6_update_nbr_table
 .text.rpl_icmp6_dis_output
                0x00009abe       0x34 build/sky/obj/rpl-icmp6.o
                0x00009abe                rpl_icmp6_dis_output
 .text.rpl_icmp6_dio_output
                0x00009af2      0x25c build/sky/obj/rpl-icmp6.o
                0x00009af2                rpl_icmp6_dio_output
 .text.rpl_icmp6_dao_output
                0x00009d4e      0x156 build/sky/obj/rpl-icmp6.o
                0x00009d4e                rpl_icmp6_dao_output
 .text.rpl_icmp6_dao_ack_output
                0x00009ea4       0x4e build/sky/obj/rpl-icmp6.o
                0x00009ea4                rpl_icmp6_dao_ack_output
 .text.rpl_icmp6_init
                0x00009ef2       0x22 build/sky/obj/rpl-icmp6.o
                0x00009ef2                rpl_icmp6_init
 .text.reset    0x00009f14        0x2 build/sky/obj/rpl-mrhof.o
 .text.update_metric_container
                0x00009f16        0x6 build/sky/obj/rpl-mrhof.o
 .text.nbr_link_metric
                0x00009f1c       0x12 build/sky/obj/rpl-mrhof.o
 .text.nbr_has_usable_link
                0x00009f2e       0x14 build/sky/obj/rpl-mrhof.o
 .text.nbr_path_cost
                0x00009f42       0x38 build/sky/obj/rpl-mrhof.o
 .text.within_hysteresis
                0x00009f7a       0x54 build/sky/obj/rpl-mrhof.o
 .text.nbr_is_acceptable_parent
                0x00009fce       0x2c build/sky/obj/rpl-mrhof.o
 .text.rank_via_nbr
                0x00009ffa       0x48 build/sky/obj/rpl-mrhof.o
 .text.best_parent
                0x0000a042       0x7c build/sky/obj/rpl-mrhof.o
 .text.get_rank
                0x0000a0be       0x16 build/sky/obj/rpl-nbr-policy.o
 .text.rpl_nbr_gc_get_worst
                0x0000a0d4       0x28 build/sky/obj/rpl-nbr-policy.o
                0x0000a0d4                rpl_nbr_gc_get_worst
 .text.remove_neighbor
                0x0000a0fc       0x24 build/sky/obj/rpl-neighbor.o
 .text.rpl_neighbor_get_from_lladdr
                0x0000a120        0xc build/sky/obj/rpl-neighbor.o
                0x0000a120                rpl_neighbor_get_from_lladdr
 .text.rpl_neighbor_rank_via_nbr
                0x0000a12c       0x18 build/sky/obj/rpl-neighbor.o
                0x0000a12c                rpl_neighbor_rank_via_nbr
 .text.rpl_neighbor_get_lladdr
                0x0000a144        0xc build/sky/obj/rpl-neighbor.o
                0x0000a144                rpl_neighbor_get_lladdr
 .text.rpl_neighbor_get_ipaddr
                0x0000a150        0xa build/sky/obj/rpl-neighbor.o
                0x0000a150                rpl_neighbor_get_ipaddr
 .text.rpl_neighbor_get_link_stats
                0x0000a15a        0xa build/sky/obj/rpl-neighbor.o
                0x0000a15a                rpl_neighbor_get_link_stats
 .text.rpl_neighbor_is_fresh
                0x0000a164        0xa build/sky/obj/rpl-neighbor.o
                0x0000a164                rpl_neighbor_is_fresh
 .text.best_parent
                0x0000a16e       0xb4 build/sky/obj/rpl-neighbor.o
 .text.rpl_neighbor_set_preferred_parent
                0x0000a222       0x48 build/sky/obj/rpl-neighbor.o
                0x0000a222                rpl_neighbor_set_preferred_parent
 .text.rpl_neighbor_remove_all
                0x0000a26a       0x30 build/sky/obj/rpl-neighbor.o
                0x0000a26a                rpl_neighbor_remove_all
 .text.rpl_neighbor_get_from_ipaddr
                0x0000a29a       0x14 build/sky/obj/rpl-neighbor.o
                0x0000a29a                rpl_neighbor_get_from_ipaddr
 .text.rpl_neighbor_select_best
                0x0000a2ae       0x54 build/sky/obj/rpl-neighbor.o
                0x0000a2ae                rpl_neighbor_select_best
 .text.rpl_neighbor_init
                0x0000a302        0xe build/sky/obj/rpl-neighbor.o
                0x0000a302                rpl_neighbor_init
 .text.handle_state_update
                0x0000a310        0x6 build/sky/obj/rpl-timers.o
 .text.handle_leaving_timer
                0x0000a316        0xc build/sky/obj/rpl-timers.o
 .text.handle_unicast_dio_timer
                0x0000a322       0x12 build/sky/obj/rpl-timers.o
 .text.handle_dao_ack_timer
                0x0000a334       0x12 build/sky/obj/rpl-timers.o
 .text.ctimer_set.constprop.3
                0x0000a346        0xe build/sky/obj/rpl-timers.o
 .text.new_dio_interval
                0x0000a354       0x86 build/sky/obj/rpl-timers.o
 .text.handle_dio_timer
                0x0000a3da       0x6a build/sky/obj/rpl-timers.o
 .text.schedule_dao_retransmission
                0x0000a444       0x30 build/sky/obj/rpl-timers.o
 .text.send_new_dao
                0x0000a474       0x28 build/sky/obj/rpl-timers.o
 .text.resend_dao
                0x0000a49c       0x24 build/sky/obj/rpl-timers.o
 .text.rpl_timers_schedule_periodic_dis
                0x0000a4c0       0x3c build/sky/obj/rpl-timers.o
                0x0000a4c0                rpl_timers_schedule_periodic_dis
 .text.handle_periodic_timer
                0x0000a4fc       0x3a build/sky/obj/rpl-timers.o
 .text.handle_dis_timer
                0x0000a536       0x26 build/sky/obj/rpl-timers.o
 .text.rpl_timers_dio_reset
                0x0000a55c       0x2e build/sky/obj/rpl-timers.o
                0x0000a55c                rpl_timers_dio_reset
 .text.rpl_timers_schedule_unicast_dio
                0x0000a58a       0x1c build/sky/obj/rpl-timers.o
                0x0000a58a                rpl_timers_schedule_unicast_dio
 .text.rpl_timers_schedule_dao
                0x0000a5a6       0x38 build/sky/obj/rpl-timers.o
                0x0000a5a6                rpl_timers_schedule_dao
 .text.rpl_timers_schedule_dao_ack
                0x0000a5de       0x30 build/sky/obj/rpl-timers.o
                0x0000a5de                rpl_timers_schedule_dao_ack
 .text.rpl_timers_notify_dao_ack
                0x0000a60e       0x7e build/sky/obj/rpl-timers.o
                0x0000a60e                rpl_timers_notify_dao_ack
 .text.get_probing_delay
                0x0000a68c       0x1c build/sky/obj/rpl-timers.o
                0x0000a68c                get_probing_delay
 .text.get_probing_target
                0x0000a6a8       0xee build/sky/obj/rpl-timers.o
                0x0000a6a8                get_probing_target
 .text.rpl_schedule_probing
                0x0000a796       0x1c build/sky/obj/rpl-timers.o
                0x0000a796                rpl_schedule_probing
 .text.handle_probing_timer
                0x0000a7b2       0x2a build/sky/obj/rpl-timers.o
 .text.rpl_schedule_probing_now
                0x0000a7dc       0x20 build/sky/obj/rpl-timers.o
                0x0000a7dc                rpl_schedule_probing_now
 .text.rpl_timers_unschedule_leaving
                0x0000a7fc       0x1c build/sky/obj/rpl-timers.o
                0x0000a7fc                rpl_timers_unschedule_leaving
 .text.rpl_timers_schedule_leaving
                0x0000a818       0x26 build/sky/obj/rpl-timers.o
                0x0000a818                rpl_timers_schedule_leaving
 .text.rpl_timers_init
                0x0000a83e       0x18 build/sky/obj/rpl-timers.o
                0x0000a83e                rpl_timers_init
 .text.rpl_timers_stop_dag_timers
                0x0000a856       0x4c build/sky/obj/rpl-timers.o
                0x0000a856                rpl_timers_stop_dag_timers
 .text.rpl_timers_schedule_state_update
                0x0000a8a2       0x18 build/sky/obj/rpl-timers.o
                0x0000a8a2                rpl_timers_schedule_state_update
 .text.rpl_has_joined
                0x0000a8ba       0x12 build/sky/obj/rpl.o
                0x0000a8ba                rpl_has_joined
 .text.rpl_is_reachable
                0x0000a8cc       0x12 build/sky/obj/rpl.o
                0x0000a8cc                rpl_is_reachable
 .text.neighbor_state_changed
                0x0000a8de        0x2 build/sky/obj/rpl.o
 .text.drop_route
                0x0000a8e0        0x2 build/sky/obj/rpl.o
 .text.rpl_get_leaf_only
                0x0000a8e2        0x6 build/sky/obj/rpl.o
                0x0000a8e2                rpl_get_leaf_only
 .text.get_sr_node_ipaddr
                0x0000a8e8       0x34 build/sky/obj/rpl.o
 .text.init     0x0000a91c       0x42 build/sky/obj/rpl.o
 .text.set_ip_from_prefix
                0x0000a95e       0x38 build/sky/obj/rpl.o
 .text.rpl_link_callback
                0x0000a996       0x1e build/sky/obj/rpl.o
                0x0000a996                rpl_link_callback
 .text.rpl_lollipop_greater_than
                0x0000a9b4       0x3c build/sky/obj/rpl.o
                0x0000a9b4                rpl_lollipop_greater_than
 .text.rpl_get_global_address
                0x0000a9f0       0xbe build/sky/obj/rpl.o
                0x0000a9f0                rpl_get_global_address
 .text.rpl_reset_prefix
                0x0000aaae       0x24 build/sky/obj/rpl.o
                0x0000aaae                rpl_reset_prefix
 .text.rpl_set_prefix_from_addr
                0x0000aad2       0xb6 build/sky/obj/rpl.o
                0x0000aad2                rpl_set_prefix_from_addr
 .text.rtimer_arch_init
                0x0000ab88       0x18 build/sky/obj/rtimer-arch.o
                0x0000ab88                rtimer_arch_init
 .text.rtimer_arch_now
                0x0000aba0        0xe build/sky/obj/rtimer-arch.o
                0x0000aba0                rtimer_arch_now
 .text.process_thread_sensors_process
                0x0000abae       0xc2 build/sky/obj/sensors.o
 .text.clear_fragments
                0x0000ac70       0x40 build/sky/obj/sicslowpan.o
 .text.addr_context_lookup_by_number
                0x0000acb0       0x16 build/sky/obj/sicslowpan.o
 .text.sicslowpan_init
                0x0000acc6       0x18 build/sky/obj/sicslowpan.o
                0x0000acc6                sicslowpan_init
 .text.set_packet_attrs
                0x0000acde       0x66 build/sky/obj/sicslowpan.o
 .text.compress_addr_64
                0x0000ad44       0xae build/sky/obj/sicslowpan.o
 .text.addr_context_lookup_by_prefix
                0x0000adf2       0x20 build/sky/obj/sicslowpan.o
 .text.send_packet
                0x0000ae12       0x10 build/sky/obj/sicslowpan.o
 .text.fragment_copy_payload_and_send
                0x0000ae22       0x58 build/sky/obj/sicslowpan.o
 .text.packet_sent
                0x0000ae7a       0x56 build/sky/obj/sicslowpan.o
 .text.store_fragment
                0x0000aed0       0xb8 build/sky/obj/sicslowpan.o
 .text.add_fragment
                0x0000af88      0x1fc build/sky/obj/sicslowpan.o
 .text.uncompress_addr
                0x0000b184       0xce build/sky/obj/sicslowpan.o
 .text.output   0x0000b252      0x79e build/sky/obj/sicslowpan.o
 .text.input    0x0000b9f0      0xa1a build/sky/obj/sicslowpan.o
 .text.process_thread_simple_udp_process
                0x0000c40a       0xb8 build/sky/obj/simple-udp.o
 .text.simple_udp_sendto
                0x0000c4c2       0x2c build/sky/obj/simple-udp.o
                0x0000c4c2                simple_udp_sendto
 .text.simple_udp_register
                0x0000c4ee       0x9a build/sky/obj/simple-udp.o
                0x0000c4ee                simple_udp_register
 .text.spi_init
                0x0000c588       0x30 build/sky/obj/spi-legacy.o
                0x0000c588                spi_init
 .text.stack_check_init
                0x0000c5b8       0x2e build/sky/obj/stack-check.o
                0x0000c5b8                stack_check_init
 .text.stack_check_get_usage
                0x0000c5e6       0x46 build/sky/obj/stack-check.o
                0x0000c5e6                stack_check_get_usage
 .text.process_thread_stack_check_process
                0x0000c62c       0x90 build/sky/obj/stack-check.o
 .text.stimer_expired
                0x0000c6bc       0x30 build/sky/obj/stimer.o
                0x0000c6bc                stimer_expired
 .text.tcpip_output
                0x0000c6ec       0x22 build/sky/obj/tcpip.o
                0x0000c6ec                tcpip_output
 .text.udp_new  0x0000c70e       0x1a build/sky/obj/tcpip.o
                0x0000c70e                udp_new
 .text.tcpip_input
                0x0000c728       0x1e build/sky/obj/tcpip.o
                0x0000c728                tcpip_input
 .text.tcpip_ipv6_output
                0x0000c746      0x246 build/sky/obj/tcpip.o
                0x0000c746                tcpip_ipv6_output
 .text.packet_input.part.2
                0x0000c98c       0x12 build/sky/obj/tcpip.o
 .text.process_thread_tcpip_process
                0x0000c99e       0xb6 build/sky/obj/tcpip.o
 .text.tcpip_uipcall
                0x0000ca54       0x2a build/sky/obj/tcpip.o
                0x0000ca54                tcpip_uipcall
 .text.timer_set
                0x0000ca7e       0x1c build/sky/obj/timer.o
                0x0000ca7e                timer_set
 .text.timer_expired
                0x0000ca9a       0x2a build/sky/obj/timer.o
                0x0000ca9a                timer_expired
 .text.timer_reset
                0x0000cac4       0x1c build/sky/obj/timer.o
                0x0000cac4                timer_reset
 .text.putchar  0x0000cae0       0x10 build/sky/obj/uart-putchar.o
                0x0000cae0                putchar
 .text.uart1_active
                0x0000caf0       0x18 build/sky/obj/uart1.o
                0x0000caf0                uart1_active
 .text.uart1_writeb
                0x0000cb08       0x18 build/sky/obj/uart1.o
                0x0000cb08                uart1_writeb
 .text.uart1_init
                0x0000cb20       0xf4 build/sky/obj/uart1.o
                0x0000cb20                uart1_init
 .text.uip_ds6_nbr_rm
                0x0000cc14       0x1e build/sky/obj/uip-ds6-nbr.o
                0x0000cc14                uip_ds6_nbr_rm
 .text.uip_ds6_neighbors_init
                0x0000cc32       0x12 build/sky/obj/uip-ds6-nbr.o
                0x0000cc32                uip_ds6_neighbors_init
 .text.uip_ds6_nbr_add
                0x0000cc44       0x3e build/sky/obj/uip-ds6-nbr.o
                0x0000cc44                uip_ds6_nbr_add
 .text.uip_ds6_nbr_get_ll
                0x0000cc82        0xc build/sky/obj/uip-ds6-nbr.o
                0x0000cc82                uip_ds6_nbr_get_ll
 .text.uip_ds6_nbr_head
                0x0000cc8e        0xa build/sky/obj/uip-ds6-nbr.o
                0x0000cc8e                uip_ds6_nbr_head
 .text.uip_ds6_nbr_next
                0x0000cc98        0xc build/sky/obj/uip-ds6-nbr.o
                0x0000cc98                uip_ds6_nbr_next
 .text.uip_ds6_nbr_lookup
                0x0000cca4       0x3a build/sky/obj/uip-ds6-nbr.o
                0x0000cca4                uip_ds6_nbr_lookup
 .text.uip_ds6_nbr_ll_lookup
                0x0000ccde        0xc build/sky/obj/uip-ds6-nbr.o
                0x0000ccde                uip_ds6_nbr_ll_lookup
 .text.uip_ds6_nbr_update_ll
                0x0000ccea      0x12c build/sky/obj/uip-ds6-nbr.o
                0x0000ccea                uip_ds6_nbr_update_ll
 .text.uip_ds6_nbr_ipaddr_from_lladdr
                0x0000ce16        0x6 build/sky/obj/uip-ds6-nbr.o
                0x0000ce16                uip_ds6_nbr_ipaddr_from_lladdr
 .text.uip_ds6_nbr_lladdr_from_ipaddr
                0x0000ce1c       0x12 build/sky/obj/uip-ds6-nbr.o
                0x0000ce1c                uip_ds6_nbr_lladdr_from_ipaddr
 .text.uip_ds6_link_callback
                0x0000ce2e        0x2 build/sky/obj/uip-ds6-nbr.o
                0x0000ce2e                uip_ds6_link_callback
 .text.call_route_callback
                0x0000ce30       0x42 build/sky/obj/uip-ds6-route.o
 .text.uip_ds6_route_init
                0x0000ce72       0x2a build/sky/obj/uip-ds6-route.o
                0x0000ce72                uip_ds6_route_init
 .text.uip_ds6_route_nexthop
                0x0000ce9c       0x1a build/sky/obj/uip-ds6-route.o
                0x0000ce9c                uip_ds6_route_nexthop
 .text.uip_ds6_route_next
                0x0000ceb6        0xc build/sky/obj/uip-ds6-route.o
                0x0000ceb6                uip_ds6_route_next
 .text.uip_ds6_route_lookup
                0x0000cec2       0x90 build/sky/obj/uip-ds6-route.o
                0x0000cec2                uip_ds6_route_lookup
 .text.uip_ds6_route_rm
                0x0000cf52       0x80 build/sky/obj/uip-ds6-route.o
                0x0000cf52                uip_ds6_route_rm
 .text.rm_routelist
                0x0000cfd2       0x32 build/sky/obj/uip-ds6-route.o
 .text.rm_routelist_callback
                0x0000d004        0x6 build/sky/obj/uip-ds6-route.o
 .text.uip_ds6_defrt_rm
                0x0000d00a       0x38 build/sky/obj/uip-ds6-route.o
                0x0000d00a                uip_ds6_defrt_rm
 .text.uip_ds6_defrt_lookup
                0x0000d042       0x34 build/sky/obj/uip-ds6-route.o
                0x0000d042                uip_ds6_defrt_lookup
 .text.uip_ds6_defrt_add
                0x0000d076       0xc2 build/sky/obj/uip-ds6-route.o
                0x0000d076                uip_ds6_defrt_add
 .text.uip_ds6_defrt_choose
                0x0000d138       0x2e build/sky/obj/uip-ds6-route.o
                0x0000d138                uip_ds6_defrt_choose
 .text.uip_ds6_defrt_periodic
                0x0000d166       0x2e build/sky/obj/uip-ds6-route.o
                0x0000d166                uip_ds6_defrt_periodic
 .text.uip_ds6_default_prefix
                0x0000d194        0x6 build/sky/obj/uip-ds6.o
                0x0000d194                uip_ds6_default_prefix
 .text.uip_ds6_list_loop
                0x0000d19a       0x90 build/sky/obj/uip-ds6.o
                0x0000d19a                uip_ds6_list_loop
 .text.uip_ds6_prefix_add
                0x0000d22a       0x76 build/sky/obj/uip-ds6.o
                0x0000d22a                uip_ds6_prefix_add
 .text.uip_ds6_is_addr_onlink
                0x0000d2a0       0x52 build/sky/obj/uip-ds6.o
                0x0000d2a0                uip_ds6_is_addr_onlink
 .text.uip_ds6_addr_lookup
                0x0000d2f2       0x2a build/sky/obj/uip-ds6.o
                0x0000d2f2                uip_ds6_addr_lookup
 .text.uip_ds6_get_link_local
                0x0000d31c       0x3e build/sky/obj/uip-ds6.o
                0x0000d31c                uip_ds6_get_link_local
 .text.uip_ds6_maddr_add
                0x0000d35a       0x42 build/sky/obj/uip-ds6.o
                0x0000d35a                uip_ds6_maddr_add
 .text.uip_ds6_addr_add
                0x0000d39c       0xc6 build/sky/obj/uip-ds6.o
                0x0000d39c                uip_ds6_addr_add
 .text.uip_ds6_maddr_rm
                0x0000d462        0xa build/sky/obj/uip-ds6.o
                0x0000d462                uip_ds6_maddr_rm
 .text.uip_ds6_maddr_lookup
                0x0000d46c       0x2a build/sky/obj/uip-ds6.o
                0x0000d46c                uip_ds6_maddr_lookup
 .text.uip_ds6_addr_rm
                0x0000d496       0x54 build/sky/obj/uip-ds6.o
                0x0000d496                uip_ds6_addr_rm
 .text.uip_ds6_periodic
                0x0000d4ea       0x46 build/sky/obj/uip-ds6.o
                0x0000d4ea                uip_ds6_periodic
 .text.uip_ds6_set_addr_iid
                0x0000d530       0x14 build/sky/obj/uip-ds6.o
                0x0000d530                uip_ds6_set_addr_iid
 .text.uip_ds6_set_lladdr_from_iid
                0x0000d544       0x14 build/sky/obj/uip-ds6.o
                0x0000d544                uip_ds6_set_lladdr_from_iid
 .text.get_match_length
                0x0000d558       0x44 build/sky/obj/uip-ds6.o
                0x0000d558                get_match_length
 .text.uip_ds6_select_src
                0x0000d59c       0xa6 build/sky/obj/uip-ds6.o
                0x0000d59c                uip_ds6_select_src
 .text.uip_ds6_compute_reachable_time
                0x0000d642       0x3e build/sky/obj/uip-ds6.o
                0x0000d642                uip_ds6_compute_reachable_time
 .text.uip_ds6_init
                0x0000d680      0x164 build/sky/obj/uip-ds6.o
                0x0000d680                uip_ds6_init
 .text.echo_reply_input
                0x0000d7e4       0x5e build/sky/obj/uip-icmp6.o
 .text.echo_request_input
                0x0000d842       0x86 build/sky/obj/uip-icmp6.o
 .text.uip_icmp6_input
                0x0000d8c8       0x34 build/sky/obj/uip-icmp6.o
                0x0000d8c8                uip_icmp6_input
 .text.uip_icmp6_register_input_handler
                0x0000d8fc        0xc build/sky/obj/uip-icmp6.o
                0x0000d8fc                uip_icmp6_register_input_handler
 .text.uip_icmp6_error_output
                0x0000d908      0x1d4 build/sky/obj/uip-icmp6.o
                0x0000d908                uip_icmp6_error_output
 .text.uip_icmp6_send
                0x0000dadc       0xb2 build/sky/obj/uip-icmp6.o
                0x0000dadc                uip_icmp6_send
 .text.uip_icmp6_init
                0x0000db8e       0x12 build/sky/obj/uip-icmp6.o
                0x0000db8e                uip_icmp6_init
 .text.ns_input
                0x0000dba0      0x33a build/sky/obj/uip-nd6.o
 .text.uip_nd6_init
                0x0000deda        0xa build/sky/obj/uip-nd6.o
                0x0000deda                uip_nd6_init
 .text.node_matches_address.part.0
                0x0000dee4       0x2e build/sky/obj/uip-sr.o
 .text.uip_sr_get_node
                0x0000df12       0x3a build/sky/obj/uip-sr.o
                0x0000df12                uip_sr_get_node
 .text.uip_sr_is_addr_reachable
                0x0000df4c       0x4e build/sky/obj/uip-sr.o
                0x0000df4c                uip_sr_is_addr_reachable
 .text.uip_sr_expire_parent
                0x0000df9a       0x50 build/sky/obj/uip-sr.o
                0x0000df9a                uip_sr_expire_parent
 .text.uip_sr_update_node
                0x0000dfea      0x120 build/sky/obj/uip-sr.o
                0x0000dfea                uip_sr_update_node
 .text.uip_sr_init
                0x0000e10a       0x12 build/sky/obj/uip-sr.o
                0x0000e10a                uip_sr_init
 .text.uip_sr_periodic
                0x0000e11c       0x8c build/sky/obj/uip-sr.o
                0x0000e11c                uip_sr_periodic
 .text.uip_sr_free_all
                0x0000e1a8       0x30 build/sky/obj/uip-sr.o
                0x0000e1a8                uip_sr_free_all
 .text.uip_udp_packet_send
                0x0000e1d8       0x2a build/sky/obj/uip-udp-packet.o
                0x0000e1d8                uip_udp_packet_send
 .text.uip_udp_packet_sendto
                0x0000e202       0x66 build/sky/obj/uip-udp-packet.o
                0x0000e202                uip_udp_packet_sendto
 .text.chksum   0x0000e268       0x32 build/sky/obj/uip6.o
 .text.upper_layer_chksum
                0x0000e29a       0x58 build/sky/obj/uip6.o
 .text.ext_hdr_options_process
                0x0000e2f2       0xf0 build/sky/obj/uip6.o
 .text.uip_check_mtu
                0x0000e3e2       0x1e build/sky/obj/uip6.o
 .text.uip_update_ttl
                0x0000e400       0x24 build/sky/obj/uip6.o
 .text.uip_icmp6chksum
                0x0000e424        0xa build/sky/obj/uip6.o
                0x0000e424                uip_icmp6chksum
 .text.uip_udpchksum
                0x0000e42e        0xa build/sky/obj/uip6.o
                0x0000e42e                uip_udpchksum
 .text.uip_init
                0x0000e438       0x3c build/sky/obj/uip6.o
                0x0000e438                uip_init
 .text.uip_remove_ext_hdr
                0x0000e474       0x80 build/sky/obj/uip6.o
                0x0000e474                uip_remove_ext_hdr
 .text.uip_udp_new
                0x0000e4f4       0xac build/sky/obj/uip6.o
                0x0000e4f4                uip_udp_new
 .text.uip_process
                0x0000e5a0      0x804 build/sky/obj/uip6.o
                0x0000e5a0                uip_process
 .text.uip_htonl
                0x0000eda4       0x2e build/sky/obj/uip6.o
                0x0000eda4                uip_htonl
 .text.uipbuf_add_ext_hdr
                0x0000edd2       0x1c build/sky/obj/uipbuf.o
                0x0000edd2                uipbuf_add_ext_hdr
 .text.uipbuf_set_len
                0x0000edee       0x12 build/sky/obj/uipbuf.o
                0x0000edee                uipbuf_set_len
 .text.uipbuf_set_len_field
                0x0000ee00        0xe build/sky/obj/uipbuf.o
                0x0000ee00                uipbuf_set_len_field
 .text.uipbuf_get_len_field
                0x0000ee0e        0xe build/sky/obj/uipbuf.o
                0x0000ee0e                uipbuf_get_len_field
 .text.uipbuf_get_next_header
                0x0000ee1c       0x6a build/sky/obj/uipbuf.o
                0x0000ee1c                uipbuf_get_next_header
 .text.uipbuf_get_last_header
                0x0000ee86       0x3e build/sky/obj/uipbuf.o
                0x0000ee86                uipbuf_get_last_header
 .text.uipbuf_search_header
                0x0000eec4       0x4e build/sky/obj/uipbuf.o
                0x0000eec4                uipbuf_search_header
 .text.uipbuf_get_attr
                0x0000ef12       0x12 build/sky/obj/uipbuf.o
                0x0000ef12                uipbuf_get_attr
 .text.uipbuf_set_attr
                0x0000ef24       0x14 build/sky/obj/uipbuf.o
                0x0000ef24                uipbuf_set_attr
 .text.uipbuf_clear_attr
                0x0000ef38       0x12 build/sky/obj/uipbuf.o
                0x0000ef38                uipbuf_clear_attr
 .text.uipbuf_clear
                0x0000ef4a       0x12 build/sky/obj/uipbuf.o
                0x0000ef4a                uipbuf_clear
 .text.uipbuf_init
                0x0000ef5c       0x1a build/sky/obj/uipbuf.o
                0x0000ef5c                uipbuf_init
 .text.uiplib_ipaddr_snprint
                0x0000ef76      0x12c build/sky/obj/uiplib.o
                0x0000ef76                uiplib_ipaddr_snprint
 .text.watchdog_start
                0x0000f0a2       0x14 build/sky/obj/watchdog.o
                0x0000f0a2                watchdog_start
 .text.watchdog_periodic
                0x0000f0b6       0x12 build/sky/obj/watchdog.o
                0x0000f0b6                watchdog_periodic
 .text.watchdog_stop
                0x0000f0c8       0x16 build/sky/obj/watchdog.o
                0x0000f0c8                watchdog_stop
 .text.watchdog_init
                0x0000f0de       0x12 build/sky/obj/watchdog.o
                0x0000f0de                watchdog_init
 .text.xmem_init
                0x0000f0f0       0x3c build/sky/obj/xmem.o
                0x0000f0f0                xmem_init
 .text          0x0000f12c      0x31e /usr/local/msp430/bin/../lib/gcc/msp430/4.7.2/mmpy-16/libgcc.a(_addsub_sf.o)
                0x0000f3ae                __addsf3
                0x0000f3fa                __subsf3
 .text          0x0000f44a      0x210 /usr/local/msp430/bin/../lib/gcc/msp430/4.7.2/mmpy-16/libgcc.a(_mul_sf.o)
                0x0000f44a                __mulsf3
 .text          0x0000f65a       0x4e /usr/local/msp430/bin/../lib/gcc/msp430/4.7.2/mmpy-16/libgcc.a(_gt_sf.o)
                0x0000f65a                __gtsf2
 .text          0x0000f6a8       0x4e /usr/local/msp430/bin/../lib/gcc/msp430/4.7.2/mmpy-16/libgcc.a(_lt_sf.o)
                0x0000f6a8                __ltsf2
 .text          0x0000f6f6       0xe6 /usr/local/msp430/bin/../lib/gcc/msp430/4.7.2/mmpy-16/libgcc.a(_usi_to_sf.o)
                0x0000f6f6                __floatunsisf
 .text          0x0000f7dc       0x72 /usr/local/msp430/bin/../lib/gcc/msp430/4.7.2/mmpy-16/libgcc.a(_clzsi2.o)
                0x0000f7dc                __clzsi2
 .text          0x0000f84e      0x1da /usr/local/msp430/bin/../lib/gcc/msp430/4.7.2/mmpy-16/libgcc.a(_pack_sf.o)
                0x0000f84e                __pack_f
 .text          0x0000fa28      0x13c /usr/local/msp430/bin/../lib/gcc/msp430/4.7.2/mmpy-16/libgcc.a(_unpack_sf.o)
                0x0000fa28                __unpack_f
 .text          0x0000fb64       0xa4 /usr/local/msp430/bin/../lib/gcc/msp430/4.7.2/mmpy-16/libgcc.a(_fpcmp_parts_sf.o)
                0x0000fb64                __fpcmp_parts_f
 .text.printf   0x0000fc08       0x10 /usr/local/msp430/bin/../lib/gcc/msp430/4.7.2/../../../../msp430/lib/mmpy-16/libc.a(printf.o)
                0x0000fc08                printf
 .text.append   0x0000fc18       0x22 /usr/local/msp430/bin/../lib/gcc/msp430/4.7.2/../../../../msp430/lib/mmpy-16/libc.a(sprintf.o)
 .text.call_vuprintf
                0x0000fc3a       0x3a /usr/local/msp430/bin/../lib/gcc/msp430/4.7.2/../../../../msp430/lib/mmpy-16/libc.a(sprintf.o)
 .text.snprintf
                0x0000fc74       0x1a /usr/local/msp430/bin/../lib/gcc/msp430/4.7.2/../../../../msp430/lib/mmpy-16/libc.a(sprintf.o)
                0x0000fc74                snprintf
 .text.print_field
                0x0000fc8e      0x194 /usr/local/msp430/bin/../lib/gcc/msp430/4.7.2/../../../../msp430/lib/mmpy-16/libc.a(vuprintf.o)
 .text.vuprintf
                0x0000fe22      0x63e /usr/local/msp430/bin/../lib/gcc/msp430/4.7.2/../../../../msp430/lib/mmpy-16/libc.a(vuprintf.o)
                0x0000fe22                vuprintf
 .text.puts     0x00010460       0x2c /usr/local/msp430/bin/../lib/gcc/msp430/4.7.2/../../../../msp430/lib/mmpy-16/libc.a(puts.o)
                0x00010460                puts
 .text.rand     0x0001048c       0x26 /usr/local/msp430/bin/../lib/gcc/msp430/4.7.2/../../../../msp430/lib/mmpy-16/libc.a(rand.o)
                0x0001048c                rand
 .text.srand    0x000104b2        0xa /usr/local/msp430/bin/../lib/gcc/msp430/4.7.2/../../../../msp430/lib/mmpy-16/libc.a(rand.o)
                0x000104b2                srand
 .text.memcmp   0x000104bc       0x30 /usr/local/msp430/bin/../lib/gcc/msp430/4.7.2/../../../../msp430/lib/mmpy-16/libc.a(memcmp.o)
                0x000104bc                memcmp
 .text.memcpy   0x000104ec       0xfa /usr/local/msp430/bin/../lib/gcc/msp430/4.7.2/../../../../msp430/lib/mmpy-16/libc.a(memcpy.o)
                0x000104ec                memcpy
 .text.memmove  0x000105e6       0xfa /usr/local/msp430/bin/../lib/gcc/msp430/4.7.2/../../../../msp430/lib/mmpy-16/libc.a(memmove.o)
                0x000105e6                memmove
 .text.memset   0x000106e0       0x6a /usr/local/msp430/bin/../lib/gcc/msp430/4.7.2/../../../../msp430/lib/mmpy-16/libc.a(memset.o)
                0x000106e0                memset
 .text.crt0     0x0001074a        0x2 /usr/local/msp430/bin/../lib/gcc/msp430/4.7.2/mmpy-16/libcrt0.a(_unexpected_.o)
                0x0001074a                _unexpected_
 .text.libgcc   0x0001074c       0x2c /usr/local/msp430/bin/../lib/gcc/msp430/4.7.2/mmpy-16/libgcc.a(_mulsi3.o)
                0x0001074c                __mulsi3
 .text.libgcc   0x00010778       0x22 /usr/local/msp430/bin/../lib/gcc/msp430/4.7.2/mmpy-16/libgcc.a(_udivmod16.o)
                0x00010778                __udivhi3
                0x00010778                __ext_udivmod16
                0x00010792                __umodhi3
 .text.libgcc   0x0001079a       0x3a /usr/local/msp430/bin/../lib/gcc/msp430/4.7.2/mmpy-16/libgcc.a(_divmod16.o)
                0x0001079a                __ext_divmod16
                0x0001079a                __divhi3
                0x000107cc                __modhi3
 .text.libgcc   0x000107d4       0x40 /usr/local/msp430/bin/../lib/gcc/msp430/4.7.2/mmpy-16/libgcc.a(_udivmod32.o)
                0x000107d4                __udivsi3
                0x000107d4                __ext_udivmod32
                0x0001080a                __umodsi3
 .text.libgcc   0x00010814       0x4c /usr/local/msp430/bin/../lib/gcc/msp430/4.7.2/mmpy-16/libgcc.a(_divmod32.o)
                0x00010814                __ext_divmod32
                0x00010814                __divsi3
                0x00010856                __modsi3
 .text.libgcc   0x00010860       0xf0 /usr/local/msp430/bin/../lib/gcc/msp430/4.7.2/mmpy-16/libgcc.a(_udivmod64.o)
                0x00010860                __xabi_udivmod64
                0x000108be                __udivdi3
                0x000108e4                __umoddi3
                0x00010912                __udivmoddi4
 *(SORT(.near.text) SORT(.near.text.*))

.rodata         0x00010950     0x1cf6
                0x00010950                . = ALIGN (0x2)
 *(SORT(.rodata) SORT(.rodata.*) SORT(.gnu.linkonce.r.*))
 .rodata.get_value
                0x00010950       0x34 build/sky/obj/cc2420.o
 .rodata.set_value
                0x00010984       0x10 build/sky/obj/cc2420.o
 .rodata        0x00010994       0x10 build/sky/obj/button-sensor.o
                0x0001099c                button_sensor
 .rodata        0x000109a4       0x3e build/sky/obj/cc2420.o
                0x000109a4                cc2420_aes_128_driver
                0x000109a8                cc2420_driver
 .rodata        0x000109e2      0x110 build/sky/obj/csma.o
                0x00010ae4                csma_driver
 .rodata        0x00010af2      0x14c build/sky/obj/d-seran.o
                0x00010bf6                d_seran_routing_driver
                0x00010c20                autostart_processes
 .rodata        0x00010c3e       0x5e build/sky/obj/framer-802154.o
                0x00010c96                framer_802154
 .rodata        0x00010c9c        0x8 build/sky/obj/linkaddr.o
                0x00010c9c                linkaddr_null
 .rodata        0x00010ca4       0xca build/sky/obj/log.o
 .rodata        0x00010d6e      0x4e4 build/sky/obj/rpl-dag.o
 .rodata        0x00011252       0x7a build/sky/obj/rpl.o
                0x000112a2                rpl_lite_driver
 .rodata        0x000112cc       0x26 build/sky/obj/sicslowpan.o
                0x000112d8                sicslowpan_driver
                0x000112e0                llprefix
                0x000112e2                unc_mxconf
                0x000112e6                unc_ctxconf
                0x000112ea                unc_llconf
 .rodata        0x000112f2        0x8 /usr/local/msp430/bin/../lib/gcc/msp430/4.7.2/mmpy-16/libgcc.a(_thenan_sf.o)
                0x000112f2                __thenan_sf
 .rodata        0x000112fa       0xf3 build/sky/obj/contiki-main.o
 .rodata        0x000113ed       0xf3 build/sky/obj/csma-output.o
 .rodata        0x000114e0        0xf build/sky/obj/ctimer.o
 .rodata        0x000114ef        0xc build/sky/obj/etimer.o
 .rodata        0x000114fb        0x2 build/sky/obj/frame802154.o
 .rodata        0x000114fd       0x31 build/sky/obj/platform.o
 .rodata        0x0001152e       0x36 build/sky/obj/rpl-dag-root.o
 .rodata        0x00011564      0x265 build/sky/obj/rpl-ext-header.o
 .rodata        0x000117c9      0x4df build/sky/obj/rpl-icmp6.o
 .rodata        0x00011ca8        0xc build/sky/obj/rpl-timers.o
 .rodata        0x00011cb4        0x8 build/sky/obj/sensors.o
 .rodata        0x00011cbc       0x13 build/sky/obj/simple-udp.o
 .rodata        0x00011ccf       0x3e build/sky/obj/stack-check.o
 .rodata        0x00011d0d      0x15f build/sky/obj/tcpip.o
 .rodata        0x00011e6c       0xcb build/sky/obj/uip-ds6-nbr.o
 .rodata        0x00011f37      0x10b build/sky/obj/uip-ds6-route.o
 .rodata        0x00012042       0xb6 build/sky/obj/uip-icmp6.o
 .rodata        0x000120f8       0xae build/sky/obj/uip-nd6.o
 .rodata        0x000121a6       0x9d build/sky/obj/uip-sr.o
 .rodata        0x00012243      0x2cf build/sky/obj/uip6.o
 .rodata        0x00012512       0x2d build/sky/obj/uiplib.o
 .rodata        0x0001253f      0x100 /usr/local/msp430/bin/../lib/gcc/msp430/4.7.2/mmpy-16/libgcc.a(_clz.o)
                0x0001253f                __clz_tab
 .rodata.vuprintf
                0x0001263f        0x7 /usr/local/msp430/bin/../lib/gcc/msp430/4.7.2/../../../../msp430/lib/mmpy-16/libc.a(vuprintf.o)
 *(SORT(.near.rodata) SORT(.near.rodata.*))
                0x00012646                . = ALIGN (0x2)
                0x00012646                _etext = .

.data           0x00001100      0x176 load address 0x00012646
                0x00001100                . = ALIGN (0x2)
                0x00001100                __data_start = .
 *(SORT(.data) SORT(.data.*) SORT(.gnu.linkonce.d.*))
 .data          0x00001100        0xc build/sky/obj/cc2420.o
                0x00001100                cc2420_process
 .data          0x0000110c       0x18 build/sky/obj/csma-output.o
 .data          0x00001124        0xa build/sky/obj/ctimer.o
                0x00001124                ctimer_process
 .data          0x0000112e        0xc build/sky/obj/d-seran.o
                0x0000112e                d_seran_process
 .data          0x0000113a        0xa build/sky/obj/etimer.o
                0x0000113a                etimer_process
 .data          0x00001144        0x2 build/sky/obj/frame802154.o
 .data          0x00001146        0x8 build/sky/obj/link-stats.o
 .data          0x0000114e       0x66 build/sky/obj/log.o
                0x0000114e                all_modules
                0x000011a8                curr_log_level_main
                0x000011aa                curr_log_level_framer
                0x000011ac                curr_log_level_mac
                0x000011ae                curr_log_level_ipv6
                0x000011b0                curr_log_level_tcpip
                0x000011b2                curr_log_level_rpl
 .data          0x000011b4        0x2 build/sky/obj/msp430.o
 .data          0x000011b6        0x8 build/sky/obj/nbr-table.o
 .data          0x000011be        0x4 build/sky/obj/platform.o
                0x000011be                sensors
 .data          0x000011c2       0x10 build/sky/obj/queuebuf.o
 .data          0x000011d2       0x18 build/sky/obj/rpl-icmp6.o
 .data          0x000011ea       0x12 build/sky/obj/rpl-mrhof.o
                0x000011ea                rpl_mrhof
 .data          0x000011fc        0xa build/sky/obj/rpl-neighbor.o
                0x000011fc                rpl_neighbors
 .data          0x00001206        0xa build/sky/obj/sensors.o
                0x00001206                sensors_process
 .data          0x00001210        0xa build/sky/obj/simple-udp.o
                0x00001210                simple_udp_process
 .data          0x0000121a        0xa build/sky/obj/stack-check.o
                0x0000121a                stack_check_process
 .data          0x00001224        0xa build/sky/obj/tcpip.o
                0x00001224                tcpip_process
 .data          0x0000122e        0x8 build/sky/obj/uip-ds6-nbr.o
 .data          0x00001236       0x22 build/sky/obj/uip-ds6-route.o
                0x00001236                nbr_routes
 .data          0x00001258        0xc build/sky/obj/uip-icmp6.o
 .data          0x00001264        0x6 build/sky/obj/uip-nd6.o
 .data          0x0000126a        0x8 build/sky/obj/uip-sr.o
 .data.next     0x00001272        0x4 /usr/local/msp430/bin/../lib/gcc/msp430/4.7.2/../../../../msp430/lib/mmpy-16/libc.a(rand.o)
 *(SORT(.near.data) SORT(.near.data.*))
                0x00001276                . = ALIGN (0x2)
                0x00001276                _edata = .
                0x00012646                __data_load_start = LOADADDR (.data)
                0x00000176                __data_size = SIZEOF (.data)

.bss            0x00001276     0x2526 load address 0x000127bc
                0x00001276                __bss_start = .
 *(SORT(.bss) SORT(.bss.*))
 .bss           0x00001276        0x8 build/sky/obj/button-sensor.o
 .bss           0x0000127e       0x10 build/sky/obj/cc2420.o
 .bss           0x0000128e        0xa build/sky/obj/clock.o
 .bss           0x00001298      0x12c build/sky/obj/csma-output.o
 .bss           0x000013c4        0x4 build/sky/obj/ctimer.o
 .bss           0x000013c8      0x158 build/sky/obj/d-seran.o
 .bss           0x00001520        0x6 build/sky/obj/etimer.o
 .bss           0x00001526       0xa0 build/sky/obj/link-stats.o
 .bss           0x000015c6       0x10 build/sky/obj/log.o
                0x000015c6                curr_log_level_sys
                0x000015c8                curr_log_level_lwm2m
                0x000015ca                curr_log_level_snmp
                0x000015cc                curr_log_level_dtls
                0x000015ce                curr_log_level_coap
                0x000015d0                curr_log_level_6top
                0x000015d2                curr_log_level_nullnet
                0x000015d4                curr_log_level_6lowpan
 .bss           0x000015d6       0xe2 build/sky/obj/mac-sequence.o
 .bss           0x000016b8       0xe4 build/sky/obj/nbr-table.o
 .bss           0x0000179c        0x2 build/sky/obj/netstack.o
 .bss           0x0000179e        0x2 build/sky/obj/node-id.o
                0x0000179e                node_id
 .bss           0x000017a0       0x86 build/sky/obj/packetbuf.o
 .bss           0x00001826        0x8 build/sky/obj/platform.o
 .bss           0x0000182e       0xc4 build/sky/obj/process.o
 .bss           0x000018f2      0xae0 build/sky/obj/queuebuf.o
 .bss           0x000023d2       0x12 build/sky/obj/rpl-dag-root.o
 .bss           0x000023e4       0x80 build/sky/obj/rpl-neighbor.o
 .bss           0x00002464       0x28 build/sky/obj/rpl-timers.o
 .bss           0x0000248c        0x6 build/sky/obj/sensors.o
 .bss           0x00002492      0x6cc build/sky/obj/sicslowpan.o
 .bss           0x00002b5e        0xe build/sky/obj/stack-check.o
 .bss           0x00002b6c        0xc build/sky/obj/tcpip.o
 .bss           0x00002b78       0x9a build/sky/obj/uart1.o
 .bss           0x00002c12      0x120 build/sky/obj/uip-ds6-nbr.o
 .bss           0x00002d32      0x2e2 build/sky/obj/uip-ds6-route.o
 .bss           0x00003014       0x28 build/sky/obj/uip-ds6.o
 .bss           0x0000303c       0x14 build/sky/obj/uip-icmp6.o
 .bss           0x00003050        0x8 build/sky/obj/uip-nd6.o
 .bss           0x00003058      0x134 build/sky/obj/uip-sr.o
 .bss           0x0000318c        0x8 build/sky/obj/uip6.o
                0x0000318c                uip_last_proto
                0x0000318e                uip_ext_len
                0x00003190                uip_ext_bitmap
 .bss           0x00003194       0x20 build/sky/obj/uipbuf.o
 .bss           0x000031b4        0x2 build/sky/obj/watchdog.o
 .bss.destination_
                0x000031b6        0x2 /usr/local/msp430/bin/../lib/gcc/msp430/4.7.2/../../../../msp430/lib/mmpy-16/libc.a(sprintf.o)
 .bss.available_
                0x000031b8        0x2 /usr/local/msp430/bin/../lib/gcc/msp430/4.7.2/../../../../msp430/lib/mmpy-16/libc.a(sprintf.o)
 .bss           0x000031ba        0x1 build/sky/obj/rpl.o
 .bss           0x000031bb       0xf1 build/sky/obj/simple-udp.o
 *(SORT(.near.bss) SORT(.near.bss.*))
 *(SORT(COMMON))
 COMMON         0x000032ac        0xc build/sky/obj/cc2420.o
                0x000032ac                cc2420_last_rssi
                0x000032ae                cc2420_sfd_start_time
                0x000032b0                cc2420_last_correlation
                0x000032b2                cc2420_authority_level_of_sender
                0x000032b4                cc2420_sfd_counter
                0x000032b6                cc2420_sfd_end_time
 COMMON         0x000032b8       0x38 build/sky/obj/energest.o
                0x000032b8                energest_total_time
                0x000032e0                energest_current_mode
                0x000032e6                energest_current_time
 COMMON         0x000032f0       0x14 build/sky/obj/link-stats.o
                0x000032f0                periodic_timer
 COMMON         0x00003304        0x8 build/sky/obj/linkaddr.o
                0x00003304                linkaddr_node_addr
 COMMON         0x0000330c        0x2 build/sky/obj/msp430.o
                0x0000330c                msp430_dco_required
 COMMON         0x0000330e       0x28 build/sky/obj/packetbuf.o
                0x0000330e                packetbuf_addrs
                0x0000331e                packetbuf_attrs
 COMMON         0x00003336        0x4 build/sky/obj/process.o
                0x00003336                process_list
                0x00003338                process_current
 COMMON         0x0000333a       0xfe build/sky/obj/rpl-dag.o
                0x0000333a                curr_instance
 COMMON         0x00003438       0x10 build/sky/obj/rpl.o
                0x00003438                rpl_multicast_addr
 COMMON         0x00003448      0x172 build/sky/obj/uip-ds6.o
                0x00003448                uip_ds6_timer_ra
                0x00003450                uip_ds6_if
                0x00003558                uip_ds6_netif_addr_list_offset
                0x00003559                uip_ds6_addr_size
                0x0000355a                uip_ds6_prefix_list
                0x000035ae                uip_ds6_timer_periodic
 COMMON         0x000035ba      0x1d6 build/sky/obj/uip6.o
                0x000035ba                uip_len
                0x000035bc                uip_sappdata
                0x000035be                uip_lladdr
                0x000035c6                uip_aligned_buf
                0x000036b6                uip_flags
                0x000036b8                uip_udp_conn
                0x000036ba                uip_appdata
                0x000036bc                uip_conn
                0x000036be                uip_slen
                0x000036c0                uip_udp_conns
 COMMON         0x00003790        0x8 build/sky/obj/ds2411.o
                0x00003790                ds2411_id
 COMMON         0x00003798        0x2 build/sky/obj/platform.o
                0x00003798                sensors_flags
 COMMON         0x0000379a        0x1 build/sky/obj/sensors.o
                0x0000379a                sensors_event
 COMMON         0x0000379b        0x1 build/sky/obj/tcpip.o
                0x0000379b                tcpip_event
                0x0000379c                . = ALIGN (0x2)
                0x0000379c                __bss_end = .
                0x00002526                __bss_size = SIZEOF (.bss)

.noinit         0x0000379c        0x2 load address 0x000127bc
                0x0000379c                . = ALIGN (0x2)
                0x0000379c                __noinit_start = .
 *(SORT(.noinit) SORT(.noinit.*))
 .noinit.crt0   0x0000379c        0x2 /usr/local/msp430/bin/../lib/gcc/msp430/4.7.2/mmpy-16/libcrt0.a(__watchdog_support.o)
                0x0000379c                __wdt_clear_value
                0x0000379e                . = ALIGN (0x2)
                0x0000379e                __noinit_end = .
                0x0000379e                . = ALIGN (0x2)
                0x0000379e                _end = .

.infomem        0x00001000        0x0
                0x00001000                . = ALIGN (0x2)
 *(SORT(.infomem) SORT(.infomem.*))

.infomemnobits  0x00001000        0x0
                0x00001000                . = ALIGN (0x2)
 *(SORT(.infomemnobits) SORT(.infomemnobits.*))

.infoa          0x00001080        0x0
                0x00001080                . = ALIGN (0x2)
 *(SORT(.infoa) SORT(.infoa.*))

.infob          0x00001000        0x0
                0x00001000                . = ALIGN (0x2)
 *(SORT(.infob) SORT(.infob.*))

.infoc          0x00000000        0x0
                0x00000000                . = ALIGN (0x2)