Archive member included because of file (symbol)

/usr/local/msp430/bin/../lib/gcc/msp430/4.7.2/../../../../msp430/lib/mcpu-430x/mmpy-16/msr20/mc20/libm.a(sf_sin.o)
                              build/z1/obj/mobility.o (sin)
/usr/local/msp430/bin/../lib/gcc/msp430/4.7.2/../../../../msp430/lib/mcpu-430x/mmpy-16/msr20/mc20/libm.a(kf_cos.o)
                              /usr/local/msp430/bin/../lib/gcc/msp430/4.7.2/../../../../msp430/lib/mcpu-430x/mmpy-16/msr20/mc20/libm.a(sf_sin.o) (__kernel_cosf)
/usr/local/msp430/bin/../lib/gcc/msp430/4.7.2/../../../../msp430/lib/mcpu-430x/mmpy-16/msr20/mc20/libm.a(ef_rem_pio2.o)
                              /usr/local/msp430/bin/../lib/gcc/msp430/4.7.2/../../../../msp430/lib/mcpu-430x/mmpy-16/msr20/mc20/libm.a(sf_sin.o) (__ieee754_rem_pio2f)
/usr/local/msp430/bin/../lib/gcc/msp430/4.7.2/../../../../msp430/lib/mcpu-430x/mmpy-16/msr20/mc20/libm.a(kf_rem_pio2.o)
                              /usr/local/msp430/bin/../lib/gcc/msp430/4.7.2/../../../../msp430/lib/mcpu-430x/mmpy-16/msr20/mc20/libm.a(ef_rem_pio2.o) (__kernel_rem_pio2f)
/usr/local/msp430/bin/../lib/gcc/msp430/4.7.2/../../../../msp430/lib/mcpu-430x/mmpy-16/msr20/mc20/libm.a(sf_cos.o)
                              build/z1/obj/mobility.o (cos)
/usr/local/msp430/bin/../lib/gcc/msp430/4.7.2/../../../../msp430/lib/mcpu-430x/mmpy-16/msr20/mc20/libm.a(kf_sin.o)
                              /usr/local/msp430/bin/../lib/gcc/msp430/4.7.2/../../../../msp430/lib/mcpu-430x/mmpy-16/msr20/mc20/libm.a(sf_sin.o) (__kernel_sinf)
/usr/local/msp430/bin/../lib/gcc/msp430/4.7.2/../../../../msp430/lib/mcpu-430x/mmpy-16/msr20/mc20/libm.a(sf_scalbn.o)
                              /usr/local/msp430/bin/../lib/gcc/msp430/4.7.2/../../../../msp430/lib/mcpu-430x/mmpy-16/msr20/mc20/libm.a(kf_rem_pio2.o) (scalbnf)
/usr/local/msp430/bin/../lib/gcc/msp430/4.7.2/../../../../msp430/lib/mcpu-430x/mmpy-16/msr20/mc20/libm.a(sf_floor.o)
                              /usr/local/msp430/bin/../lib/gcc/msp430/4.7.2/../../../../msp430/lib/mcpu-430x/mmpy-16/msr20/mc20/libm.a(kf_rem_pio2.o) (floorf)
/usr/local/msp430/bin/../lib/gcc/msp430/4.7.2/mcpu-430x/mmpy-16/msr20/mc20/libgcc.a(_mulsi3.o)
                              build/z1/obj/cfs-coffee.o (__mulsi3)
/usr/local/msp430/bin/../lib/gcc/msp430/4.7.2/mcpu-430x/mmpy-16/msr20/mc20/libgcc.a(_udivmod16.o)
                              build/z1/obj/cfs-coffee.o (__udivhi3)
/usr/local/msp430/bin/../lib/gcc/msp430/4.7.2/mcpu-430x/mmpy-16/msr20/mc20/libgcc.a(_divmod16.o)
                              build/z1/obj/link-stats.o (__divhi3)
/usr/local/msp430/bin/../lib/gcc/msp430/4.7.2/mcpu-430x/mmpy-16/msr20/mc20/libgcc.a(_udivmod32.o)
                              build/z1/obj/ifft.o (__udivsi3)
/usr/local/msp430/bin/../lib/gcc/msp430/4.7.2/mcpu-430x/mmpy-16/msr20/mc20/libgcc.a(_divmod32.o)
                              build/z1/obj/cfs-coffee.o (__divsi3)
/usr/local/msp430/bin/../lib/gcc/msp430/4.7.2/mcpu-430x/mmpy-16/msr20/mc20/libgcc.a(_addsub_sf.o)
                              build/z1/obj/d-seran.o (__addsf3)
/usr/local/msp430/bin/../lib/gcc/msp430/4.7.2/mcpu-430x/mmpy-16/msr20/mc20/libgcc.a(_mul_sf.o)
                              build/z1/obj/d-seran.o (__mulsf3)
/usr/local/msp430/bin/../lib/gcc/msp430/4.7.2/mcpu-430x/mmpy-16/msr20/mc20/libgcc.a(_eq_sf.o)
                              /usr/local/msp430/bin/../lib/gcc/msp430/4.7.2/../../../../msp430/lib/mcpu-430x/mmpy-16/msr20/mc20/libm.a(ef_rem_pio2.o) (__eqsf2)
/usr/local/msp430/bin/../lib/gcc/msp430/4.7.2/mcpu-430x/mmpy-16/msr20/mc20/libgcc.a(_gt_sf.o)
                              build/z1/obj/d-seran.o (__gtsf2)
/usr/local/msp430/bin/../lib/gcc/msp430/4.7.2/mcpu-430x/mmpy-16/msr20/mc20/libgcc.a(_ge_sf.o)
                              /usr/local/msp430/bin/../lib/gcc/msp430/4.7.2/../../../../msp430/lib/mcpu-430x/mmpy-16/msr20/mc20/libm.a(kf_rem_pio2.o) (__gesf2)
/usr/local/msp430/bin/../lib/gcc/msp430/4.7.2/mcpu-430x/mmpy-16/msr20/mc20/libgcc.a(_lt_sf.o)
                              build/z1/obj/d-seran.o (__ltsf2)
/usr/local/msp430/bin/../lib/gcc/msp430/4.7.2/mcpu-430x/mmpy-16/msr20/mc20/libgcc.a(_si_to_sf.o)
                              /usr/local/msp430/bin/../lib/gcc/msp430/4.7.2/../../../../msp430/lib/mcpu-430x/mmpy-16/msr20/mc20/libm.a(ef_rem_pio2.o) (__floatsisf)
/usr/local/msp430/bin/../lib/gcc/msp430/4.7.2/mcpu-430x/mmpy-16/msr20/mc20/libgcc.a(_sf_to_si.o)
                              /usr/local/msp430/bin/../lib/gcc/msp430/4.7.2/../../../../msp430/lib/mcpu-430x/mmpy-16/msr20/mc20/libm.a(kf_cos.o) (__fixsfsi)
/usr/local/msp430/bin/../lib/gcc/msp430/4.7.2/mcpu-430x/mmpy-16/msr20/mc20/libgcc.a(_thenan_sf.o)
                              /usr/local/msp430/bin/../lib/gcc/msp430/4.7.2/mcpu-430x/mmpy-16/msr20/mc20/libgcc.a(_addsub_sf.o) (__thenan_sf)
/usr/local/msp430/bin/../lib/gcc/msp430/4.7.2/mcpu-430x/mmpy-16/msr20/mc20/libgcc.a(_usi_to_sf.o)
                              build/z1/obj/d-seran.o (__floatunsisf)
[...]
Memory Configuration

Name             Origin             Length             Attributes
sfr              0x00000000         0x00000010
peripheral_8bit  0x00000010         0x000000f0
peripheral_16bit 0x00000100         0x00000100
ram_mirror       0x00000200         0x00000800         xw
infomem          0x00001000         0x00000100
infod            0x00001000         0x00000040
infoc            0x00001040         0x00000040
infob            0x00001080         0x00000040
infoa            0x000010c0         0x00000040
ram              0x00001100         0x00002000         xw
rom              0x00003100         0x0000cebe         xr
vectors          0x0000ffc0         0x00000040
far_rom          0x00010000         0x0000a000
bsl              0x00000000         0x00000000
ram2             0x00000000         0x00000000         xw
usbram           0x00000000         0x00000000         xw
*default*        0x00000000         0xffffffff

Linker script and memory map

LOAD /usr/local/msp430/bin/../lib/gcc/msp430/4.7.2/mcpu-430x/mmpy-16/msr20/mc20/crt0ivtbl32.o
                0x00000041                __P1SEL2 = 0x41
                0x00000045                __P5SEL2 = 0x45
                0x000034ce                _stack = _end
LOAD build/z1/obj/adxl345.o
LOAD build/z1/obj/aes-128.o
LOAD build/z1/obj/anti-replay.o
LOAD build/z1/obj/assert.o
LOAD build/z1/obj/atomic.o
LOAD build/z1/obj/autostart.o
LOAD build/z1/obj/battery-sensor.o
LOAD build/z1/obj/button-hal.o
LOAD build/z1/obj/button-sensor.o
LOAD build/z1/obj/cbor.o
LOAD build/z1/obj/cc2420-arch-sfd.o
LOAD build/z1/obj/cc2420-arch.o
LOAD build/z1/obj/cc2420-tsch-15ms.o
LOAD build/z1/obj/cc2420.o
LOAD build/z1/obj/ccm-star-packetbuf.o
LOAD build/z1/obj/ccm-star.o
LOAD build/z1/obj/cfs-coffee.o
LOAD build/z1/obj/circular-list.o
LOAD build/z1/obj/clock.o
LOAD build/z1/obj/compower.o
LOAD build/z1/obj/contiki-main.o
LOAD build/z1/obj/crc16.o
LOAD build/z1/obj/csma-output.o
LOAD build/z1/obj/csma-security.o
LOAD build/z1/obj/csma.o
LOAD build/z1/obj/csprng.o
LOAD build/z1/obj/ctimer.o
LOAD build/z1/obj/d-seran.o
LOAD build/z1/obj/dbl-circ-list.o
LOAD build/z1/obj/dbl-list.o
LOAD build/z1/obj/energest.o
LOAD build/z1/obj/etimer.o
LOAD build/z1/obj/flash.o
LOAD build/z1/obj/frame802154.o
LOAD build/z1/obj/frame802154e-ie.o
LOAD build/z1/obj/framer-802154.o
LOAD build/z1/obj/gpio-hal.o
LOAD build/z1/obj/heapmem.o
LOAD build/z1/obj/hexconv.o
LOAD build/z1/obj/i2cmaster.o
LOAD build/z1/obj/ifft.o
LOAD build/z1/obj/int-master.o
LOAD build/z1/obj/ip64-addr.o
LOAD build/z1/obj/iq-seeder.o
LOAD build/z1/obj/leds-arch.o
LOAD build/z1/obj/leds.o
LOAD build/z1/obj/light-sensor.o
LOAD build/z1/obj/link-stats.o
LOAD build/z1/obj/linkaddr.o
LOAD build/z1/obj/list.o
LOAD build/z1/obj/log.o
LOAD build/z1/obj/lpm.o
LOAD build/z1/obj/mac-sequence.o
LOAD build/z1/obj/memb.o
LOAD build/z1/obj/mobility.o
LOAD build/z1/obj/msp430.o
LOAD build/z1/obj/mutex.o
LOAD build/z1/obj/nbr-table.o
LOAD build/z1/obj/net-debug.o
LOAD build/z1/obj/netstack.o
LOAD build/z1/obj/node-id-z1.o
LOAD build/z1/obj/node-id.o
LOAD build/z1/obj/nullframer.o
LOAD build/z1/obj/nullradio.o
LOAD build/z1/obj/packetbuf.o
LOAD build/z1/obj/platform.o
LOAD build/z1/obj/process.o
LOAD build/z1/obj/psock.o
LOAD build/z1/obj/queuebuf.o
LOAD build/z1/obj/random.o
LOAD build/z1/obj/ringbuf.o
LOAD build/z1/obj/ringbufindex.o
LOAD build/z1/obj/rpl-dag-root.o
LOAD build/z1/obj/rpl-dag.o
LOAD build/z1/obj/rpl-ext-header.o
LOAD build/z1/obj/rpl-icmp6.o
LOAD build/z1/obj/rpl-mrhof.o
LOAD build/z1/obj/rpl-nbr-policy.o
LOAD build/z1/obj/rpl-neighbor.o
LOAD build/z1/obj/rpl-of0.o
LOAD build/z1/obj/rpl-timers.o
LOAD build/z1/obj/rpl.o
LOAD build/z1/obj/rtimer-arch.o
LOAD build/z1/obj/rtimer.o
LOAD build/z1/obj/sensors.o
LOAD build/z1/obj/serial-line.o
LOAD build/z1/obj/sha-256.o
LOAD build/z1/obj/sicslowpan.o
LOAD build/z1/obj/simple-udp.o
LOAD build/z1/obj/sky-sensors.o
LOAD build/z1/obj/slip.o
LOAD build/z1/obj/slip_uart0.o
LOAD build/z1/obj/spi-legacy.o
LOAD build/z1/obj/spi.o
LOAD build/z1/obj/stack-check.o
LOAD build/z1/obj/stimer.o
LOAD build/z1/obj/tcp-socket.o
LOAD build/z1/obj/tcpip.o
LOAD build/z1/obj/temperature-sensor.o
LOAD build/z1/obj/timer.o
LOAD build/z1/obj/tmp102.o
LOAD build/z1/obj/trickle-timer.o
LOAD build/z1/obj/uart-putchar.o
LOAD build/z1/obj/uart0.o
LOAD build/z1/obj/udp-socket.o
LOAD build/z1/obj/uip-ds6-nbr.o
LOAD build/z1/obj/uip-ds6-route.o
LOAD build/z1/obj/uip-ds6.o
LOAD build/z1/obj/uip-icmp6.o
LOAD build/z1/obj/uip-ipchksum.o
LOAD build/z1/obj/uip-nameserver.o
LOAD build/z1/obj/uip-nd6.o
LOAD build/z1/obj/uip-packetqueue.o
LOAD build/z1/obj/uip-sr.o
LOAD build/z1/obj/uip-udp-packet.o
LOAD build/z1/obj/uip6.o
LOAD build/z1/obj/uipbuf.o
LOAD build/z1/obj/uiplib.o
LOAD build/z1/obj/watchdog.o
LOAD build/z1/obj/xmem.o
LOAD build/z1/obj/z1-phidgets.o
LOAD build/z1/obj/z1-sensors.o
LOAD /usr/local/msp430/bin/../lib/gcc/msp430/4.7.2/../../../../msp430/lib/mcpu-430x/mmpy-16/msr20/mc20/libm.a
LOAD /usr/local/msp430/bin/../lib/gcc/msp430/4.7.2/mcpu-430x/mmpy-16/msr20/mc20/libgcc.a
LOAD /usr/local/msp430/bin/../lib/gcc/msp430/4.7.2/../../../../msp430/lib/mcpu-430x/mmpy-16/msr20/mc20/libc.a
LOAD /usr/local/msp430/bin/../lib/gcc/msp430/4.7.2/mcpu-430x/mmpy-16/msr20/mc20/libgcc.a
LOAD /usr/local/msp430/bin/../lib/gcc/msp430/4.7.2/mcpu-430x/mmpy-16/msr20/mc20/libcrt0.a
                0x00000040                PROVIDE (__info_segment_size, 0x40)
                0x00001000                PROVIDE (__infod, 0x1000)
                0x00001040                PROVIDE (__infoc, 0x1040)
                0x00001080                PROVIDE (__infob, 0x1080)
                0x000010c0                PROVIDE (__infoa, 0x10c0)
                0x00000000                __IE1 = 0x0
                0x00000002                __IFG1 = 0x2
                0x00000001                __IE2 = 0x1
                0x00000003                __IFG2 = 0x3
                0x00000006                __UC1IE = 0x6
                0x00000007                __UC1IFG = 0x7
                0x000001a0                __ADC12CTL0 = 0x1a0
                0x000001a2                __ADC12CTL1 = 0x1a2
                0x000001a4                __ADC12IFG = 0x1a4
                0x000001a6                __ADC12IE = 0x1a6
                0x000001a8                __ADC12IV = 0x1a8
                0x00000140                __ADC12MEM0 = 0x140
                0x00000142                __ADC12MEM1 = 0x142
                0x00000144                __ADC12MEM2 = 0x144
                0x00000146                __ADC12MEM3 = 0x146
                0x00000148                __ADC12MEM4 = 0x148
                0x0000014a                __ADC12MEM5 = 0x14a
                0x0000014c                __ADC12MEM6 = 0x14c
                0x0000014e                __ADC12MEM7 = 0x14e
                0x00000150                __ADC12MEM8 = 0x150
                0x00000152                __ADC12MEM9 = 0x152
                0x00000154                __ADC12MEM10 = 0x154
                0x00000156                __ADC12MEM11 = 0x156
                0x00000158                __ADC12MEM12 = 0x158
                0x0000015a                __ADC12MEM13 = 0x15a
                0x0000015c                __ADC12MEM14 = 0x15c
                0x0000015e                __ADC12MEM15 = 0x15e
                0x00000080                __ADC12MCTL0 = 0x80
                0x00000081                __ADC12MCTL1 = 0x81
                0x00000082                __ADC12MCTL2 = 0x82
                0x00000083                __ADC12MCTL3 = 0x83
                0x00000084                __ADC12MCTL4 = 0x84
                0x00000085                __ADC12MCTL5 = 0x85
                0x00000086                __ADC12MCTL6 = 0x86
                0x00000087                __ADC12MCTL7 = 0x87
                0x00000088                __ADC12MCTL8 = 0x88
                0x00000089                __ADC12MCTL9 = 0x89
                0x0000008a                __ADC12MCTL10 = 0x8a
                0x0000008b                __ADC12MCTL11 = 0x8b
                0x0000008c                __ADC12MCTL12 = 0x8c
                0x0000008d                __ADC12MCTL13 = 0x8d
                0x0000008e                __ADC12MCTL14 = 0x8e
                0x0000008f                __ADC12MCTL15 = 0x8f
                0x00000056                __DCOCTL = 0x56
                0x00000057                __BCSCTL1 = 0x57
                0x00000058                __BCSCTL2 = 0x58
                0x00000053                __BCSCTL3 = 0x53
                0x00000059                __CACTL1 = 0x59
                0x0000005a                __CACTL2 = 0x5a
                0x0000005b                __CAPD = 0x5b
                0x000001c0                __DAC12_0CTL = 0x1c0
                0x000001c2                __DAC12_1CTL = 0x1c2
                0x000001c8                __DAC12_0DAT = 0x1c8
                0x000001ca                __DAC12_1DAT = 0x1ca
                0x00000122                __DMACTL0 = 0x122
                0x00000124                __DMACTL1 = 0x124
                0x00000126                __DMAIV = 0x126
                0x000001d0                __DMA0CTL = 0x1d0
                0x000001dc                __DMA1CTL = 0x1dc
                0x000001e8                __DMA2CTL = 0x1e8
                0x000001d2                __DMA0SA = 0x1d2
                0x000001d2                __DMA0SAL = 0x1d2
                0x000001d6                __DMA0DA = 0x1d6
                0x000001d6                __DMA0DAL = 0x1d6
                0x000001da                __DMA0SZ = 0x1da
                0x000001de                __DMA1SA = 0x1de
                0x000001de                __DMA1SAL = 0x1de
                0x000001e2                __DMA1DA = 0x1e2
                0x000001e2                __DMA1DAL = 0x1e2
                0x000001e6                __DMA1SZ = 0x1e6
                0x000001ea                __DMA2SA = 0x1ea
                0x000001ea                __DMA2SAL = 0x1ea
                0x000001ee                __DMA2DA = 0x1ee
                0x000001ee                __DMA2DAL = 0x1ee
                0x000001f2                __DMA2SZ = 0x1f2
                0x00000128                __FCTL1 = 0x128
                0x0000012a                __FCTL2 = 0x12a
                0x0000012c                __FCTL3 = 0x12c
                0x000001be                __FCTL4 = 0x1be
                0x00000130                __MPY = 0x130
                0x00000132                __MPYS = 0x132
                0x00000134                __MAC = 0x134
                0x00000136                __MACS = 0x136
                0x00000138                __OP2 = 0x138
                0x0000013a                __RESLO = 0x13a
                0x0000013c                __RESHI = 0x13c
                0x0000013e                __SUMEXT = 0x13e
                0x00000020                __P1IN = 0x20
                0x00000021                __P1OUT = 0x21
                0x00000022                __P1DIR = 0x22
                0x00000023                __P1IFG = 0x23
                0x00000024                __P1IES = 0x24
                0x00000025                __P1IE = 0x25
                0x00000026                __P1SEL = 0x26
                0x00000027                __P1REN = 0x27
                0x00000028                __P2IN = 0x28
                0x00000029                __P2OUT = 0x29
                0x0000002a                __P2DIR = 0x2a
                0x0000002b                __P2IFG = 0x2b
                0x0000002c                __P2IES = 0x2c
                0x0000002d                __P2IE = 0x2d
                0x0000002e                __P2SEL = 0x2e
                0x0000002f                __P2REN = 0x2f
                0x00000018                __P3IN = 0x18
                0x00000019                __P3OUT = 0x19
                0x0000001a                __P3DIR = 0x1a
                0x0000001b                __P3SEL = 0x1b
                0x00000010                __P3REN = 0x10
                0x0000001c                __P4IN = 0x1c
                0x0000001d                __P4OUT = 0x1d
                0x0000001e                __P4DIR = 0x1e
                0x0000001f                __P4SEL = 0x1f
                0x00000011                __P4REN = 0x11
                0x00000030                __P5IN = 0x30
                0x00000031                __P5OUT = 0x31
                0x00000032                __P5DIR = 0x32
                0x00000033                __P5SEL = 0x33
                0x00000012                __P5REN = 0x12
                0x00000034                __P6IN = 0x34
                0x00000035                __P6OUT = 0x35
                0x00000036                __P6DIR = 0x36
                0x00000037                __P6SEL = 0x37
                0x00000013                __P6REN = 0x13
                0x00000038                __P7IN = 0x38
                0x0000003a                __P7OUT = 0x3a
                0x0000003c                __P7DIR = 0x3c
                0x0000003e                __P7SEL = 0x3e
                0x00000014                __P7REN = 0x14
                0x00000039                __P8IN = 0x39
                0x0000003b                __P8OUT = 0x3b
                0x0000003d                __P8DIR = 0x3d
                0x0000003f                __P8SEL = 0x3f
                0x00000015                __P8REN = 0x15
                0x00000038                __PAIN = 0x38
                0x0000003a                __PAOUT = 0x3a
                0x0000003c                __PADIR = 0x3c
                0x0000003e                __PASEL = 0x3e
                0x00000014                __PAREN = 0x14
                0x00000055                __SVSCTL = 0x55
                0x0000012e                __TAIV = 0x12e
                0x00000160                __TACTL = 0x160
                0x00000162                __TACCTL0 = 0x162
                0x00000164                __TACCTL1 = 0x164
                0x00000166                __TACCTL2 = 0x166
                0x00000170                __TAR = 0x170
                0x00000172                __TACCR0 = 0x172
                0x00000174                __TACCR1 = 0x174
                0x00000176                __TACCR2 = 0x176
                0x0000011e                __TBIV = 0x11e
                0x00000180                __TBCTL = 0x180
                0x00000182                __TBCCTL0 = 0x182
                0x00000184                __TBCCTL1 = 0x184
                0x00000186                __TBCCTL2 = 0x186
                0x00000188                __TBCCTL3 = 0x188
                0x0000018a                __TBCCTL4 = 0x18a
                0x0000018c                __TBCCTL5 = 0x18c
                0x0000018e                __TBCCTL6 = 0x18e
                0x00000190                __TBR = 0x190
                0x00000192                __TBCCR0 = 0x192
                0x00000194                __TBCCR1 = 0x194
                0x00000196                __TBCCR2 = 0x196
                0x00000198                __TBCCR3 = 0x198
                0x0000019a                __TBCCR4 = 0x19a
                0x0000019c                __TBCCR5 = 0x19c
                0x0000019e                __TBCCR6 = 0x19e
                0x00000060                __UCA0CTL0 = 0x60
                0x00000061                __UCA0CTL1 = 0x61
                0x00000062                __UCA0BR0 = 0x62
                0x00000063                __UCA0BR1 = 0x63
                0x00000064                __UCA0MCTL = 0x64
                0x00000065                __UCA0STAT = 0x65
                0x00000066                __UCA0RXBUF = 0x66
                0x00000067                __UCA0TXBUF = 0x67
                0x0000005d                __UCA0ABCTL = 0x5d
                0x0000005e                __UCA0IRTCTL = 0x5e
                0x0000005f                __UCA0IRRCTL = 0x5f
                0x00000068                __UCB0CTL0 = 0x68
                0x00000069                __UCB0CTL1 = 0x69
                0x0000006a                __UCB0BR0 = 0x6a
                0x0000006b                __UCB0BR1 = 0x6b
                0x0000006c                __UCB0I2CIE = 0x6c
                0x0000006d                __UCB0STAT = 0x6d
                0x0000006e                __UCB0RXBUF = 0x6e
                0x0000006f                __UCB0TXBUF = 0x6f
                0x00000118                __UCB0I2COA = 0x118
                0x0000011a                __UCB0I2CSA = 0x11a
                0x000000d0                __UCA1CTL0 = 0xd0
                0x000000d1                __UCA1CTL1 = 0xd1
                0x000000d2                __UCA1BR0 = 0xd2
                0x000000d3                __UCA1BR1 = 0xd3
                0x000000d4                __UCA1MCTL = 0xd4
                0x000000d5                __UCA1STAT = 0xd5
                0x000000d6                __UCA1RXBUF = 0xd6
                0x000000d7                __UCA1TXBUF = 0xd7
                0x000000cd                __UCA1ABCTL = 0xcd
                0x000000ce                __UCA1IRTCTL = 0xce
                0x000000cf                __UCA1IRRCTL = 0xcf
                0x000000d8                __UCB1CTL0 = 0xd8
                0x000000d9                __UCB1CTL1 = 0xd9
                0x000000da                __UCB1BR0 = 0xda
                0x000000db                __UCB1BR1 = 0xdb
                0x000000dc                __UCB1I2CIE = 0xdc
                0x000000dd                __UCB1STAT = 0xdd
                0x000000de                __UCB1RXBUF = 0xde
                0x000000df                __UCB1TXBUF = 0xdf
                0x0000017c                __UCB1I2COA = 0x17c
                0x0000017e                __UCB1I2CSA = 0x17e
                0x00000120                __WDTCTL = 0x120
                0x000010c0                __TLV_CHECKSUM = 0x10c0
                0x000010f6                __TLV_DCO_30_TAG = 0x10f6
                0x000010f7                __TLV_DCO_30_LEN = 0x10f7
                0x000010da                __TLV_ADC12_1_TAG = 0x10da
                0x000010db                __TLV_ADC12_1_LEN = 0x10db
                0x000010f8                __CALDCO_16MHZ = 0x10f8
                0x000010f9                __CALBC1_16MHZ = 0x10f9
                0x000010fa                __CALDCO_12MHZ = 0x10fa
                0x000010fb                __CALBC1_12MHZ = 0x10fb
                0x000010fc                __CALDCO_8MHZ = 0x10fc
                0x000010fd                __CALBC1_8MHZ = 0x10fd
                0x000010fe                __CALDCO_1MHZ = 0x10fe
                0x000010ff                __CALBC1_1MHZ = 0x10ff

.hash
 *(SORT(.hash))

.dynsym
 *(SORT(.dynsym))

.dynstr
 *(SORT(.dynstr))

.gnu.version
 *(SORT(.gnu.version))

.gnu.version_d
 *(SORT(.gnu.version_d))

.gnu.version_r
 *(SORT(.gnu.version_r))

.rel.init
 *(SORT(.rel.init))

.rela.init
 *(SORT(.rela.init))

.rel.fini
 *(SORT(.rel.fini))

.rela.fini
 *(SORT(.rela.fini))

.rel.text
 *(SORT(.rel.text) SORT(.rel.text.*) SORT(.rel.gnu.linkonce.t.*))

.rela.text
 *(SORT(.rela.text) SORT(.rela.text.*) SORT(.rela.gnu.linkonce.t.*))

.rel.rodata
 *(SORT(.rel.rodata) SORT(.rel.rodata.*) SORT(.rel.gnu.linkonce.r.*))

.rela.rodata
 *(SORT(.rela.rodata) SORT(.rela.rodata.*) SORT(.rela.gnu.linkonce.r.*))

.rel.data
 *(SORT(.rel.data) SORT(.rel.data.*) SORT(.rel.gnu.linkonce.d.*))

.rela.data
 *(SORT(.rela.data) SORT(.rela.data.*) SORT(.rela.gnu.linkonce.d.*))

.rel.bss
 *(SORT(.rel.bss) SORT(.rel.bss.*) SORT(.rel.gnu.linkonce.b.*))

.rela.bss
 *(SORT(.rela.bss) SORT(.rela.bss.*) SORT(.rela.gnu.linkonce.b.*))

.rel.ctors
 *(SORT(.rel.ctors))

.rela.ctors
 *(SORT(.rela.ctors))

.rel.dtors
 *(SORT(.rel.dtors))

.rela.dtors
 *(SORT(.rela.dtors))

.rel.got
 *(SORT(.rel.got))

.rela.got
 *(SORT(.rela.got))

.rel.plt
 *(SORT(.rel.plt))

.rela.plt
 *(SORT(.rela.plt))

.text           0x00003100     0xb11a
                0x00003100                . = ALIGN (0x2)
 *(SORT(.init) SORT(.init.*))
 *(SORT(.init0))
 .init0         0x00003100        0x0 /usr/local/msp430/bin/../lib/gcc/msp430/4.7.2/mcpu-430x/mmpy-16/msr20/mc20/libcrt0.a(_reset_vector__.o)
                0x00003100                _reset_vector__
 *(SORT(.init1))
 .init1         0x00003100        0xc /usr/local/msp430/bin/../lib/gcc/msp430/4.7.2/mcpu-430x/mmpy-16/msr20/mc20/libcrt0.a(__watchdog_support.o)
                0x00003100                __watchdog_support
 *(SORT(.init2))
 .init2         0x0000310c        0x4 /usr/local/msp430/bin/../lib/gcc/msp430/4.7.2/mcpu-430x/mmpy-16/msr20/mc20/libcrt0.a(__init_stack.o)
                0x0000310c                __init_stack
 *(SORT(.init3))
 .init3         0x00003110        0x0 /usr/local/msp430/bin/../lib/gcc/msp430/4.7.2/mcpu-430x/mmpy-16/msr20/mc20/libcrt0.a(__low_level_init.o)
                0x00003110                __low_level_init
 *(SORT(.init4))
 .init4         0x00003110       0x18 /usr/local/msp430/bin/../lib/gcc/msp430/4.7.2/mcpu-430x/mmpy-16/msr20/mc20/libcrt0.a(_copy_data.o)
                0x00003110                __do_copy_data
 .init4         0x00003128       0x16 /usr/local/msp430/bin/../lib/gcc/msp430/4.7.2/mcpu-430x/mmpy-16/msr20/mc20/libcrt0.a(_clear_bss.o)
                0x00003128                __do_clear_bss
 *(SORT(.init5))
 *(SORT(.init6))
 *(SORT(.init7))
 *(SORT(.init8))
 *(SORT(.init9))
 .init9         0x0000313e      0x23c build/z1/obj/contiki-main.o
                0x0000313e                main
 *(SORT(.fini9))
 .fini9         0x0000337a        0x0 /usr/local/msp430/bin/../lib/gcc/msp430/4.7.2/mcpu-430x/mmpy-16/msr20/mc20/libcrt0.a(__stop_progExec__.o)
                0x0000337a                __stop_progExec__
 *(SORT(.fini8))
 *(SORT(.fini7))
 *(SORT(.fini6))
 *(SORT(.fini5))
 *(SORT(.fini4))
 *(SORT(.fini3))
 *(SORT(.fini2))
 *(SORT(.fini1))
 *(SORT(.fini0))
 .fini0         0x0000337a        0x6 /usr/local/msp430/bin/../lib/gcc/msp430/4.7.2/mcpu-430x/mmpy-16/msr20/mc20/libcrt0.a(_endless_loop__.o)
                0x0000337a                _endless_loop__
 *(SORT(.fini) SORT(.fini.*))
                0x00003380                . = ALIGN (0x2)
                0x00003380                __ctors_start = .
 *(SORT(.ctors))
                0x00003380                __ctors_end = .
                0x00003380                __dtors_start = .
 *(SORT(.dtors))
                0x00003380                __dtors_end = .
                0x00003380                . = ALIGN (0x2)
 *(SORT(.text) SORT(.text.*) SORT(.gnu.linkonce.t.*))
 .text          0x00003380        0x4 /usr/local/msp430/bin/../lib/gcc/msp430/4.7.2/mcpu-430x/mmpy-16/msr20/mc20/crt0ivtbl32.o
                0x00003380                __isr_14
                0x00003380                __isr_24
                0x00003380                __isr_4
                0x00003380                __isr_29
                0x00003380                __isr_11
                0x00003380                __isr_26
                0x00003380                __isr_5
                0x00003380                __isr_2
                0x00003380                __isr_10
                0x00003380                __isr_7
                0x00003380                __isr_25
                0x00003380                __isr_0
                0x00003380                __isr_28
                0x00003380                __isr_8
                0x00003380                __isr_20
                0x00003380                __isr_3
                0x00003380                __isr_12
                0x00003380                __isr_13
                0x00003380                __isr_27
                0x00003380                __isr_9
                0x00003380                __isr_30
                0x00003380                __isr_6
                0x00003380                __isr_22
                0x00003380                __isr_1
                0x00003380                __isr_15
                0x00003380                __isr_21
 .text.crt0     0x00003384        0x2 /usr/local/msp430/bin/../lib/gcc/msp430/4.7.2/mcpu-430x/mmpy-16/msr20/mc20/libcrt0.a(_unexpected_.o)
                0x00003384                _unexpected_
 .text.libgcc   0x00003386       0x26 /usr/local/msp430/bin/../lib/gcc/msp430/4.7.2/mcpu-430x/mmpy-16/msr20/mc20/libgcc.a(_mulsi3.o)
                0x00003386                __mulsi3
 .text.libgcc   0x000033ac       0x22 /usr/local/msp430/bin/../lib/gcc/msp430/4.7.2/mcpu-430x/mmpy-16/msr20/mc20/libgcc.a(_udivmod16.o)
                0x000033ac                __udivhi3
                0x000033ac                __ext_udivmod16
                0x000033c6                __umodhi3
 .text.libgcc   0x000033ce       0x3a /usr/local/msp430/bin/../lib/gcc/msp430/4.7.2/mcpu-430x/mmpy-16/msr20/mc20/libgcc.a(_divmod16.o)
                0x000033ce                __ext_divmod16
                0x000033ce                __divhi3
                0x00003400                __modhi3
 .text.libgcc   0x00003408       0x38 /usr/local/msp430/bin/../lib/gcc/msp430/4.7.2/mcpu-430x/mmpy-16/msr20/mc20/libgcc.a(_udivmod32.o)
                0x00003408                __udivsi3
                0x00003408                __ext_udivmod32
                0x00003436                __umodsi3
 .text.libgcc   0x00003440       0x4c /usr/local/msp430/bin/../lib/gcc/msp430/4.7.2/mcpu-430x/mmpy-16/msr20/mc20/libgcc.a(_divmod32.o)
                0x00003440                __ext_divmod32
                0x00003440                __divsi3
                0x00003482                __modsi3
 .text.libgcc   0x0000348c       0xbc /usr/local/msp430/bin/../lib/gcc/msp430/4.7.2/mcpu-430x/mmpy-16/msr20/mc20/libgcc.a(_udivmod64.o)
                0x0000348c                __xabi_udivmod64
                0x000034de                __udivdi3
                0x000034f8                __umoddi3
                0x0000351a                __udivmoddi4
 *(SORT(.near.text) SORT(.near.text.*))
 .near.text.port1_isr
                0x00003548       0x84 build/z1/obj/adxl345.o
                0x00003548                port1_isr
                0x00003548                __isr_18
 .near.text.irq_p2
                0x000035cc       0x3c build/z1/obj/button-sensor.o
                0x000035cc                irq_p2
                0x000035cc                __isr_19
 .near.text.i2c_tx_interrupt
                0x00003608       0x84 build/z1/obj/i2cmaster.o
                0x00003608                __isr_16
                0x00003608                i2c_tx_interrupt
 .near.text.i2c_rx_interrupt
                0x0000368c       0x14 build/z1/obj/i2cmaster.o
                0x0000368c                i2c_rx_interrupt
                0x0000368c                __isr_17
 .near.text.uart0_rx_interrupt
                0x000036a0       0x2a build/z1/obj/uart0.o
                0x000036a0                __isr_23
                0x000036a0                uart0_rx_interrupt
 .any.text.status
                0x000036ca       0x12 build/z1/obj/adxl345.o
 .any.text.accm_write_reg
                0x000036dc       0x2e build/z1/obj/adxl345.o
 .any.text.accm_write_stream
                0x0000370a       0x2a build/z1/obj/adxl345.o
 .any.text.accm_read_reg
                0x00003734       0x54 build/z1/obj/adxl345.o
 .any.text.process_thread_accmeter_process
                0x00003788       0x56 build/z1/obj/adxl345.o
 .any.text.accm_read_axis.part.0
                0x000037de       0x5a build/z1/obj/adxl345.o
 .any.text.value
                0x00003838       0x1e build/z1/obj/adxl345.o
 .any.text.accm_init
                0x00003856       0x78 build/z1/obj/adxl345.o
                0x00003856                accm_init
 .any.text.accm_stop
                0x000038ce       0x32 build/z1/obj/adxl345.o
                0x000038ce                accm_stop
 .any.text.configure
                0x00003900       0x26 build/z1/obj/adxl345.o
 .any.text.autostart_start
                0x00003926       0x16 build/z1/obj/autostart.o
                0x00003926                autostart_start
 .any.text.status
                0x0000393c       0x18 build/z1/obj/button-sensor.o
 .any.text.value
                0x00003954       0x1a build/z1/obj/button-sensor.o
 .any.text.configure
                0x0000396e       0x4e build/z1/obj/button-sensor.o
 .any.text.cc2420_arch_init
                0x000039bc       0x1a build/z1/obj/cc2420-arch.o
                0x000039bc                cc2420_arch_init
 .any.text.get_object
                0x000039d6        0x4 build/z1/obj/cc2420.o
 .any.text.set_object
                0x000039da        0x4 build/z1/obj/cc2420.o
 .any.text.strobe
                0x000039de       0x1a build/z1/obj/cc2420.o
 .any.text.getreg
                0x000039f8       0x46 build/z1/obj/cc2420.o
 .any.text.setreg
                0x00003a3e       0x44 build/z1/obj/cc2420.o
 .any.text.write_ram
                0x00003a82       0x72 build/z1/obj/cc2420.o
 .any.text.write_fifo_buf
                0x00003af4       0x38 build/z1/obj/cc2420.o
 .any.text.get_status
                0x00003b2c       0x1e build/z1/obj/cc2420.o
 .any.text.cc2420_receiving_packet
                0x00003b4a        0xa build/z1/obj/cc2420.o
 .any.text.pending_packet
                0x00003b54        0xa build/z1/obj/cc2420.o
 .any.text.wait_for_transmission
                0x00003b5e       0x22 build/z1/obj/cc2420.o
 .any.text.wait_for_status
                0x00003b80       0x24 build/z1/obj/cc2420.o
 .any.text.getrxdata
                0x00003ba4       0x4c build/z1/obj/cc2420.o
 .any.text.flushrx
                0x00003bf0       0x1a build/z1/obj/cc2420.o
 .any.text.energest_on
                0x00003c0a       0x22 build/z1/obj/cc2420.o
 .any.text.on   0x00003c2c       0x20 build/z1/obj/cc2420.o
 .any.text.energest_off
                0x00003c4c       0x88 build/z1/obj/cc2420.o
 .any.text.off  0x00003cd4       0x2e build/z1/obj/cc2420.o
 .any.text.RELEASE_LOCK
                0x00003d02       0x28 build/z1/obj/cc2420.o
 .any.text.set_frame_filtering
                0x00003d2a       0x30 build/z1/obj/cc2420.o
 .any.text.set_auto_ack
                0x00003d5a       0x30 build/z1/obj/cc2420.o
 .any.text.set_poll_mode
                0x00003d8a       0x2c build/z1/obj/cc2420.o
 .any.text.cc2420_prepare
                0x00003db6       0x42 build/z1/obj/cc2420.o
 .any.text.cc2420_on
                0x00003df8       0x22 build/z1/obj/cc2420.o
                0x00003df8                cc2420_on
 .any.text.cc2420_transmit
                0x00003e1a       0x8a build/z1/obj/cc2420.o
 .any.text.cc2420_send
                0x00003ea4       0x12 build/z1/obj/cc2420.o
 .any.text.cc2420_off
                0x00003eb6       0x30 build/z1/obj/cc2420.o
                0x00003eb6                cc2420_off
 .any.text.cc2420_cca
                0x00003ee6       0x54 build/z1/obj/cc2420.o
 .any.text.cc2420_read
                0x00003f3a       0xba build/z1/obj/cc2420.o
 .any.text.process_thread_cc2420_process
                0x00003ff4       0x56 build/z1/obj/cc2420.o
 .any.text.cc2420_set_channel
                0x0000404a       0x3a build/z1/obj/cc2420.o
                0x0000404a                cc2420_set_channel
 .any.text.cc2420_set_pan_addr
                0x00004084       0x4c build/z1/obj/cc2420.o
                0x00004084                cc2420_set_pan_addr
 .any.text.cc2420_interrupt
                0x000040d0       0x16 build/z1/obj/cc2420.o
                0x000040d0                cc2420_interrupt
 .any.text.cc2420_set_txpower
                0x000040e6       0x2c build/z1/obj/cc2420.o
                0x000040e6                cc2420_set_txpower
 .any.text.cc2420_get_txpower
                0x00004112       0x1e build/z1/obj/cc2420.o
                0x00004112                cc2420_get_txpower
 .any.text.cc2420_rssi
                0x00004130       0x48 build/z1/obj/cc2420.o
                0x00004130                cc2420_rssi
 .any.text.get_value
                0x00004178      0x11e build/z1/obj/cc2420.o
 .any.text.cc2420_set_cca_threshold
                0x00004296       0x16 build/z1/obj/cc2420.o
                0x00004296                cc2420_set_cca_threshold
 .any.text.set_value
                0x000042ac      0x14a build/z1/obj/cc2420.o
 .any.text.cc2420_init
                0x000043f6       0xea build/z1/obj/cc2420.o
                0x000043f6                cc2420_init
 .any.text.clock_time
                0x000044e0       0x1a build/z1/obj/clock.o
                0x000044e0                clock_time
 .any.text.clock_init
                0x000044fa       0x22 build/z1/obj/clock.o
                0x000044fa                clock_init
 .any.text.clock_delay
                0x0000451c        0xc build/z1/obj/clock.o
                0x0000451c                clock_delay
 .any.text.clock_wait
                0x00004528       0x24 build/z1/obj/clock.o
                0x00004528                clock_wait
 .any.text.clock_seconds
                0x0000454c       0x1a build/z1/obj/clock.o
                0x0000454c                clock_seconds
 .any.text.schedule_transmission
                0x00004566       0x6a build/z1/obj/csma-output.o
 .any.text.tx_done
                0x000045d0       0x84 build/z1/obj/csma-output.o
 .any.text.transmit_from_queue
                0x00004654      0x200 build/z1/obj/csma-output.o
 .any.text.csma_output_packet
                0x00004854      0x1e2 build/z1/obj/csma-output.o
                0x00004854                csma_output_packet
 .any.text.csma_output_init
                0x00004a36       0x1a build/z1/obj/csma-output.o
                0x00004a36                csma_output_init
 .any.text.on   0x00004a50        0x6 build/z1/obj/csma.o
 .any.text.off  0x00004a56        0x6 build/z1/obj/csma.o
 .any.text.send_packet
                0x00004a5c        0x6 build/z1/obj/csma.o
 .any.text.max_payload
                0x00004a62       0x5c build/z1/obj/csma.o
 .any.text.input_packet
                0x00004abe      0x110 build/z1/obj/csma.o
 .any.text.init
                0x00004bce       0x44 build/z1/obj/csma.o
 .any.text.process_thread_ctimer_process
                0x00004c12       0x92 build/z1/obj/ctimer.o
 .any.text.ctimer_init
                0x00004ca4       0x10 build/z1/obj/ctimer.o
                0x00004ca4                ctimer_init
 .any.text.ctimer_set_with_process
                0x00004cb4       0x4a build/z1/obj/ctimer.o
                0x00004cb4                ctimer_set_with_process
 .any.text.ctimer_reset
                0x00004cfe       0x2c build/z1/obj/ctimer.o
                0x00004cfe                ctimer_reset
 .any.text.ctimer_stop
                0x00004d2a       0x28 build/z1/obj/ctimer.o
                0x00004d2a                ctimer_stop
 .any.text.ctimer_expired
                0x00004d52       0x20 build/z1/obj/ctimer.o
                0x00004d52                ctimer_expired
 .any.text.process_thread_d_seran_process
                0x00004d72      0x2ee build/z1/obj/d-seran.o
 .any.text.udp_rx_callback
                0x00005060      0x18e build/z1/obj/d-seran.o
 .any.text.energest_init
                0x000051ee       0x3e build/z1/obj/energest.o
                0x000051ee                energest_init
 .any.text.update_time
                0x0000522c       0x70 build/z1/obj/etimer.o
 .any.text.etimer_request_poll
                0x0000529c        0xa build/z1/obj/etimer.o
                0x0000529c                etimer_request_poll
 .any.text.process_thread_etimer_process
                0x000052a6       0xc4 build/z1/obj/etimer.o
 .any.text.add_timer
                0x0000536a       0x40 build/z1/obj/etimer.o
 .any.text.etimer_set
                0x000053aa       0x12 build/z1/obj/etimer.o
                0x000053aa                etimer_set
 .any.text.etimer_reset
                0x000053bc       0x12 build/z1/obj/etimer.o
                0x000053bc                etimer_reset
 .any.text.etimer_stop
                0x000053ce       0x3e build/z1/obj/etimer.o
                0x000053ce                etimer_stop
 .any.text.frame802154_get_pan_id
                0x0000540c        0x6 build/z1/obj/frame802154.o
                0x0000540c                frame802154_get_pan_id
 .any.text.frame802154_has_panid
                0x00005412       0xe0 build/z1/obj/frame802154.o
                0x00005412                frame802154_has_panid
 .any.text.field_len
                0x000054f2       0xa6 build/z1/obj/frame802154.o
 .any.text.frame802154_is_broadcast_addr
                0x00005598       0x28 build/z1/obj/frame802154.o
                0x00005598                frame802154_is_broadcast_addr
 .any.text.frame802154_hdrlen
                0x000055c0       0x32 build/z1/obj/frame802154.o
                0x000055c0                frame802154_hdrlen
 .any.text.frame802154_create_fcf
                0x000055f2       0x6e build/z1/obj/frame802154.o
                0x000055f2                frame802154_create_fcf
 .any.text.frame802154_create
                0x00005660       0xbe build/z1/obj/frame802154.o
                0x00005660                frame802154_create
 .any.text.frame802154_parse_fcf
                0x0000571e       0x8c build/z1/obj/frame802154.o
                0x0000571e                frame802154_parse_fcf
 .any.text.frame802154_parse
                0x000057aa      0x15c build/z1/obj/frame802154.o
                0x000057aa                frame802154_parse
 .any.text.parse
                0x00005906       0xc8 build/z1/obj/framer-802154.o
 .any.text.framer_802154_setup_params
                0x000059ce       0xae build/z1/obj/framer-802154.o
                0x000059ce                framer_802154_setup_params
 .any.text.create_frame
                0x00005a7c       0xc6 build/z1/obj/framer-802154.o
 .any.text.create
                0x00005b42        0x8 build/z1/obj/framer-802154.o
 .any.text.hdr_length
                0x00005b4a        0x8 build/z1/obj/framer-802154.o
 .any.text.i2c_receiveinit
                0x00005b52       0x36 build/z1/obj/i2cmaster.o
                0x00005b52                i2c_receiveinit
 .any.text.i2c_transmitinit
                0x00005b88       0x30 build/z1/obj/i2cmaster.o
                0x00005b88                i2c_transmitinit
 .any.text.i2c_receive_n
                0x00005bb8       0x3e build/z1/obj/i2cmaster.o
                0x00005bb8                i2c_receive_n
 .any.text.i2c_busy
                0x00005bf6        0xa build/z1/obj/i2cmaster.o
                0x00005bf6                i2c_busy
 .any.text.i2c_enable
                0x00005c00       0x22 build/z1/obj/i2cmaster.o
                0x00005c00                i2c_enable
 .any.text.i2c_transmit_n
                0x00005c22       0x14 build/z1/obj/i2cmaster.o
                0x00005c22                i2c_transmit_n
 .any.text.leds_arch_init
                0x00005c36        0xe build/z1/obj/leds-arch.o
                0x00005c36                leds_arch_init
 .any.text.leds_arch_get
                0x00005c44       0x34 build/z1/obj/leds-arch.o
                0x00005c44                leds_arch_get
 .any.text.leds_arch_set
                0x00005c78       0x3e build/z1/obj/leds-arch.o
                0x00005c78                leds_arch_set
 .any.text.leds_init
                0x00005cb6        0x6 build/z1/obj/leds.o
                0x00005cb6                leds_init
 .any.text.leds_on
                0x00005cbc       0x12 build/z1/obj/leds.o
                0x00005cbc                leds_on
 .any.text.leds_off
                0x00005cce       0x12 build/z1/obj/leds.o
                0x00005cce                leds_off
 .any.text.periodic
                0x00005ce0       0x2c build/z1/obj/link-stats.o
 .any.text.link_stats_from_lladdr
                0x00005d0c        0xc build/z1/obj/link-stats.o
                0x00005d0c                link_stats_from_lladdr
 .any.text.link_stats_is_fresh
                0x00005d18       0x30 build/z1/obj/link-stats.o
                0x00005d18                link_stats_is_fresh
 .any.text.link_stats_packet_sent
                0x00005d48       0xe2 build/z1/obj/link-stats.o
                0x00005d48                link_stats_packet_sent
 .any.text.link_stats_input_callback
                0x00005e2a       0xf6 build/z1/obj/link-stats.o
                0x00005e2a                link_stats_input_callback
 .any.text.link_stats_reset
                0x00005f20       0x2a build/z1/obj/link-stats.o
                0x00005f20                link_stats_reset
 .any.text.link_stats_init
                0x00005f4a       0x26 build/z1/obj/link-stats.o
                0x00005f4a                link_stats_init
 .any.text.linkaddr_copy
                0x00005f70        0x8 build/z1/obj/linkaddr.o
                0x00005f70                linkaddr_copy
 .any.text.linkaddr_cmp
                0x00005f78       0x12 build/z1/obj/linkaddr.o
                0x00005f78                linkaddr_cmp
 .any.text.list_tail
                0x00005f8a       0x12 build/z1/obj/list.o
                0x00005f8a                list_tail
 .any.text.list_remove
                0x00005f9c       0x34 build/z1/obj/list.o
                0x00005f9c                list_remove
 .any.text.list_push
                0x00005fd0       0x16 build/z1/obj/list.o
                0x00005fd0                list_push
 .any.text.list_add
                0x00005fe6       0x26 build/z1/obj/list.o
                0x00005fe6                list_add
 .any.text.list_length
                0x0000600c       0x10 build/z1/obj/list.o
                0x0000600c                list_length
 .any.text.list_contains
                0x0000601c       0x12 build/z1/obj/list.o
                0x0000601c                list_contains
 .any.text.log_6addr
                0x0000602e       0x32 build/z1/obj/log.o
                0x0000602e                log_6addr
 .any.text.log_lladdr
                0x00006060       0x40 build/z1/obj/log.o
                0x00006060                log_lladdr
 .any.text.mac_sequence_init
                0x000060a0        0xa build/z1/obj/mac-sequence.o
                0x000060a0                mac_sequence_init
 .any.text.mac_sequence_set_dsn
                0x000060aa       0x18 build/z1/obj/mac-sequence.o
                0x000060aa                mac_sequence_set_dsn
 .any.text.mac_sequence_is_duplicate
                0x000060c2       0x6e build/z1/obj/mac-sequence.o
                0x000060c2                mac_sequence_is_duplicate
 .any.text.mac_sequence_register_seqno
                0x00006130       0x86 build/z1/obj/mac-sequence.o
                0x00006130                mac_sequence_register_seqno
 .any.text.memb_init
                0x000061b6       0x36 build/z1/obj/memb.o
                0x000061b6                memb_init
 .any.text.memb_alloc
                0x000061ec       0x3e build/z1/obj/memb.o
                0x000061ec                memb_alloc
 .any.text.memb_free
                0x0000622a       0x32 build/z1/obj/memb.o
                0x0000622a                memb_free
 .any.text.memb_inmemb
                0x0000625c       0x2a build/z1/obj/memb.o
                0x0000625c                memb_inmemb
 .any.text.memb_numfree
                0x00006286       0x26 build/z1/obj/memb.o
                0x00006286                memb_numfree
 .any.text.msp430_init_dco
                0x000062ac       0x28 build/z1/obj/msp430.o
                0x000062ac                msp430_init_dco
 .any.text.splhigh_
                0x000062d4        0xa build/z1/obj/msp430.o
                0x000062d4                splhigh_
 .any.text.msp430_sync_dco
                0x000062de       0x6e build/z1/obj/msp430.o
                0x000062de                msp430_sync_dco
 .any.text.msp430_cpu_init
                0x0000634c       0x2e build/z1/obj/msp430.o
                0x0000634c                msp430_cpu_init
 .any.text.item_from_index
                0x0000637a       0x2a build/z1/obj/nbr-table.o
 .any.text.index_from_key
                0x000063a4       0x26 build/z1/obj/nbr-table.o
 .any.text.index_from_item
                0x000063ca       0x1e build/z1/obj/nbr-table.o
 .any.text.nbr_set_bit
                0x000063e8       0x4c build/z1/obj/nbr-table.o
 .any.text.index_from_lladdr
                0x00006434       0x34 build/z1/obj/nbr-table.o
 .any.text.nbr_get_bit.constprop.3
                0x00006468       0x28 build/z1/obj/nbr-table.o
 .any.text.remove_key
                0x00006490       0x70 build/z1/obj/nbr-table.o
 .any.text.nbr_table_is_registered
                0x00006500       0x22 build/z1/obj/nbr-table.o
                0x00006500                nbr_table_is_registered
 .any.text.nbr_table_register
                0x00006522       0x3c build/z1/obj/nbr-table.o
                0x00006522                nbr_table_register
 .any.text.nbr_table_next
                0x0000655e       0x4e build/z1/obj/nbr-table.o
                0x0000655e                nbr_table_next
 .any.text.nbr_table_head
                0x000065ac       0x32 build/z1/obj/nbr-table.o
                0x000065ac                nbr_table_head
 .any.text.nbr_table_get_from_lladdr
                0x000065de       0x28 build/z1/obj/nbr-table.o
                0x000065de                nbr_table_get_from_lladdr
 .any.text.entry_is_allowed.isra.2
                0x00006606       0x6c build/z1/obj/nbr-table.o
 .any.text.nbr_table_add_lladdr
                0x00006672       0xb2 build/z1/obj/nbr-table.o
                0x00006672                nbr_table_add_lladdr
 .any.text.nbr_table_remove
                0x00006724       0x2a build/z1/obj/nbr-table.o
                0x00006724                nbr_table_remove
 .any.text.nbr_table_lock
                0x0000674e       0x10 build/z1/obj/nbr-table.o
                0x0000674e                nbr_table_lock
 .any.text.nbr_table_unlock
                0x0000675e       0x10 build/z1/obj/nbr-table.o
                0x0000675e                nbr_table_unlock
 .any.text.nbr_table_get_lladdr
                0x0000676e       0x20 build/z1/obj/nbr-table.o
                0x0000676e                nbr_table_get_lladdr
 .any.text.netstack_process_ip_callback
                0x0000678e       0x40 build/z1/obj/netstack.o
                0x0000678e                netstack_process_ip_callback
 .any.text.node_id_z1_restore
                0x000067ce       0x4c build/z1/obj/node-id-z1.o
                0x000067ce                node_id_z1_restore
 .any.text.packetbuf_hdrreduce
                0x0000681a       0x1a build/z1/obj/packetbuf.o
                0x0000681a                packetbuf_hdrreduce
 .any.text.packetbuf_set_datalen
                0x00006834        0x6 build/z1/obj/packetbuf.o
                0x00006834                packetbuf_set_datalen
 .any.text.packetbuf_hdrptr
                0x0000683a        0x6 build/z1/obj/packetbuf.o
                0x0000683a                packetbuf_hdrptr
 .any.text.packetbuf_datalen
                0x00006840        0x6 build/z1/obj/packetbuf.o
                0x00006840                packetbuf_datalen
 .any.text.packetbuf_hdrlen
                0x00006846        0xa build/z1/obj/packetbuf.o
                0x00006846                packetbuf_hdrlen
 .any.text.packetbuf_dataptr
                0x00006850        0xc build/z1/obj/packetbuf.o
                0x00006850                packetbuf_dataptr
 .any.text.packetbuf_copyto
                0x0000685c       0x3a build/z1/obj/packetbuf.o
                0x0000685c                packetbuf_copyto
 .any.text.packetbuf_totlen
                0x00006896        0xc build/z1/obj/packetbuf.o
                0x00006896                packetbuf_totlen
 .any.text.packetbuf_hdralloc
                0x000068a2       0x3c build/z1/obj/packetbuf.o
                0x000068a2                packetbuf_hdralloc
 .any.text.packetbuf_attr_clear
                0x000068de       0x28 build/z1/obj/packetbuf.o
                0x000068de                packetbuf_attr_clear
 .any.text.packetbuf_clear
                0x00006906       0x12 build/z1/obj/packetbuf.o
                0x00006906                packetbuf_clear
 .any.text.packetbuf_copyfrom
                0x00006918       0x2a build/z1/obj/packetbuf.o
                0x00006918                packetbuf_copyfrom
 .any.text.packetbuf_attr_copyto
                0x00006942       0x22 build/z1/obj/packetbuf.o
                0x00006942                packetbuf_attr_copyto
 .any.text.packetbuf_attr_copyfrom
                0x00006964       0x24 build/z1/obj/packetbuf.o
                0x00006964                packetbuf_attr_copyfrom
 .any.text.packetbuf_set_attr
                0x00006988        0xa build/z1/obj/packetbuf.o
                0x00006988                packetbuf_set_attr
 .any.text.packetbuf_attr
                0x00006992        0xa build/z1/obj/packetbuf.o
                0x00006992                packetbuf_attr
 .any.text.packetbuf_set_addr
                0x0000699c       0x12 build/z1/obj/packetbuf.o
                0x0000699c                packetbuf_set_addr
 .any.text.packetbuf_addr
                0x000069ae        0xe build/z1/obj/packetbuf.o
                0x000069ae                packetbuf_addr
 .any.text.packetbuf_holds_broadcast
                0x000069bc        0xe build/z1/obj/packetbuf.o
                0x000069bc                packetbuf_holds_broadcast
 .any.text.energest_switch
                0x000069ca       0x58 build/z1/obj/platform.o
 .any.text.platform_init_stage_one
                0x00006a22       0x12 build/z1/obj/platform.o
                0x00006a22                platform_init_stage_one
 .any.text.platform_init_stage_two
                0x00006a34       0xbe build/z1/obj/platform.o
                0x00006a34                platform_init_stage_two
 .any.text.platform_init_stage_three
                0x00006af2       0x78 build/z1/obj/platform.o
                0x00006af2                platform_init_stage_three
 .any.text.platform_idle
                0x00006b6a       0x64 build/z1/obj/platform.o
                0x00006b6a                platform_idle
 .any.text.call_process
                0x00006bce       0x40 build/z1/obj/process.o
 .any.text.exit_process
                0x00006c0e       0x8e build/z1/obj/process.o
 .any.text.do_poll
                0x00006c9c       0x30 build/z1/obj/process.o
 .any.text.process_alloc_event
                0x00006ccc       0x18 build/z1/obj/process.o
                0x00006ccc                process_alloc_event
 .any.text.process_init
                0x00006ce4        0x8 build/z1/obj/process.o
                0x00006ce4                process_init
 .any.text.process_run
                0x00006cec       0x86 build/z1/obj/process.o
                0x00006cec                process_run
 .any.text.process_nevents
                0x00006d72        0xa build/z1/obj/process.o
                0x00006d72                process_nevents
 .any.text.process_post
                0x00006d7c       0x4a build/z1/obj/process.o
                0x00006d7c                process_post
 .any.text.process_post_synch
                0x00006dc6       0x12 build/z1/obj/process.o
                0x00006dc6                process_post_synch
 .any.text.process_start
                0x00006dd8       0x36 build/z1/obj/process.o
                0x00006dd8                process_start
 .any.text.process_poll
                0x00006e0e       0x18 build/z1/obj/process.o
                0x00006e0e                process_poll
 .any.text.queuebuf_init
                0x00006e26       0x12 build/z1/obj/queuebuf.o
                0x00006e26                queuebuf_init
 .any.text.queuebuf_numfree
                0x00006e38        0xa build/z1/obj/queuebuf.o
                0x00006e38                queuebuf_numfree
 .any.text.queuebuf_new_from_packetbuf
                0x00006e42       0x4e build/z1/obj/queuebuf.o
                0x00006e42                queuebuf_new_from_packetbuf
 .any.text.queuebuf_update_attr_from_packetbuf
                0x00006e90       0x12 build/z1/obj/queuebuf.o
                0x00006e90                queuebuf_update_attr_from_packetbuf
 .any.text.queuebuf_free
                0x00006ea2       0x2a build/z1/obj/queuebuf.o
                0x00006ea2                queuebuf_free
 .any.text.queuebuf_to_packetbuf
                0x00006ecc       0x32 build/z1/obj/queuebuf.o
                0x00006ecc                queuebuf_to_packetbuf
 .any.text.random_init
                0x00006efe        0x6 build/z1/obj/random.o
                0x00006efe                random_init
 .any.text.random_rand
                0x00006f04        0x6 build/z1/obj/random.o
                0x00006f04                random_rand
 .any.text.rpl_dag_root_set_prefix
                0x00006f0a       0x5e build/z1/obj/rpl-dag-root.o
                0x00006f0a                rpl_dag_root_set_prefix
 .any.text.rpl_dag_root_start
                0x00006f68       0xa4 build/z1/obj/rpl-dag-root.o
                0x00006f68                rpl_dag_root_start
 .any.text.rpl_dag_root_is_root
                0x0000700c       0x14 build/z1/obj/rpl-dag-root.o
                0x0000700c                rpl_dag_root_is_root
 .any.text.init_dag
                0x00007020       0xc8 build/z1/obj/rpl-dag.o
 .any.text.process_dio_init_dag
                0x000070e8      0x128 build/z1/obj/rpl-dag.o
 .any.text.rpl_dag_get_root_ipaddr
                0x00007210       0x1e build/z1/obj/rpl-dag.o
                0x00007210                rpl_dag_get_root_ipaddr
 .any.text.rpl_dag_leave
                0x0000722e       0x4a build/z1/obj/rpl-dag.o
                0x0000722e                rpl_dag_leave
 .any.text.rpl_dag_poison_and_leave
                0x00007278        0xc build/z1/obj/rpl-dag.o
                0x00007278                rpl_dag_poison_and_leave
 .any.text.rpl_dag_periodic
                0x00007284       0xb6 build/z1/obj/rpl-dag.o
                0x00007284                rpl_dag_periodic
 .any.text.rpl_is_addr_in_our_dag
                0x0000733a       0x26 build/z1/obj/rpl-dag.o
                0x0000733a                rpl_is_addr_in_our_dag
 .any.text.rpl_local_repair
                0x00007360       0x56 build/z1/obj/rpl-dag.o
                0x00007360                rpl_local_repair
 .any.text.rpl_global_repair
                0x000073b6       0x64 build/z1/obj/rpl-dag.o
                0x000073b6                rpl_global_repair
 .any.text.rpl_dag_ready_to_advertise
                0x0000741a       0x22 build/z1/obj/rpl-dag.o
                0x0000741a                rpl_dag_ready_to_advertise
 .any.text.rpl_dag_update_state
                0x0000743c      0x1f4 build/z1/obj/rpl-dag.o
                0x0000743c                rpl_dag_update_state
 .any.text.rpl_process_dio
                0x00007630      0x310 build/z1/obj/rpl-dag.o
                0x00007630                rpl_process_dio
 .any.text.rpl_process_dis
                0x00007940       0x2a build/z1/obj/rpl-dag.o
                0x00007940                rpl_process_dis
 .any.text.rpl_process_dao
                0x0000796a       0x8a build/z1/obj/rpl-dag.o
                0x0000796a                rpl_process_dao
 .any.text.rpl_process_dao_ack
                0x000079f4       0x80 build/z1/obj/rpl-dag.o
                0x000079f4                rpl_process_dao_ack
 .any.text.rpl_process_hbh
                0x00007a74       0x26 build/z1/obj/rpl-dag.o
                0x00007a74                rpl_process_hbh
 .any.text.rpl_dag_init_root
                0x00007a9a       0xac build/z1/obj/rpl-dag.o
                0x00007a9a                rpl_dag_init_root
 .any.text.rpl_dag_init
                0x00007b46       0x10 build/z1/obj/rpl-dag.o
                0x00007b46                rpl_dag_init
 .any.text.update_hbh_header
                0x00007b56       0x98 build/z1/obj/rpl-ext-header.o
 .any.text.rpl_ext_header_srh_get_next_hop
                0x00007bee       0x7c build/z1/obj/rpl-ext-header.o
                0x00007bee                rpl_ext_header_srh_get_next_hop
 .any.text.rpl_ext_header_srh_update
                0x00007c6a      0x2d6 build/z1/obj/rpl-ext-header.o
                0x00007c6a                rpl_ext_header_srh_update
 .any.text.rpl_ext_header_hbh_update
                0x00007f40      0x13a build/z1/obj/rpl-ext-header.o
                0x00007f40                rpl_ext_header_hbh_update
 .any.text.rpl_ext_header_remove
                0x0000807a       0xc0 build/z1/obj/rpl-ext-header.o
                0x0000807a                rpl_ext_header_remove
 .any.text.rpl_ext_header_update
                0x0000813a      0x2fe build/z1/obj/rpl-ext-header.o
                0x0000813a                rpl_ext_header_update
 .any.text.get32
                0x00008438       0x3e build/z1/obj/rpl-icmp6.o
 .any.text.set32
                0x00008476       0x2a build/z1/obj/rpl-icmp6.o
 .any.text.get16
                0x000084a0        0xe build/z1/obj/rpl-icmp6.o
 .any.text.set16
                0x000084ae       0x10 build/z1/obj/rpl-icmp6.o
 .any.text.dao_ack_input
                0x000084be       0x54 build/z1/obj/rpl-icmp6.o
 .any.text.dao_input
                0x00008512      0x2b0 build/z1/obj/rpl-icmp6.o
 .any.text.dio_input
                0x000087c2      0x412 build/z1/obj/rpl-icmp6.o
 .any.text.dis_input
                0x00008bd4       0x42 build/z1/obj/rpl-icmp6.o
 .any.text.rpl_icmp6_update_nbr_table
                0x00008c16       0x98 build/z1/obj/rpl-icmp6.o
                0x00008c16                rpl_icmp6_update_nbr_table
 .any.text.rpl_icmp6_dis_output
                0x00008cae       0x34 build/z1/obj/rpl-icmp6.o
                0x00008cae                rpl_icmp6_dis_output
 .any.text.rpl_icmp6_dio_output
                0x00008ce2      0x23a build/z1/obj/rpl-icmp6.o
                0x00008ce2                rpl_icmp6_dio_output
 .any.text.rpl_icmp6_dao_output
                0x00008f1c      0x14a build/z1/obj/rpl-icmp6.o
                0x00008f1c                rpl_icmp6_dao_output
 .any.text.rpl_icmp6_dao_ack_output
                0x00009066       0x46 build/z1/obj/rpl-icmp6.o
                0x00009066                rpl_icmp6_dao_ack_output
 .any.text.rpl_icmp6_init
                0x000090ac       0x22 build/z1/obj/rpl-icmp6.o
                0x000090ac                rpl_icmp6_init
 .any.text.reset
                0x000090ce        0x2 build/z1/obj/rpl-mrhof.o
 .any.text.update_metric_container
                0x000090d0        0x6 build/z1/obj/rpl-mrhof.o
 .any.text.nbr_link_metric
                0x000090d6       0x12 build/z1/obj/rpl-mrhof.o
 .any.text.nbr_has_usable_link
                0x000090e8       0x14 build/z1/obj/rpl-mrhof.o
 .any.text.nbr_path_cost
                0x000090fc       0x34 build/z1/obj/rpl-mrhof.o
 .any.text.within_hysteresis
                0x00009130       0x4c build/z1/obj/rpl-mrhof.o
 .any.text.nbr_is_acceptable_parent
                0x0000917c       0x28 build/z1/obj/rpl-mrhof.o
 .any.text.rank_via_nbr
                0x000091a4       0x40 build/z1/obj/rpl-mrhof.o
 .any.text.best_parent
                0x000091e4       0x74 build/z1/obj/rpl-mrhof.o
 .any.text.get_rank
                0x00009258       0x16 build/z1/obj/rpl-nbr-policy.o
 .any.text.rpl_nbr_gc_get_worst
                0x0000926e       0x20 build/z1/obj/rpl-nbr-policy.o
                0x0000926e                rpl_nbr_gc_get_worst
 .any.text.remove_neighbor
                0x0000928e       0x24 build/z1/obj/rpl-neighbor.o
 .any.text.rpl_neighbor_get_from_lladdr
                0x000092b2        0xc build/z1/obj/rpl-neighbor.o
                0x000092b2                rpl_neighbor_get_from_lladdr
 .any.text.rpl_neighbor_rank_via_nbr
                0x000092be       0x18 build/z1/obj/rpl-neighbor.o
                0x000092be                rpl_neighbor_rank_via_nbr
 .any.text.rpl_neighbor_get_lladdr
                0x000092d6        0xc build/z1/obj/rpl-neighbor.o
                0x000092d6                rpl_neighbor_get_lladdr
 .any.text.rpl_neighbor_get_ipaddr
                0x000092e2        0xa build/z1/obj/rpl-neighbor.o
                0x000092e2                rpl_neighbor_get_ipaddr
 .any.text.rpl_neighbor_get_link_stats
                0x000092ec        0xa build/z1/obj/rpl-neighbor.o
                0x000092ec                rpl_neighbor_get_link_stats
 .any.text.rpl_neighbor_is_fresh
                0x000092f6        0xa build/z1/obj/rpl-neighbor.o
                0x000092f6                rpl_neighbor_is_fresh
 .any.text.best_parent
                0x00009300       0x9c build/z1/obj/rpl-neighbor.o
 .any.text.rpl_neighbor_set_preferred_parent
                0x0000939c       0x48 build/z1/obj/rpl-neighbor.o
                0x0000939c                rpl_neighbor_set_preferred_parent
 .any.text.rpl_neighbor_remove_all
                0x000093e4       0x30 build/z1/obj/rpl-neighbor.o
                0x000093e4                rpl_neighbor_remove_all
 .any.text.rpl_neighbor_get_from_ipaddr
                0x00009414       0x14 build/z1/obj/rpl-neighbor.o
                0x00009414                rpl_neighbor_get_from_ipaddr
 .any.text.rpl_neighbor_select_best
                0x00009428       0x54 build/z1/obj/rpl-neighbor.o
                0x00009428                rpl_neighbor_select_best
 .any.text.rpl_neighbor_init
                0x0000947c        0xe build/z1/obj/rpl-neighbor.o
                0x0000947c                rpl_neighbor_init
 .any.text.handle_state_update
                0x0000948a        0x6 build/z1/obj/rpl-timers.o
 .any.text.handle_leaving_timer
                0x00009490        0xc build/z1/obj/rpl-timers.o
 .any.text.handle_unicast_dio_timer
                0x0000949c       0x12 build/z1/obj/rpl-timers.o
 .any.text.handle_dao_ack_timer
                0x000094ae       0x12 build/z1/obj/rpl-timers.o
 .any.text.ctimer_set.constprop.3
                0x000094c0        0xe build/z1/obj/rpl-timers.o
 .any.text.new_dio_interval
                0x000094ce       0x82 build/z1/obj/rpl-timers.o
 .any.text.handle_dio_timer
                0x00009550       0x6a build/z1/obj/rpl-timers.o
 .any.text.schedule_dao_retransmission
                0x000095ba       0x2c build/z1/obj/rpl-timers.o
 .any.text.send_new_dao
                0x000095e6       0x28 build/z1/obj/rpl-timers.o
 .any.text.resend_dao
                0x0000960e       0x24 build/z1/obj/rpl-timers.o
 .any.text.rpl_timers_schedule_periodic_dis
                0x00009632       0x38 build/z1/obj/rpl-timers.o
                0x00009632                rpl_timers_schedule_periodic_dis
 .any.text.handle_periodic_timer
                0x0000966a       0x3a build/z1/obj/rpl-timers.o
 .any.text.handle_dis_timer
                0x000096a4       0x26 build/z1/obj/rpl-timers.o
 .any.text.rpl_timers_dio_reset
                0x000096ca       0x2e build/z1/obj/rpl-timers.o
                0x000096ca                rpl_timers_dio_reset
 .any.text.rpl_timers_schedule_unicast_dio
                0x000096f8       0x1c build/z1/obj/rpl-timers.o
                0x000096f8                rpl_timers_schedule_unicast_dio
 .any.text.rpl_timers_schedule_dao
                0x00009714       0x34 build/z1/obj/rpl-timers.o
                0x00009714                rpl_timers_schedule_dao
 .any.text.rpl_timers_schedule_dao_ack
                0x00009748       0x30 build/z1/obj/rpl-timers.o
                0x00009748                rpl_timers_schedule_dao_ack
 .any.text.rpl_timers_notify_dao_ack
                0x00009778       0x7a build/z1/obj/rpl-timers.o
                0x00009778                rpl_timers_notify_dao_ack
 .any.text.get_probing_delay
                0x000097f2       0x1c build/z1/obj/rpl-timers.o
                0x000097f2                get_probing_delay
 .any.text.get_probing_target
                0x0000980e       0xda build/z1/obj/rpl-timers.o
                0x0000980e                get_probing_target
 .any.text.rpl_schedule_probing
                0x000098e8       0x1c build/z1/obj/rpl-timers.o
                0x000098e8                rpl_schedule_probing
 .any.text.handle_probing_timer
                0x00009904       0x26 build/z1/obj/rpl-timers.o
 .any.text.rpl_schedule_probing_now
                0x0000992a       0x20 build/z1/obj/rpl-timers.o
                0x0000992a                rpl_schedule_probing_now
 .any.text.rpl_timers_unschedule_leaving
                0x0000994a       0x1c build/z1/obj/rpl-timers.o
                0x0000994a                rpl_timers_unschedule_leaving
 .any.text.rpl_timers_schedule_leaving
                0x00009966       0x26 build/z1/obj/rpl-timers.o
                0x00009966                rpl_timers_schedule_leaving
 .any.text.rpl_timers_init
                0x0000998c       0x18 build/z1/obj/rpl-timers.o
                0x0000998c                rpl_timers_init
 .any.text.rpl_timers_stop_dag_timers
                0x000099a4       0x4c build/z1/obj/rpl-timers.o
                0x000099a4                rpl_timers_stop_dag_timers
 .any.text.rpl_timers_schedule_state_update
                0x000099f0       0x18 build/z1/obj/rpl-timers.o
                0x000099f0                rpl_timers_schedule_state_update
 .any.text.rpl_has_joined
                0x00009a08       0x12 build/z1/obj/rpl.o
                0x00009a08                rpl_has_joined
 .any.text.rpl_is_reachable
                0x00009a1a       0x12 build/z1/obj/rpl.o
                0x00009a1a                rpl_is_reachable
 .any.text.neighbor_state_changed
                0x00009a2c        0x2 build/z1/obj/rpl.o
 .any.text.drop_route
                0x00009a2e        0x2 build/z1/obj/rpl.o
 .any.text.rpl_get_leaf_only
                0x00009a30        0x6 build/z1/obj/rpl.o
                0x00009a30                rpl_get_leaf_only
 .any.text.get_sr_node_ipaddr
                0x00009a36       0x30 build/z1/obj/rpl.o
 .any.text.init
                0x00009a66       0x42 build/z1/obj/rpl.o
 .any.text.set_ip_from_prefix
                0x00009aa8       0x30 build/z1/obj/rpl.o
 .any.text.rpl_link_callback
                0x00009ad8       0x1e build/z1/obj/rpl.o
                0x00009ad8                rpl_link_callback
 .any.text.rpl_lollipop_greater_than
                0x00009af6       0x3c build/z1/obj/rpl.o
                0x00009af6                rpl_lollipop_greater_than
 .any.text.rpl_get_global_address
                0x00009b32       0x8c build/z1/obj/rpl.o
                0x00009b32                rpl_get_global_address
 .any.text.rpl_reset_prefix
                0x00009bbe       0x24 build/z1/obj/rpl.o
                0x00009bbe                rpl_reset_prefix
 .any.text.rpl_set_prefix_from_addr
                0x00009be2       0xa4 build/z1/obj/rpl.o
                0x00009be2                rpl_set_prefix_from_addr
 .any.text.rtimer_arch_init
                0x00009c86       0x18 build/z1/obj/rtimer-arch.o
                0x00009c86                rtimer_arch_init
 .any.text.rtimer_arch_now
                0x00009c9e        0xe build/z1/obj/rtimer-arch.o
                0x00009c9e                rtimer_arch_now
 .any.text.process_thread_sensors_process
                0x00009cac       0xc2 build/z1/obj/sensors.o
 .any.text.sensors_changed
                0x00009d6e       0x2a build/z1/obj/sensors.o
                0x00009d6e                sensors_changed
 .any.text.clear_fragments
                0x00009d98       0x40 build/z1/obj/sicslowpan.o
 .any.text.addr_context_lookup_by_number
                0x00009dd8       0x16 build/z1/obj/sicslowpan.o
 .any.text.sicslowpan_init
                0x00009dee       0x18 build/z1/obj/sicslowpan.o
                0x00009dee                sicslowpan_init
 .any.text.set_packet_attrs
                0x00009e06       0x66 build/z1/obj/sicslowpan.o
 .any.text.compress_addr_64
                0x00009e6c       0x9a build/z1/obj/sicslowpan.o
 .any.text.addr_context_lookup_by_prefix
                0x00009f06       0x20 build/z1/obj/sicslowpan.o
 .any.text.send_packet
                0x00009f26       0x10 build/z1/obj/sicslowpan.o
 .any.text.fragment_copy_payload_and_send
                0x00009f36       0x54 build/z1/obj/sicslowpan.o
 .any.text.packet_sent
                0x00009f8a       0x4e build/z1/obj/sicslowpan.o
 .any.text.store_fragment
                0x00009fd8       0x72 build/z1/obj/sicslowpan.o
 .any.text.add_fragment
                0x0000a04a      0x1e8 build/z1/obj/sicslowpan.o
 .any.text.uncompress_addr
                0x0000a232       0xb0 build/z1/obj/sicslowpan.o
 .any.text.output
                0x0000a2e2      0x746 build/z1/obj/sicslowpan.o
 .any.text.input
                0x0000aa28      0x99c build/z1/obj/sicslowpan.o
 .any.text.process_thread_simple_udp_process
                0x0000b3c4       0xa8 build/z1/obj/simple-udp.o
 .any.text.simple_udp_sendto
                0x0000b46c       0x28 build/z1/obj/simple-udp.o
                0x0000b46c                simple_udp_sendto
 .any.text.simple_udp_register
                0x0000b494       0x8c build/z1/obj/simple-udp.o
                0x0000b494                simple_udp_register
 .any.text.spi_init
                0x0000b520       0x32 build/z1/obj/spi-legacy.o
                0x0000b520                spi_init
 .any.text.stack_check_init
                0x0000b552       0x2e build/z1/obj/stack-check.o
                0x0000b552                stack_check_init
 .any.text.stack_check_get_usage
                0x0000b580       0x46 build/z1/obj/stack-check.o
                0x0000b580                stack_check_get_usage
 .any.text.process_thread_stack_check_process
                0x0000b5c6       0x88 build/z1/obj/stack-check.o
 .any.text.stimer_expired
                0x0000b64e       0x30 build/z1/obj/stimer.o
                0x0000b64e                stimer_expired
 .any.text.tcpip_output
                0x0000b67e       0x22 build/z1/obj/tcpip.o
                0x0000b67e                tcpip_output
 .any.text.udp_new
                0x0000b6a0       0x1a build/z1/obj/tcpip.o
                0x0000b6a0                udp_new
 .any.text.tcpip_input
                0x0000b6ba       0x1e build/z1/obj/tcpip.o
                0x0000b6ba                tcpip_input
 .any.text.tcpip_ipv6_output
                0x0000b6d8      0x242 build/z1/obj/tcpip.o
                0x0000b6d8                tcpip_ipv6_output
 .any.text.packet_input.part.2
                0x0000b91a       0x12 build/z1/obj/tcpip.o
 .any.text.process_thread_tcpip_process
                0x0000b92c       0xb0 build/z1/obj/tcpip.o
 .any.text.tcpip_uipcall
                0x0000b9dc       0x2a build/z1/obj/tcpip.o
                0x0000b9dc                tcpip_uipcall
 .any.text.timer_set
                0x0000ba06       0x1c build/z1/obj/timer.o
                0x0000ba06                timer_set
 .any.text.timer_expired
                0x0000ba22       0x2a build/z1/obj/timer.o
                0x0000ba22                timer_expired
 .any.text.timer_reset
                0x0000ba4c       0x1c build/z1/obj/timer.o
                0x0000ba4c                timer_reset
 .any.text.status
                0x0000ba68       0x12 build/z1/obj/tmp102.o
 .any.text.tmp102_init
                0x0000ba7a       0x24 build/z1/obj/tmp102.o
                0x0000ba7a                tmp102_init
 .any.text.tmp102_stop
                0x0000ba9e        0xa build/z1/obj/tmp102.o
                0x0000ba9e                tmp102_stop
 .any.text.configure
                0x0000baa8       0x26 build/z1/obj/tmp102.o
 .any.text.tmp102_read_reg
                0x0000bace       0x5e build/z1/obj/tmp102.o
                0x0000bace                tmp102_read_reg
 .any.text.tmp102_read_temp_x100
                0x0000bb2c       0x58 build/z1/obj/tmp102.o
                0x0000bb2c                tmp102_read_temp_x100
 .any.text.value
                0x0000bb84        0x6 build/z1/obj/tmp102.o
 .any.text.putchar
                0x0000bb8a       0x10 build/z1/obj/uart-putchar.o
                0x0000bb8a                putchar
 .any.text.uart0_active
                0x0000bb9a        0xe build/z1/obj/uart0.o
                0x0000bb9a                uart0_active
 .any.text.uart0_writeb
                0x0000bba8       0x16 build/z1/obj/uart0.o
                0x0000bba8                uart0_writeb
 .any.text.uart0_init
                0x0000bbbe       0x4e build/z1/obj/uart0.o
                0x0000bbbe                uart0_init
 .any.text.uip_ds6_nbr_rm
                0x0000bc0c       0x1e build/z1/obj/uip-ds6-nbr.o
                0x0000bc0c                uip_ds6_nbr_rm
 .any.text.uip_ds6_neighbors_init
                0x0000bc2a       0x12 build/z1/obj/uip-ds6-nbr.o
                0x0000bc2a                uip_ds6_neighbors_init
 .any.text.uip_ds6_nbr_add
                0x0000bc3c       0x36 build/z1/obj/uip-ds6-nbr.o
                0x0000bc3c                uip_ds6_nbr_add
 .any.text.uip_ds6_nbr_get_ll
                0x0000bc72        0xc build/z1/obj/uip-ds6-nbr.o
                0x0000bc72                uip_ds6_nbr_get_ll
 .any.text.uip_ds6_nbr_head
                0x0000bc7e        0xa build/z1/obj/uip-ds6-nbr.o
                0x0000bc7e                uip_ds6_nbr_head
 .any.text.uip_ds6_nbr_next
                0x0000bc88        0xc build/z1/obj/uip-ds6-nbr.o
                0x0000bc88                uip_ds6_nbr_next
 .any.text.uip_ds6_nbr_lookup
                0x0000bc94       0x36 build/z1/obj/uip-ds6-nbr.o
                0x0000bc94                uip_ds6_nbr_lookup
 .any.text.uip_ds6_nbr_ll_lookup
                0x0000bcca        0xc build/z1/obj/uip-ds6-nbr.o
                0x0000bcca                uip_ds6_nbr_ll_lookup
 .any.text.uip_ds6_nbr_update_ll
                0x0000bcd6      0x124 build/z1/obj/uip-ds6-nbr.o
                0x0000bcd6                uip_ds6_nbr_update_ll
 .any.text.uip_ds6_nbr_ipaddr_from_lladdr
                0x0000bdfa        0x6 build/z1/obj/uip-ds6-nbr.o
                0x0000bdfa                uip_ds6_nbr_ipaddr_from_lladdr
 .any.text.uip_ds6_nbr_lladdr_from_ipaddr
                0x0000be00       0x12 build/z1/obj/uip-ds6-nbr.o
                0x0000be00                uip_ds6_nbr_lladdr_from_ipaddr
 .any.text.uip_ds6_link_callback
                0x0000be12        0x2 build/z1/obj/uip-ds6-nbr.o
                0x0000be12                uip_ds6_link_callback
 .any.text.call_route_callback
                0x0000be14       0x36 build/z1/obj/uip-ds6-route.o
 .any.text.uip_ds6_route_init
                0x0000be4a       0x2a build/z1/obj/uip-ds6-route.o
                0x0000be4a                uip_ds6_route_init
 .any.text.uip_ds6_route_nexthop
                0x0000be74       0x1a build/z1/obj/uip-ds6-route.o
                0x0000be74                uip_ds6_route_nexthop
 .any.text.uip_ds6_route_next
                0x0000be8e        0xc build/z1/obj/uip-ds6-route.o
                0x0000be8e                uip_ds6_route_next
 .any.text.uip_ds6_route_lookup
                0x0000be9a       0x6e build/z1/obj/uip-ds6-route.o
                0x0000be9a                uip_ds6_route_lookup
 .any.text.uip_ds6_route_rm
                0x0000bf08       0x7c build/z1/obj/uip-ds6-route.o
                0x0000bf08                uip_ds6_route_rm
 .any.text.rm_routelist
                0x0000bf84       0x32 build/z1/obj/uip-ds6-route.o
 .any.text.rm_routelist_callback
                0x0000bfb6        0x6 build/z1/obj/uip-ds6-route.o
 .any.text.uip_ds6_defrt_rm
                0x0000bfbc       0x38 build/z1/obj/uip-ds6-route.o
                0x0000bfbc                uip_ds6_defrt_rm
 .any.text.uip_ds6_defrt_lookup
                0x0000bff4       0x30 build/z1/obj/uip-ds6-route.o
                0x0000bff4                uip_ds6_defrt_lookup
 .any.text.uip_ds6_defrt_add
                0x0000c024       0xb6 build/z1/obj/uip-ds6-route.o
                0x0000c024                uip_ds6_defrt_add
 .any.text.uip_ds6_defrt_choose
                0x0000c0da       0x2a build/z1/obj/uip-ds6-route.o
                0x0000c0da                uip_ds6_defrt_choose
 .any.text.uip_ds6_defrt_periodic
                0x0000c104       0x2e build/z1/obj/uip-ds6-route.o
                0x0000c104                uip_ds6_defrt_periodic
 .any.text.uip_ds6_default_prefix
                0x0000c132        0x6 build/z1/obj/uip-ds6.o
                0x0000c132                uip_ds6_default_prefix
 .any.text.uip_ds6_list_loop
                0x0000c138       0x70 build/z1/obj/uip-ds6.o
                0x0000c138                uip_ds6_list_loop
 .any.text.uip_ds6_prefix_add
                0x0000c1a8       0x6a build/z1/obj/uip-ds6.o
                0x0000c1a8                uip_ds6_prefix_add
 .any.text.uip_ds6_is_addr_onlink
                0x0000c212       0x40 build/z1/obj/uip-ds6.o
                0x0000c212                uip_ds6_is_addr_onlink
 .any.text.uip_ds6_addr_lookup
                0x0000c252       0x2a build/z1/obj/uip-ds6.o
                0x0000c252                uip_ds6_addr_lookup
 .any.text.uip_ds6_get_link_local
                0x0000c27c       0x3e build/z1/obj/uip-ds6.o
                0x0000c27c                uip_ds6_get_link_local
 .any.text.uip_ds6_maddr_add
                0x0000c2ba       0x42 build/z1/obj/uip-ds6.o
                0x0000c2ba                uip_ds6_maddr_add
 .any.text.uip_ds6_addr_add
                0x0000c2fc       0xb6 build/z1/obj/uip-ds6.o
                0x0000c2fc                uip_ds6_addr_add
 .any.text.uip_ds6_maddr_rm
                0x0000c3b2        0xa build/z1/obj/uip-ds6.o
                0x0000c3b2                uip_ds6_maddr_rm
 .any.text.uip_ds6_maddr_lookup
                0x0000c3bc       0x2a build/z1/obj/uip-ds6.o
                0x0000c3bc                uip_ds6_maddr_lookup
 .any.text.uip_ds6_addr_rm
                0x0000c3e6       0x54 build/z1/obj/uip-ds6.o
                0x0000c3e6                uip_ds6_addr_rm
 .any.text.uip_ds6_periodic
                0x0000c43a       0x46 build/z1/obj/uip-ds6.o
                0x0000c43a                uip_ds6_periodic
 .any.text.uip_ds6_set_addr_iid
                0x0000c480       0x14 build/z1/obj/uip-ds6.o
                0x0000c480                uip_ds6_set_addr_iid
 .any.text.uip_ds6_set_lladdr_from_iid
                0x0000c494       0x14 build/z1/obj/uip-ds6.o
                0x0000c494                uip_ds6_set_lladdr_from_iid
 .any.text.get_match_length
                0x0000c4a8       0x3c build/z1/obj/uip-ds6.o
                0x0000c4a8                get_match_length
 .any.text.uip_ds6_select_src
                0x0000c4e4       0x96 build/z1/obj/uip-ds6.o
                0x0000c4e4                uip_ds6_select_src
 .any.text.uip_ds6_compute_reachable_time
                0x0000c57a       0x36 build/z1/obj/uip-ds6.o
                0x0000c57a                uip_ds6_compute_reachable_time
 .any.text.uip_ds6_init
                0x0000c5b0      0x164 build/z1/obj/uip-ds6.o
                0x0000c5b0                uip_ds6_init
 .any.text.echo_reply_input
                0x0000c714       0x56 build/z1/obj/uip-icmp6.o
 .any.text.echo_request_input
                0x0000c76a       0x86 build/z1/obj/uip-icmp6.o
 .any.text.uip_icmp6_input
                0x0000c7f0       0x34 build/z1/obj/uip-icmp6.o
                0x0000c7f0                uip_icmp6_input
 .any.text.uip_icmp6_register_input_handler
                0x0000c824        0xc build/z1/obj/uip-icmp6.o
                0x0000c824                uip_icmp6_register_input_handler
 .any.text.uip_icmp6_error_output
                0x0000c830      0x1c4 build/z1/obj/uip-icmp6.o
                0x0000c830                uip_icmp6_error_output
 .any.text.uip_icmp6_send
                0x0000c9f4       0xa6 build/z1/obj/uip-icmp6.o
                0x0000c9f4                uip_icmp6_send
 .any.text.uip_icmp6_init
                0x0000ca9a       0x12 build/z1/obj/uip-icmp6.o
                0x0000ca9a                uip_icmp6_init
 .any.text.ns_input
                0x0000caac      0x332 build/z1/obj/uip-nd6.o
 .any.text.uip_nd6_init
                0x0000cdde        0xa build/z1/obj/uip-nd6.o
                0x0000cdde                uip_nd6_init
 .any.text.node_matches_address.part.0
                0x0000cde8       0x2e build/z1/obj/uip-sr.o
 .any.text.uip_sr_get_node
                0x0000ce16       0x32 build/z1/obj/uip-sr.o
                0x0000ce16                uip_sr_get_node
 .any.text.uip_sr_is_addr_reachable
                0x0000ce48       0x4a build/z1/obj/uip-sr.o
                0x0000ce48                uip_sr_is_addr_reachable
 .any.text.uip_sr_expire_parent
                0x0000ce92       0x48 build/z1/obj/uip-sr.o
                0x0000ce92                uip_sr_expire_parent
 .any.text.uip_sr_update_node
                0x0000ceda      0x110 build/z1/obj/uip-sr.o
                0x0000ceda                uip_sr_update_node
 .any.text.uip_sr_init
                0x0000cfea       0x12 build/z1/obj/uip-sr.o
                0x0000cfea                uip_sr_init
 .any.text.uip_sr_periodic
                0x0000cffc       0x7c build/z1/obj/uip-sr.o
                0x0000cffc                uip_sr_periodic
 .any.text.uip_sr_free_all
                0x0000d078       0x2c build/z1/obj/uip-sr.o
                0x0000d078                uip_sr_free_all
 .any.text.uip_udp_packet_send
                0x0000d0a4       0x2a build/z1/obj/uip-udp-packet.o
                0x0000d0a4                uip_udp_packet_send
 .any.text.uip_udp_packet_sendto
                0x0000d0ce       0x56 build/z1/obj/uip-udp-packet.o
                0x0000d0ce                uip_udp_packet_sendto
 .any.text.chksum
                0x0000d124       0x32 build/z1/obj/uip6.o
 .any.text.upper_layer_chksum
                0x0000d156       0x54 build/z1/obj/uip6.o
 .any.text.ext_hdr_options_process
                0x0000d1aa       0xda build/z1/obj/uip6.o
 .any.text.uip_check_mtu
                0x0000d284       0x1e build/z1/obj/uip6.o
 .any.text.uip_update_ttl
                0x0000d2a2       0x24 build/z1/obj/uip6.o
 .any.text.uip_icmp6chksum
                0x0000d2c6        0xa build/z1/obj/uip6.o
                0x0000d2c6                uip_icmp6chksum
 .any.text.uip_udpchksum
                0x0000d2d0        0xa build/z1/obj/uip6.o
                0x0000d2d0                uip_udpchksum
 .any.text.uip_init
                0x0000d2da       0x24 build/z1/obj/uip6.o
                0x0000d2da                uip_init
 .any.text.uip_remove_ext_hdr
                0x0000d2fe       0x80 build/z1/obj/uip6.o
                0x0000d2fe                uip_remove_ext_hdr
 .any.text.uip_udp_new
                0x0000d37e       0x84 build/z1/obj/uip6.o
                0x0000d37e                uip_udp_new
 .any.text.uip_process
                0x0000d402      0x7fc build/z1/obj/uip6.o
                0x0000d402                uip_process
 .any.text.uip_htonl
                0x0000dbfe       0x2a build/z1/obj/uip6.o
                0x0000dbfe                uip_htonl
 .any.text.uipbuf_add_ext_hdr
                0x0000dc28       0x1c build/z1/obj/uipbuf.o
                0x0000dc28                uipbuf_add_ext_hdr
 .any.text.uipbuf_set_len
                0x0000dc44       0x12 build/z1/obj/uipbuf.o
                0x0000dc44                uipbuf_set_len
 .any.text.uipbuf_set_len_field
                0x0000dc56        0xe build/z1/obj/uipbuf.o
                0x0000dc56                uipbuf_set_len_field
 .any.text.uipbuf_get_len_field
                0x0000dc64        0xe build/z1/obj/uipbuf.o
                0x0000dc64                uipbuf_get_len_field
 .any.text.uipbuf_get_next_header
                0x0000dc72       0x62 build/z1/obj/uipbuf.o
                0x0000dc72                uipbuf_get_next_header
 .any.text.uipbuf_get_last_header
                0x0000dcd4       0x36 build/z1/obj/uipbuf.o
                0x0000dcd4                uipbuf_get_last_header
 .any.text.uipbuf_search_header
                0x0000dd0a       0x46 build/z1/obj/uipbuf.o
                0x0000dd0a                uipbuf_search_header
 .any.text.uipbuf_get_attr
                0x0000dd50       0x12 build/z1/obj/uipbuf.o
                0x0000dd50                uipbuf_get_attr
 .any.text.uipbuf_set_attr
                0x0000dd62       0x14 build/z1/obj/uipbuf.o
                0x0000dd62                uipbuf_set_attr
 .any.text.uipbuf_clear_attr
                0x0000dd76       0x12 build/z1/obj/uipbuf.o
                0x0000dd76                uipbuf_clear_attr
 .any.text.uipbuf_clear
                0x0000dd88       0x12 build/z1/obj/uipbuf.o
                0x0000dd88                uipbuf_clear
 .any.text.uipbuf_init
                0x0000dd9a       0x1a build/z1/obj/uipbuf.o
                0x0000dd9a                uipbuf_init
 .any.text.uiplib_ipaddr_snprint
                0x0000ddb4      0x114 build/z1/obj/uiplib.o
                0x0000ddb4                uiplib_ipaddr_snprint
 .any.text.watchdog_start
                0x0000dec8       0x14 build/z1/obj/watchdog.o
                0x0000dec8                watchdog_start
 .any.text.watchdog_periodic
                0x0000dedc       0x12 build/z1/obj/watchdog.o
                0x0000dedc                watchdog_periodic
 .any.text.watchdog_stop
                0x0000deee       0x16 build/z1/obj/watchdog.o
                0x0000deee                watchdog_stop
 .any.text.watchdog_init
                0x0000df04       0x12 build/z1/obj/watchdog.o
                0x0000df04                watchdog_init
 .any.text.wait_ready
                0x0000df16       0x46 build/z1/obj/xmem.o
 .any.text.xmem_init
                0x0000df5c       0x1e build/z1/obj/xmem.o
                0x0000df5c                xmem_init
 .any.text.xmem_pread
                0x0000df7a       0x88 build/z1/obj/xmem.o
                0x0000df7a                xmem_pread
 .any.text      0x0000e002      0x1fe /usr/local/msp430/bin/../lib/gcc/msp430/4.7.2/mcpu-430x/mmpy-16/msr20/mc20/libgcc.a(_mul_sf.o)
                0x0000e002                __mulsf3
 .any.text.printf
                0x0000e200       0x10 /usr/local/msp430/bin/../lib/gcc/msp430/4.7.2/../../../../msp430/lib/mcpu-430x/mmpy-16/msr20/mc20/libc.a(printf.o)
                0x0000e200                printf
 .any.text.srand
                0x0000e210        0xa /usr/local/msp430/bin/../lib/gcc/msp430/4.7.2/../../../../msp430/lib/mcpu-430x/mmpy-16/msr20/mc20/libc.a(rand.o)
                0x0000e210                srand

.rodata         0x0000e21c     0x1c28
                0x0000e21c                . = ALIGN (0x2)
 *(SORT(.rodata) SORT(.rodata.*) SORT(.gnu.linkonce.r.*))
 .rodata.get_value
                0x0000e21c       0x68 build/z1/obj/cc2420.o
 .rodata.set_value
                0x0000e284       0x20 build/z1/obj/cc2420.o
 .rodata.adxl345
                0x0000e2a4        0xe build/z1/obj/adxl345.o
                0x0000e2a4                adxl345
 .rodata.button_sensor
                0x0000e2b2        0xe build/z1/obj/button-sensor.o
                0x0000e2b2                button_sensor
 .rodata.cc2420_driver
                0x0000e2c0       0x38 build/z1/obj/cc2420.o
                0x0000e2c0                cc2420_driver
 .rodata.output_power
                0x0000e2f8       0x10 build/z1/obj/cc2420.o
 .rodata.csma_driver
                0x0000e308       0x1a build/z1/obj/csma.o
                0x0000e308                csma_driver
 .rodata.autostart_processes
                0x0000e322        0x4 build/z1/obj/d-seran.o
                0x0000e322                autostart_processes
 .rodata.framer_802154
                0x0000e326        0xc build/z1/obj/framer-802154.o
                0x0000e326                framer_802154
 .rodata.linkaddr_null
                0x0000e332        0x8 build/z1/obj/linkaddr.o
                0x0000e332                linkaddr_null
 .rodata.rpl_lite_driver
                0x0000e33a       0x52 build/z1/obj/rpl.o
                0x0000e33a                rpl_lite_driver
 .rodata.sicslowpan_driver
                0x0000e38c        0xe build/z1/obj/sicslowpan.o
                0x0000e38c                sicslowpan_driver
 .rodata.tmp102
                0x0000e39a        0xe build/z1/obj/tmp102.o
                0x0000e39a                tmp102
 .rodata        0x0000e3a8        0x8 /usr/local/msp430/bin/../lib/gcc/msp430/4.7.2/mcpu-430x/mmpy-16/msr20/mc20/libgcc.a(_thenan_sf.o)
                0x0000e3a8                __thenan_sf
 .rodata        0x0000e3b0       0x25 build/z1/obj/adxl345.o
 .rodata        0x0000e3d5        0x7 build/z1/obj/button-sensor.o
 .rodata        0x0000e3dc        0xe build/z1/obj/cc2420.o
 .rodata        0x0000e3ea       0xf3 build/z1/obj/contiki-main.o
 .rodata.transmit_from_queue
                0x0000e4dd       0x5a build/z1/obj/csma-output.o
 .rodata.csma_output_packet
                0x0000e537       0x99 build/z1/obj/csma-output.o
 .rodata.max_payload
                0x0000e5d0       0x4b build/z1/obj/csma.o
 .rodata.input_packet
                0x0000e61b       0x6c build/z1/obj/csma.o
 .rodata.init   0x0000e687       0x4a build/z1/obj/csma.o
 .rodata        0x0000e6d1        0xf build/z1/obj/ctimer.o
 .rodata.process_thread_d_seran_process
                0x0000e6e0       0xb5 build/z1/obj/d-seran.o
 .rodata.udp_rx_callback
                0x0000e795        0xd build/z1/obj/d-seran.o
 .rodata        0x0000e7a2       0x21 build/z1/obj/d-seran.o
 .rodata        0x0000e7c3        0xc build/z1/obj/etimer.o
 .rodata.CSWTCH.17
                0x0000e7cf        0x2 build/z1/obj/frame802154.o
 .rodata.parse  0x0000e7d1       0x39 build/z1/obj/framer-802154.o
 .rodata.create_frame
                0x0000e80a       0x1f build/z1/obj/framer-802154.o
 .rodata.log_6addr
                0x0000e829        0x3 build/z1/obj/log.o
 .rodata.log_lladdr
                0x0000e82c       0x14 build/z1/obj/log.o
 .rodata.platform_init_stage_three
                0x0000e840       0x30 build/z1/obj/platform.o
 .rodata.rpl_dag_root_start
                0x0000e870       0x36 build/z1/obj/rpl-dag-root.o
 .rodata.init_dag
                0x0000e8a6       0x55 build/z1/obj/rpl-dag.o
 .rodata.process_dio_init_dag
                0x0000e8fb       0x83 build/z1/obj/rpl-dag.o
 .rodata.rpl_dag_periodic
                0x0000e97e       0x58 build/z1/obj/rpl-dag.o
 .rodata.rpl_local_repair
                0x0000e9d6       0x20 build/z1/obj/rpl-dag.o
 .rodata.rpl_global_repair
                0x0000e9f6       0x42 build/z1/obj/rpl-dag.o
 .rodata.rpl_dag_update_state
                0x0000ea38       0xda build/z1/obj/rpl-dag.o
 .rodata.rpl_process_dio
                0x0000eb12      0x19a build/z1/obj/rpl-dag.o
 .rodata.rpl_process_dis
                0x0000ecac        0xe build/z1/obj/rpl-dag.o
 .rodata.rpl_process_dao
                0x0000ecba       0x23 build/z1/obj/rpl-dag.o
 .rodata.rpl_process_dao_ack
                0x0000ecdd       0x48 build/z1/obj/rpl-dag.o
 .rodata.rpl_dag_init_root
                0x0000ed25        0xa build/z1/obj/rpl-dag.o
 .rodata.update_hbh_header
                0x0000ed2f       0x8d build/z1/obj/rpl-ext-header.o
 .rodata.rpl_ext_header_srh_update
                0x0000edbc       0xa2 build/z1/obj/rpl-ext-header.o
 .rodata.rpl_ext_header_hbh_update
                0x0000ee5e       0x83 build/z1/obj/rpl-ext-header.o
 .rodata.rpl_ext_header_update
                0x0000eee1       0xb3 build/z1/obj/rpl-ext-header.o
 .rodata.dao_ack_input
                0x0000ef94       0x40 build/z1/obj/rpl-icmp6.o
 .rodata.dao_input
                0x0000efd4      0x17f build/z1/obj/rpl-icmp6.o
 .rodata.dio_input
                0x0000f153      0x1c8 build/z1/obj/rpl-icmp6.o
 .rodata.dis_input
                0x0000f31b       0x2b build/z1/obj/rpl-icmp6.o
 .rodata.rpl_icmp6_update_nbr_table
                0x0000f346       0x24 build/z1/obj/rpl-icmp6.o
 .rodata.rpl_icmp6_dio_output
                0x0000f36a       0x3a build/z1/obj/rpl-icmp6.o
 .rodata.rpl_icmp6_dao_output
                0x0000f3a4       0xcf build/z1/obj/rpl-icmp6.o
 .rodata.resend_dao
                0x0000f473        0xc build/z1/obj/rpl-timers.o
 .rodata.rpl_set_prefix_from_addr
                0x0000f47f       0x46 build/z1/obj/rpl.o
 .rodata        0x0000f4c5        0x9 build/z1/obj/rpl.o
 .rodata        0x0000f4ce        0x8 build/z1/obj/sensors.o
 .rodata        0x0000f4d6        0xb build/z1/obj/sicslowpan.o
 .rodata.llprefix
                0x0000f4e1        0x2 build/z1/obj/sicslowpan.o
                0x0000f4e1                llprefix
 .rodata.unc_mxconf
                0x0000f4e3        0x4 build/z1/obj/sicslowpan.o
                0x0000f4e3                unc_mxconf
 .rodata.unc_ctxconf
                0x0000f4e7        0x4 build/z1/obj/sicslowpan.o
                0x0000f4e7                unc_ctxconf
 .rodata.unc_llconf
                0x0000f4eb        0x4 build/z1/obj/sicslowpan.o
                0x0000f4eb                unc_llconf
 .rodata.ttl_values
                0x0000f4ef        0x4 build/z1/obj/sicslowpan.o
 .rodata        0x0000f4f3       0x13 build/z1/obj/simple-udp.o
 .rodata.process_thread_stack_check_process
                0x0000f506       0x32 build/z1/obj/stack-check.o
 .rodata        0x0000f538        0xc build/z1/obj/stack-check.o
 .rodata.tcpip_ipv6_output
                0x0000f544      0x152 build/z1/obj/tcpip.o
 .rodata        0x0000f696        0xd build/z1/obj/tcpip.o
 .rodata        0x0000f6a3        0xe build/z1/obj/tmp102.o
 .rodata.uip_ds6_nbr_update_ll
                0x0000f6b1       0xb5 build/z1/obj/uip-ds6-nbr.o
 .rodata.__func__.3423
                0x0000f766       0x16 build/z1/obj/uip-ds6-nbr.o
 .rodata.uip_ds6_route_add
                0x0000f77c       0xce build/z1/obj/uip-ds6-route.o
 .rodata.uip_ds6_defrt_add
                0x0000f84a       0x3d build/z1/obj/uip-ds6-route.o
 .rodata.uip_icmp6_error_output
                0x0000f887       0x93 build/z1/obj/uip-icmp6.o
 .rodata.uip_icmp6_send
                0x0000f91a       0x23 build/z1/obj/uip-icmp6.o
 .rodata.ns_input
                0x0000f93d       0xae build/z1/obj/uip-nd6.o
 .rodata.uip_sr_update_node
                0x0000f9eb       0x59 build/z1/obj/uip-sr.o
 .rodata.ext_hdr_options_process
                0x0000fa44       0x6c build/z1/obj/uip6.o
 .rodata.uip_remove_ext_hdr
                0x0000fab0       0x26 build/z1/obj/uip6.o
 .rodata.uip_process
                0x0000fad6      0x23d build/z1/obj/uip6.o
 .rodata.uiplib_ipaddr_snprint